Archive member included to satisfy reference by file (symbol)

c:/st/stm32cubeide_1.11.2/stm32cubeide/plugins/com.st.stm32cube.ide.mcu.externaltools.gnu-tools-for-stm32.10.3-2021.10.win32_1.0.200.202301161003/tools/bin/../lib/gcc/arm-none-eabi/10.3.1/../../../../arm-none-eabi/lib/thumb/v6-m/nofp\libc_nano.a(lib_a-errno.o)
                              ./Core/Src/syscalls.o (__errno)
c:/st/stm32cubeide_1.11.2/stm32cubeide/plugins/com.st.stm32cube.ide.mcu.externaltools.gnu-tools-for-stm32.10.3-2021.10.win32_1.0.200.202301161003/tools/bin/../lib/gcc/arm-none-eabi/10.3.1/../../../../arm-none-eabi/lib/thumb/v6-m/nofp\libc_nano.a(lib_a-exit.o)
                              c:/st/stm32cubeide_1.11.2/stm32cubeide/plugins/com.st.stm32cube.ide.mcu.externaltools.gnu-tools-for-stm32.10.3-2021.10.win32_1.0.200.202301161003/tools/bin/../lib/gcc/arm-none-eabi/10.3.1/../../../../arm-none-eabi/lib/thumb/v6-m/nofp/crt0.o (exit)
c:/st/stm32cubeide_1.11.2/stm32cubeide/plugins/com.st.stm32cube.ide.mcu.externaltools.gnu-tools-for-stm32.10.3-2021.10.win32_1.0.200.202301161003/tools/bin/../lib/gcc/arm-none-eabi/10.3.1/../../../../arm-none-eabi/lib/thumb/v6-m/nofp\libc_nano.a(lib_a-impure.o)
                              c:/st/stm32cubeide_1.11.2/stm32cubeide/plugins/com.st.stm32cube.ide.mcu.externaltools.gnu-tools-for-stm32.10.3-2021.10.win32_1.0.200.202301161003/tools/bin/../lib/gcc/arm-none-eabi/10.3.1/../../../../arm-none-eabi/lib/thumb/v6-m/nofp\libc_nano.a(lib_a-exit.o) (_global_impure_ptr)
c:/st/stm32cubeide_1.11.2/stm32cubeide/plugins/com.st.stm32cube.ide.mcu.externaltools.gnu-tools-for-stm32.10.3-2021.10.win32_1.0.200.202301161003/tools/bin/../lib/gcc/arm-none-eabi/10.3.1/../../../../arm-none-eabi/lib/thumb/v6-m/nofp\libc_nano.a(lib_a-init.o)
                              c:/st/stm32cubeide_1.11.2/stm32cubeide/plugins/com.st.stm32cube.ide.mcu.externaltools.gnu-tools-for-stm32.10.3-2021.10.win32_1.0.200.202301161003/tools/bin/../lib/gcc/arm-none-eabi/10.3.1/../../../../arm-none-eabi/lib/thumb/v6-m/nofp/crt0.o (__libc_init_array)
c:/st/stm32cubeide_1.11.2/stm32cubeide/plugins/com.st.stm32cube.ide.mcu.externaltools.gnu-tools-for-stm32.10.3-2021.10.win32_1.0.200.202301161003/tools/bin/../lib/gcc/arm-none-eabi/10.3.1/../../../../arm-none-eabi/lib/thumb/v6-m/nofp\libc_nano.a(lib_a-memcmp.o)
                              ./Amscreen/Framework/Drivers/Src/acp_packet.o (memcmp)
c:/st/stm32cubeide_1.11.2/stm32cubeide/plugins/com.st.stm32cube.ide.mcu.externaltools.gnu-tools-for-stm32.10.3-2021.10.win32_1.0.200.202301161003/tools/bin/../lib/gcc/arm-none-eabi/10.3.1/../../../../arm-none-eabi/lib/thumb/v6-m/nofp\libc_nano.a(lib_a-memcpy-stub.o)
                              ./Amscreen/Framework/Drivers/Src/acp_packet.o (memcpy)
c:/st/stm32cubeide_1.11.2/stm32cubeide/plugins/com.st.stm32cube.ide.mcu.externaltools.gnu-tools-for-stm32.10.3-2021.10.win32_1.0.200.202301161003/tools/bin/../lib/gcc/arm-none-eabi/10.3.1/../../../../arm-none-eabi/lib/thumb/v6-m/nofp\libc_nano.a(lib_a-memset.o)
                              c:/st/stm32cubeide_1.11.2/stm32cubeide/plugins/com.st.stm32cube.ide.mcu.externaltools.gnu-tools-for-stm32.10.3-2021.10.win32_1.0.200.202301161003/tools/bin/../lib/gcc/arm-none-eabi/10.3.1/../../../../arm-none-eabi/lib/thumb/v6-m/nofp/crt0.o (memset)
c:/st/stm32cubeide_1.11.2/stm32cubeide/plugins/com.st.stm32cube.ide.mcu.externaltools.gnu-tools-for-stm32.10.3-2021.10.win32_1.0.200.202301161003/tools/bin/../lib/gcc/arm-none-eabi/10.3.1/../../../../arm-none-eabi/lib/thumb/v6-m/nofp\libc_nano.a(lib_a-printf.o)
                              ./Amscreen/Framework/Drivers/Src/debug.o (printf)
c:/st/stm32cubeide_1.11.2/stm32cubeide/plugins/com.st.stm32cube.ide.mcu.externaltools.gnu-tools-for-stm32.10.3-2021.10.win32_1.0.200.202301161003/tools/bin/../lib/gcc/arm-none-eabi/10.3.1/../../../../arm-none-eabi/lib/thumb/v6-m/nofp\libc_nano.a(lib_a-puts.o)
                              ./Amscreen/Framework/Drivers/Src/debug.o (puts)
c:/st/stm32cubeide_1.11.2/stm32cubeide/plugins/com.st.stm32cube.ide.mcu.externaltools.gnu-tools-for-stm32.10.3-2021.10.win32_1.0.200.202301161003/tools/bin/../lib/gcc/arm-none-eabi/10.3.1/../../../../arm-none-eabi/lib/thumb/v6-m/nofp\libc_nano.a(lib_a-snprintf.o)
                              ./Amscreen/Framework/Drivers/Src/debug.o (snprintf)
c:/st/stm32cubeide_1.11.2/stm32cubeide/plugins/com.st.stm32cube.ide.mcu.externaltools.gnu-tools-for-stm32.10.3-2021.10.win32_1.0.200.202301161003/tools/bin/../lib/gcc/arm-none-eabi/10.3.1/../../../../arm-none-eabi/lib/thumb/v6-m/nofp\libc_nano.a(lib_a-strlen.o)
                              ./Amscreen/Framework/Drivers/Src/uart.o (strlen)
c:/st/stm32cubeide_1.11.2/stm32cubeide/plugins/com.st.stm32cube.ide.mcu.externaltools.gnu-tools-for-stm32.10.3-2021.10.win32_1.0.200.202301161003/tools/bin/../lib/gcc/arm-none-eabi/10.3.1/../../../../arm-none-eabi/lib/thumb/v6-m/nofp\libc_nano.a(lib_a-vprintf.o)
                              ./Amscreen/Framework/Drivers/Src/debug.o (vprintf)
[...]
Memory Configuration

Name             Origin             Length             Attributes
RAM              0x00000000200000c0 0x0000000000003f40 xrw
BOOTLOADER       0x0000000008000000 0x0000000000001000 xr
APPLICATION      0x0000000008001000 0x000000000000f800 xr
*default*        0x0000000000000000 0xffffffffffffffff

Linker script and memory map

LOAD c:/st/stm32cubeide_1.11.2/stm32cubeide/plugins/com.st.stm32cube.ide.mcu.externaltools.gnu-tools-for-stm32.10.3-2021.10.win32_1.0.200.202301161003/tools/bin/../lib/gcc/arm-none-eabi/10.3.1/thumb/v6-m/nofp/crti.o
LOAD c:/st/stm32cubeide_1.11.2/stm32cubeide/plugins/com.st.stm32cube.ide.mcu.externaltools.gnu-tools-for-stm32.10.3-2021.10.win32_1.0.200.202301161003/tools/bin/../lib/gcc/arm-none-eabi/10.3.1/thumb/v6-m/nofp/crtbegin.o
LOAD c:/st/stm32cubeide_1.11.2/stm32cubeide/plugins/com.st.stm32cube.ide.mcu.externaltools.gnu-tools-for-stm32.10.3-2021.10.win32_1.0.200.202301161003/tools/bin/../lib/gcc/arm-none-eabi/10.3.1/../../../../arm-none-eabi/lib/thumb/v6-m/nofp/crt0.o
LOAD ./Amscreen/Aplication/Libs/Src/board_info.o
LOAD ./Amscreen/Aplication/Tasks/Src/acp_can_task.o
LOAD ./Amscreen/Aplication/Tasks/Src/app_task.o
LOAD ./Amscreen/Aplication/Tasks/Src/led_task.o
LOAD ./Amscreen/Aplication/Tasks/Src/sensor_task.o
LOAD ./Amscreen/Framework/Drivers/Src/acp_can.o
LOAD ./Amscreen/Framework/Drivers/Src/acp_packet.o
LOAD ./Amscreen/Framework/Drivers/Src/debug.o
LOAD ./Amscreen/Framework/Drivers/Src/internal_flash_driver.o
LOAD ./Amscreen/Framework/Drivers/Src/led.o
LOAD ./Amscreen/Framework/Drivers/Src/mcp23017.o
LOAD ./Amscreen/Framework/Drivers/Src/pca9546a.o
LOAD ./Amscreen/Framework/Drivers/Src/sht4x_driver.o
LOAD ./Amscreen/Framework/Drivers/Src/uart.o
LOAD ./Amscreen/Framework/Libs/Src/acp_commands.o
LOAD ./Amscreen/Framework/Libs/Src/acp_result.o
LOAD ./Amscreen/Framework/Libs/Src/acp_vectors.o
LOAD ./Amscreen/Framework/Libs/Src/circular_buf.o
LOAD ./Amscreen/Framework/Libs/Src/crc32.o
LOAD ./Amscreen/Framework/Libs/Src/crc8.o
LOAD ./Amscreen/Framework/Libs/Src/hdlc.o
LOAD ./Amscreen/Framework/Libs/Src/io_putch.o
LOAD ./Amscreen/Framework/Libs/Src/millis.o
LOAD ./Amscreen/Framework/Task/Src/acp_can_process.o
LOAD ./Amscreen/Framework/Task/Src/acp_notification.o
LOAD ./Core/Src/can.o
LOAD ./Core/Src/gpio.o
LOAD ./Core/Src/i2c.o
LOAD ./Core/Src/iwdg.o
LOAD ./Core/Src/main.o
LOAD ./Core/Src/stm32f0xx_hal_msp.o
LOAD ./Core/Src/stm32f0xx_it.o
LOAD ./Core/Src/syscalls.o
LOAD ./Core/Src/sysmem.o
LOAD ./Core/Src/system_stm32f0xx.o
LOAD ./Core/Src/usart.o
LOAD ./Core/Startup/startup_stm32f072cbtx.o
LOAD ./Drivers/STM32F0xx_HAL_Driver/Src/stm32f0xx_hal.o
LOAD ./Drivers/STM32F0xx_HAL_Driver/Src/stm32f0xx_hal_can.o
LOAD ./Drivers/STM32F0xx_HAL_Driver/Src/stm32f0xx_hal_cortex.o
LOAD ./Drivers/STM32F0xx_HAL_Driver/Src/stm32f0xx_hal_dma.o
LOAD ./Drivers/STM32F0xx_HAL_Driver/Src/stm32f0xx_hal_exti.o
LOAD ./Drivers/STM32F0xx_HAL_Driver/Src/stm32f0xx_hal_flash.o
LOAD ./Drivers/STM32F0xx_HAL_Driver/Src/stm32f0xx_hal_flash_ex.o
LOAD ./Drivers/STM32F0xx_HAL_Driver/Src/stm32f0xx_hal_gpio.o
LOAD ./Drivers/STM32F0xx_HAL_Driver/Src/stm32f0xx_hal_i2c.o
LOAD ./Drivers/STM32F0xx_HAL_Driver/Src/stm32f0xx_hal_i2c_ex.o
LOAD ./Drivers/STM32F0xx_HAL_Driver/Src/stm32f0xx_hal_iwdg.o
LOAD ./Drivers/STM32F0xx_HAL_Driver/Src/stm32f0xx_hal_pwr.o
LOAD ./Drivers/STM32F0xx_HAL_Driver/Src/stm32f0xx_hal_pwr_ex.o
LOAD ./Drivers/STM32F0xx_HAL_Driver/Src/stm32f0xx_hal_rcc.o
LOAD ./Drivers/STM32F0xx_HAL_Driver/Src/stm32f0xx_hal_rcc_ex.o
LOAD ./Drivers/STM32F0xx_HAL_Driver/Src/stm32f0xx_hal_tim.o
LOAD ./Drivers/STM32F0xx_HAL_Driver/Src/stm32f0xx_hal_tim_ex.o
LOAD ./Drivers/STM32F0xx_HAL_Driver/Src/stm32f0xx_hal_uart.o
LOAD ./Drivers/STM32F0xx_HAL_Driver/Src/stm32f0xx_hal_uart_ex.o
START GROUP
LOAD c:/st/stm32cubeide_1.11.2/stm32cubeide/plugins/com.st.stm32cube.ide.mcu.externaltools.gnu-tools-for-stm32.10.3-2021.10.win32_1.0.200.202301161003/tools/bin/../lib/gcc/arm-none-eabi/10.3.1/../../../../arm-none-eabi/lib/thumb/v6-m/nofp\libc_nano.a
LOAD c:/st/stm32cubeide_1.11.2/stm32cubeide/plugins/com.st.stm32cube.ide.mcu.externaltools.gnu-tools-for-stm32.10.3-2021.10.win32_1.0.200.202301161003/tools/bin/../lib/gcc/arm-none-eabi/10.3.1/../../../../arm-none-eabi/lib/thumb/v6-m/nofp\libm.a
END GROUP
START GROUP
LOAD c:/st/stm32cubeide_1.11.2/stm32cubeide/plugins/com.st.stm32cube.ide.mcu.externaltools.gnu-tools-for-stm32.10.3-2021.10.win32_1.0.200.202301161003/tools/bin/../lib/gcc/arm-none-eabi/10.3.1/thumb/v6-m/nofp\libgcc.a
LOAD c:/st/stm32cubeide_1.11.2/stm32cubeide/plugins/com.st.stm32cube.ide.mcu.externaltools.gnu-tools-for-stm32.10.3-2021.10.win32_1.0.200.202301161003/tools/bin/../lib/gcc/arm-none-eabi/10.3.1/../../../../arm-none-eabi/lib/thumb/v6-m/nofp\libc_nano.a
END GROUP
START GROUP
LOAD c:/st/stm32cubeide_1.11.2/stm32cubeide/plugins/com.st.stm32cube.ide.mcu.externaltools.gnu-tools-for-stm32.10.3-2021.10.win32_1.0.200.202301161003/tools/bin/../lib/gcc/arm-none-eabi/10.3.1/thumb/v6-m/nofp\libgcc.a
LOAD c:/st/stm32cubeide_1.11.2/stm32cubeide/plugins/com.st.stm32cube.ide.mcu.externaltools.gnu-tools-for-stm32.10.3-2021.10.win32_1.0.200.202301161003/tools/bin/../lib/gcc/arm-none-eabi/10.3.1/../../../../arm-none-eabi/lib/thumb/v6-m/nofp\libc_nano.a
LOAD c:/st/stm32cubeide_1.11.2/stm32cubeide/plugins/com.st.stm32cube.ide.mcu.externaltools.gnu-tools-for-stm32.10.3-2021.10.win32_1.0.200.202301161003/tools/bin/../lib/gcc/arm-none-eabi/10.3.1/../../../../arm-none-eabi/lib/thumb/v6-m/nofp\libnosys.a
END GROUP
START GROUP
LOAD c:/st/stm32cubeide_1.11.2/stm32cubeide/plugins/com.st.stm32cube.ide.mcu.externaltools.gnu-tools-for-stm32.10.3-2021.10.win32_1.0.200.202301161003/tools/bin/../lib/gcc/arm-none-eabi/10.3.1/thumb/v6-m/nofp\libgcc.a
LOAD c:/st/stm32cubeide_1.11.2/stm32cubeide/plugins/com.st.stm32cube.ide.mcu.externaltools.gnu-tools-for-stm32.10.3-2021.10.win32_1.0.200.202301161003/tools/bin/../lib/gcc/arm-none-eabi/10.3.1/../../../../arm-none-eabi/lib/thumb/v6-m/nofp\libc_nano.a
LOAD c:/st/stm32cubeide_1.11.2/stm32cubeide/plugins/com.st.stm32cube.ide.mcu.externaltools.gnu-tools-for-stm32.10.3-2021.10.win32_1.0.200.202301161003/tools/bin/../lib/gcc/arm-none-eabi/10.3.1/../../../../arm-none-eabi/lib/thumb/v6-m/nofp\libnosys.a
END GROUP
LOAD c:/st/stm32cubeide_1.11.2/stm32cubeide/plugins/com.st.stm32cube.ide.mcu.externaltools.gnu-tools-for-stm32.10.3-2021.10.win32_1.0.200.202301161003/tools/bin/../lib/gcc/arm-none-eabi/10.3.1/thumb/v6-m/nofp/crtend.o
LOAD c:/st/stm32cubeide_1.11.2/stm32cubeide/plugins/com.st.stm32cube.ide.mcu.externaltools.gnu-tools-for-stm32.10.3-2021.10.win32_1.0.200.202301161003/tools/bin/../lib/gcc/arm-none-eabi/10.3.1/thumb/v6-m/nofp/crtn.o
                0x0000000020004000                _estack = (ORIGIN (RAM) + LENGTH (RAM))
                0x0000000000000200                _Min_Heap_Size = 0x200
                0x0000000000000400                _Min_Stack_Size = 0x400
                0x0000000008001000                _application_start_address = 0x8001000

.reset          0x0000000008000000        0x8
                0x0000000008000000                . = ALIGN (0x4)
 *(.vector_table)
 .vector_table  0x0000000008000000        0x8 ./Amscreen/Framework/Libs/Src/acp_vectors.o
                0x0000000008000000                dummy_vector_table
                0x0000000008000008                . = ALIGN (0x4)

.bootfill       0x0000000008000008      0xff8
 FILL mask 0xffffffff
                0x0000000008000fff                . = ((ORIGIN (BOOTLOADER) + LENGTH (BOOTLOADER)) - 0x1)
 *fill*         0x0000000008000008      0xff7 ffffffff
                0x0000000008000fff        0x1 BYTE 0xaa
                0x00000000080107e0                ___ROM_AT = .

.isr_vector     0x0000000008001000       0xc0
                0x0000000008001000                . = ALIGN (0x4)
 *(.isr_vector)
 .isr_vector    0x0000000008001000       0xc0 ./Core/Startup/startup_stm32f072cbtx.o
                0x0000000008001000                g_pfnVectors
                0x00000000080010c0                . = ALIGN (0x4)

.text           0x00000000080010c0     0x4074
                0x00000000080010c0                . = ALIGN (0x4)
 *(.text)
 .text          0x00000000080010c0       0x48 c:/st/stm32cubeide_1.11.2/stm32cubeide/plugins/com.st.stm32cube.ide.mcu.externaltools.gnu-tools-for-stm32.10.3-2021.10.win32_1.0.200.202301161003/tools/bin/../lib/gcc/arm-none-eabi/10.3.1/thumb/v6-m/nofp/crtbegin.o
 .text          0x0000000008001108       0x14 c:/st/stm32cubeide_1.11.2/stm32cubeide/plugins/com.st.stm32cube.ide.mcu.externaltools.gnu-tools-for-stm32.10.3-2021.10.win32_1.0.200.202301161003/tools/bin/../lib/gcc/arm-none-eabi/10.3.1/thumb/v6-m/nofp\libgcc.a(_thumb1_case_shi.o)
                0x0000000008001108                __gnu_thumb1_case_shi
 .text          0x000000000800111c      0x114 c:/st/stm32cubeide_1.11.2/stm32cubeide/plugins/com.st.stm32cube.ide.mcu.externaltools.gnu-tools-for-stm32.10.3-2021.10.win32_1.0.200.202301161003/tools/bin/../lib/gcc/arm-none-eabi/10.3.1/thumb/v6-m/nofp\libgcc.a(_udivsi3.o)
                0x000000000800111c                __aeabi_uidiv
                0x000000000800111c                __udivsi3
                0x0000000008001228                __aeabi_uidivmod
 .text          0x0000000008001230        0x4 c:/st/stm32cubeide_1.11.2/stm32cubeide/plugins/com.st.stm32cube.ide.mcu.externaltools.gnu-tools-for-stm32.10.3-2021.10.win32_1.0.200.202301161003/tools/bin/../lib/gcc/arm-none-eabi/10.3.1/thumb/v6-m/nofp\libgcc.a(_dvmd_tls.o)
                0x0000000008001230                __aeabi_idiv0
                0x0000000008001230                __aeabi_ldiv0
 *(.text*)
 .text.set_acp_can_task_state
                0x0000000008001234       0x18 ./Amscreen/Aplication/Tasks/Src/acp_can_task.o
 .text.acp_can_task_tx_packet_side_a
                0x000000000800124c       0x10 ./Amscreen/Aplication/Tasks/Src/acp_can_task.o
                0x000000000800124c                acp_can_task_tx_packet_side_a
 .text.acp_can_task
                0x000000000800125c       0x78 ./Amscreen/Aplication/Tasks/Src/acp_can_task.o
                0x000000000800125c                acp_can_task
 .text.app_task
                0x00000000080012d4        0xc ./Amscreen/Aplication/Tasks/Src/app_task.o
                0x00000000080012d4                app_task
 .text.led_task_update
                0x00000000080012e0       0x18 ./Amscreen/Aplication/Tasks/Src/led_task.o
 .text.led_task_error_led_off
                0x00000000080012f8       0x10 ./Amscreen/Aplication/Tasks/Src/led_task.o
                0x00000000080012f8                led_task_error_led_off
 .text.led_task_status_led_flash_rate
                0x0000000008001308       0x14 ./Amscreen/Aplication/Tasks/Src/led_task.o
                0x0000000008001308                led_task_status_led_flash_rate
 .text.led_task_intial_led_startup_flash_rate
                0x000000000800131c        0xe ./Amscreen/Aplication/Tasks/Src/led_task.o
                0x000000000800131c                led_task_intial_led_startup_flash_rate
 *fill*         0x000000000800132a        0x2 
 .text.led_task_init
                0x000000000800132c       0x34 ./Amscreen/Aplication/Tasks/Src/led_task.o
 .text.led_task
                0x0000000008001360       0x20 ./Amscreen/Aplication/Tasks/Src/led_task.o
                0x0000000008001360                led_task
 .text.can_handle_to_can_assignment_index
                0x0000000008001380       0x14 ./Amscreen/Framework/Drivers/Src/acp_can.o
 .text.acp_can_init
                0x0000000008001394       0x34 ./Amscreen/Framework/Drivers/Src/acp_can.o
                0x0000000008001394                acp_can_init
 .text.acp_can_set_board_address
                0x00000000080013c8       0x6a ./Amscreen/Framework/Drivers/Src/acp_can.o
                0x00000000080013c8                acp_can_set_board_address
 .text.acp_can_transmit
                0x0000000008001432       0x2c ./Amscreen/Framework/Drivers/Src/acp_can.o
                0x0000000008001432                acp_can_transmit
 .text.acp_can_receive
                0x000000000800145e       0x44 ./Amscreen/Framework/Drivers/Src/acp_can.o
                0x000000000800145e                acp_can_receive
 *fill*         0x00000000080014a2        0x2 
 .text.debug_printf
                0x00000000080014a4       0x3c ./Amscreen/Framework/Drivers/Src/debug.o
                0x00000000080014a4                debug_printf
 .text.flash_busy
                0x00000000080014e0       0x38 ./Amscreen/Framework/Drivers/Src/internal_flash_driver.o
 .text.eop_flag
                0x0000000008001518       0x3c ./Amscreen/Framework/Drivers/Src/internal_flash_driver.o
 .text.is_flash_ready
                0x0000000008001554       0x28 ./Amscreen/Framework/Drivers/Src/internal_flash_driver.o
 .text.flash_driver_init
                0x000000000800157c       0x1e ./Amscreen/Framework/Drivers/Src/internal_flash_driver.o
                0x000000000800157c                flash_driver_init
 .text.flash_driver_erase
                0x000000000800159a       0x3a ./Amscreen/Framework/Drivers/Src/internal_flash_driver.o
                0x000000000800159a                flash_driver_erase
 .text.flash_driver_write_data
                0x00000000080015d4       0x68 ./Amscreen/Framework/Drivers/Src/internal_flash_driver.o
                0x00000000080015d4                flash_driver_write_data
 .text.flash_driver_write_data_option_bytes
                0x000000000800163c       0x80 ./Amscreen/Framework/Drivers/Src/internal_flash_driver.o
                0x000000000800163c                flash_driver_write_data_option_bytes
 .text.flash_driver_read_data
                0x00000000080016bc       0x3e ./Amscreen/Framework/Drivers/Src/internal_flash_driver.o
                0x00000000080016bc                flash_driver_read_data
 .text.led_init
                0x00000000080016fa       0x20 ./Amscreen/Framework/Drivers/Src/led.o
                0x00000000080016fa                led_init
 .text.led_update
                0x000000000800171a       0x4a ./Amscreen/Framework/Drivers/Src/led.o
                0x000000000800171a                led_update
 .text.led_set_flash_rate
                0x0000000008001764       0x14 ./Amscreen/Framework/Drivers/Src/led.o
                0x0000000008001764                led_set_flash_rate
 .text.led_off  0x0000000008001778       0x14 ./Amscreen/Framework/Drivers/Src/led.o
                0x0000000008001778                led_off
 .text.cmd_reset
                0x000000000800178c       0x1c ./Amscreen/Framework/Libs/Src/acp_commands.o
 .text.cmd_set_flash_address
                0x00000000080017a8        0x4 ./Amscreen/Framework/Libs/Src/acp_commands.o
 .text.cmd_echo_data
                0x00000000080017ac        0x4 ./Amscreen/Framework/Libs/Src/acp_commands.o
 .text.cmd_get_uid_upper
                0x00000000080017b0       0x1e ./Amscreen/Framework/Libs/Src/acp_commands.o
 .text.cmd_get_uid_lower
                0x00000000080017ce       0x32 ./Amscreen/Framework/Libs/Src/acp_commands.o
 .text.cmd_get_board_id
                0x0000000008001800       0x1c ./Amscreen/Framework/Libs/Src/acp_commands.o
 .text.cmd_get_fw_version
                0x000000000800181c       0x1c ./Amscreen/Framework/Libs/Src/acp_commands.o
 .text.acp_cmd_error
                0x0000000008001838       0x1c ./Amscreen/Framework/Libs/Src/acp_commands.o
                0x0000000008001838                acp_cmd_error
 .text.cmd_validate_storage
                0x0000000008001854       0xb8 ./Amscreen/Framework/Libs/Src/acp_commands.o
 .text.cmd_write_flash_data
                0x000000000800190c       0xac ./Amscreen/Framework/Libs/Src/acp_commands.o
 .text.cmd_erase_storage
                0x00000000080019b8       0x6c ./Amscreen/Framework/Libs/Src/acp_commands.o
 .text.acp_command_process
                0x0000000008001a24       0xac ./Amscreen/Framework/Libs/Src/acp_commands.o
                0x0000000008001a24                acp_command_process
 .text.vectors_to_ram
                0x0000000008001ad0       0x5c ./Amscreen/Framework/Libs/Src/acp_vectors.o
                0x0000000008001ad0                vectors_to_ram
 .text.crc32    0x0000000008001b2c       0x2c ./Amscreen/Framework/Libs/Src/crc32.o
                0x0000000008001b2c                crc32
 .text.__io_putchar
                0x0000000008001b58       0x1c ./Amscreen/Framework/Libs/Src/io_putch.o
                0x0000000008001b58                __io_putchar
 .text.millis_timeout
                0x0000000008001b74       0x20 ./Amscreen/Framework/Libs/Src/millis.o
                0x0000000008001b74                millis_timeout
 .text.millis   0x0000000008001b94        0x8 ./Amscreen/Framework/Libs/Src/millis.o
                0x0000000008001b94                millis
 .text.acp_notification_packet
                0x0000000008001b9c       0x10 ./Amscreen/Framework/Task/Src/acp_notification.o
                0x0000000008001b9c                acp_notification_packet
 .text.MX_CAN_Init
                0x0000000008001bac       0x48 ./Core/Src/can.o
                0x0000000008001bac                MX_CAN_Init
 .text.HAL_CAN_MspInit
                0x0000000008001bf4       0x6c ./Core/Src/can.o
                0x0000000008001bf4                HAL_CAN_MspInit
 .text.MX_GPIO_Init
                0x0000000008001c60       0x98 ./Core/Src/gpio.o
                0x0000000008001c60                MX_GPIO_Init
 .text.MX_I2C2_Init
                0x0000000008001cf8       0x60 ./Core/Src/i2c.o
                0x0000000008001cf8                MX_I2C2_Init
 .text.HAL_I2C_MspInit
                0x0000000008001d58       0x6c ./Core/Src/i2c.o
                0x0000000008001d58                HAL_I2C_MspInit
 .text.MX_IWDG_Init
                0x0000000008001dc4       0x34 ./Core/Src/iwdg.o
                0x0000000008001dc4                MX_IWDG_Init
 .text.Error_Handler
                0x0000000008001df8        0x4 ./Core/Src/main.o
                0x0000000008001df8                Error_Handler
 .text.SystemClock_Config
                0x0000000008001dfc       0x82 ./Core/Src/main.o
                0x0000000008001dfc                SystemClock_Config
 *fill*         0x0000000008001e7e        0x2 
 .text.main     0x0000000008001e80       0x30 ./Core/Src/main.o
                0x0000000008001e80                main
 .text.HAL_MspInit
                0x0000000008001eb0       0x30 ./Core/Src/stm32f0xx_hal_msp.o
                0x0000000008001eb0                HAL_MspInit
 .text.NMI_Handler
                0x0000000008001ee0        0x2 ./Core/Src/stm32f0xx_it.o
                0x0000000008001ee0                NMI_Handler
 .text.HardFault_Handler
                0x0000000008001ee2        0x2 ./Core/Src/stm32f0xx_it.o
                0x0000000008001ee2                HardFault_Handler
 .text.SVC_Handler
                0x0000000008001ee4        0x2 ./Core/Src/stm32f0xx_it.o
                0x0000000008001ee4                SVC_Handler
 .text.PendSV_Handler
                0x0000000008001ee6        0x2 ./Core/Src/stm32f0xx_it.o
                0x0000000008001ee6                PendSV_Handler
 .text.SysTick_Handler
                0x0000000008001ee8        0x8 ./Core/Src/stm32f0xx_it.o
                0x0000000008001ee8                SysTick_Handler
 .text._read    0x0000000008001ef0       0x1c ./Core/Src/syscalls.o
                0x0000000008001ef0                _read
 .text._write   0x0000000008001f0c       0x1c ./Core/Src/syscalls.o
                0x0000000008001f0c                _write
 .text._close   0x0000000008001f28        0x6 ./Core/Src/syscalls.o
                0x0000000008001f28                _close
 .text._fstat   0x0000000008001f2e        0xa ./Core/Src/syscalls.o
                0x0000000008001f2e                _fstat
 .text._isatty  0x0000000008001f38        0x4 ./Core/Src/syscalls.o
                0x0000000008001f38                _isatty
 .text._lseek   0x0000000008001f3c        0x4 ./Core/Src/syscalls.o
                0x0000000008001f3c                _lseek
 .text._sbrk    0x0000000008001f40       0x48 ./Core/Src/sysmem.o
                0x0000000008001f40                _sbrk
 .text.SystemInit
                0x0000000008001f88        0x2 ./Core/Src/system_stm32f0xx.o
                0x0000000008001f88                SystemInit
 *fill*         0x0000000008001f8a        0x2 
 .text.MX_USART1_UART_Init
                0x0000000008001f8c       0x40 ./Core/Src/usart.o
                0x0000000008001f8c                MX_USART1_UART_Init
 .text.HAL_UART_MspInit
                0x0000000008001fcc       0x68 ./Core/Src/usart.o
                0x0000000008001fcc                HAL_UART_MspInit
 .text.Reset_Handler
                0x0000000008002034       0x54 ./Core/Startup/startup_stm32f072cbtx.o
                0x0000000008002034                Reset_Handler
 .text.Default_Handler
                0x0000000008002088        0x2 ./Core/Startup/startup_stm32f072cbtx.o
                0x0000000008002088                TIM1_CC_IRQHandler
                0x0000000008002088                TSC_IRQHandler
                0x0000000008002088                ADC1_COMP_IRQHandler
                0x0000000008002088                I2C1_IRQHandler
                0x0000000008002088                RCC_CRS_IRQHandler
                0x0000000008002088                SPI1_IRQHandler
                0x0000000008002088                TIM6_DAC_IRQHandler
                0x0000000008002088                USART3_4_IRQHandler
                0x0000000008002088                EXTI2_3_IRQHandler
                0x0000000008002088                I2C2_IRQHandler
                0x0000000008002088                TIM17_IRQHandler
                0x0000000008002088                CEC_CAN_IRQHandler
                0x0000000008002088                RTC_IRQHandler
                0x0000000008002088                PVD_VDDIO2_IRQHandler
                0x0000000008002088                DMA1_Channel4_5_6_7_IRQHandler
                0x0000000008002088                TIM16_IRQHandler
                0x0000000008002088                TIM3_IRQHandler
                0x0000000008002088                EXTI4_15_IRQHandler
                0x0000000008002088                DMA1_Channel1_IRQHandler
                0x0000000008002088                Default_Handler
                0x0000000008002088                TIM14_IRQHandler
                0x0000000008002088                TIM7_IRQHandler
                0x0000000008002088                TIM15_IRQHandler
                0x0000000008002088                EXTI0_1_IRQHandler
                0x0000000008002088                USB_IRQHandler
                0x0000000008002088                SPI2_IRQHandler
                0x0000000008002088                WWDG_IRQHandler
                0x0000000008002088                TIM2_IRQHandler
                0x0000000008002088                DMA1_Channel2_3_IRQHandler
                0x0000000008002088                USART2_IRQHandler
                0x0000000008002088                FLASH_IRQHandler
                0x0000000008002088                USART1_IRQHandler
                0x0000000008002088                TIM1_BRK_UP_TRG_COM_IRQHandler
 *fill*         0x000000000800208a        0x2 
 .text.HAL_InitTick
                0x000000000800208c       0x50 ./Drivers/STM32F0xx_HAL_Driver/Src/stm32f0xx_hal.o
                0x000000000800208c                HAL_InitTick
 .text.HAL_Init
                0x00000000080020dc       0x20 ./Drivers/STM32F0xx_HAL_Driver/Src/stm32f0xx_hal.o
                0x00000000080020dc                HAL_Init
 .text.HAL_IncTick
                0x00000000080020fc       0x18 ./Drivers/STM32F0xx_HAL_Driver/Src/stm32f0xx_hal.o
                0x00000000080020fc                HAL_IncTick
 .text.HAL_GetTick
                0x0000000008002114        0xc ./Drivers/STM32F0xx_HAL_Driver/Src/stm32f0xx_hal.o
                0x0000000008002114                HAL_GetTick
 .text.HAL_GetUIDw0
                0x0000000008002120        0xc ./Drivers/STM32F0xx_HAL_Driver/Src/stm32f0xx_hal.o
                0x0000000008002120                HAL_GetUIDw0
 .text.HAL_GetUIDw1
                0x000000000800212c        0xc ./Drivers/STM32F0xx_HAL_Driver/Src/stm32f0xx_hal.o
                0x000000000800212c                HAL_GetUIDw1
 .text.HAL_GetUIDw2
                0x0000000008002138        0xc ./Drivers/STM32F0xx_HAL_Driver/Src/stm32f0xx_hal.o
                0x0000000008002138                HAL_GetUIDw2
 .text.HAL_CAN_Init
                0x0000000008002144      0x14e ./Drivers/STM32F0xx_HAL_Driver/Src/stm32f0xx_hal_can.o
                0x0000000008002144                HAL_CAN_Init
 .text.HAL_CAN_ConfigFilter
                0x0000000008002292      0x10c ./Drivers/STM32F0xx_HAL_Driver/Src/stm32f0xx_hal_can.o
                0x0000000008002292                HAL_CAN_ConfigFilter
 .text.HAL_CAN_Start
                0x000000000800239e       0x60 ./Drivers/STM32F0xx_HAL_Driver/Src/stm32f0xx_hal_can.o
                0x000000000800239e                HAL_CAN_Start
 .text.HAL_CAN_Stop
                0x00000000080023fe       0x62 ./Drivers/STM32F0xx_HAL_Driver/Src/stm32f0xx_hal_can.o
                0x00000000080023fe                HAL_CAN_Stop
 .text.HAL_CAN_AddTxMessage
                0x0000000008002460       0xf2 ./Drivers/STM32F0xx_HAL_Driver/Src/stm32f0xx_hal_can.o
                0x0000000008002460                HAL_CAN_AddTxMessage
 .text.HAL_CAN_GetRxMessage
                0x0000000008002552      0x15c ./Drivers/STM32F0xx_HAL_Driver/Src/stm32f0xx_hal_can.o
                0x0000000008002552                HAL_CAN_GetRxMessage
 *fill*         0x00000000080026ae        0x2 
 .text.HAL_NVIC_SetPriority
                0x00000000080026b0       0x60 ./Drivers/STM32F0xx_HAL_Driver/Src/stm32f0xx_hal_cortex.o
                0x00000000080026b0                HAL_NVIC_SetPriority
 .text.HAL_SYSTICK_Config
                0x0000000008002710       0x38 ./Drivers/STM32F0xx_HAL_Driver/Src/stm32f0xx_hal_cortex.o
                0x0000000008002710                HAL_SYSTICK_Config
 .text.FLASH_Program_HalfWord
                0x0000000008002748       0x20 ./Drivers/STM32F0xx_HAL_Driver/Src/stm32f0xx_hal_flash.o
 .text.FLASH_SetErrorCode
                0x0000000008002768       0x40 ./Drivers/STM32F0xx_HAL_Driver/Src/stm32f0xx_hal_flash.o
 .text.HAL_FLASH_Unlock
                0x00000000080027a8       0x30 ./Drivers/STM32F0xx_HAL_Driver/Src/stm32f0xx_hal_flash.o
                0x00000000080027a8                HAL_FLASH_Unlock
 .text.HAL_FLASH_Lock
                0x00000000080027d8       0x14 ./Drivers/STM32F0xx_HAL_Driver/Src/stm32f0xx_hal_flash.o
                0x00000000080027d8                HAL_FLASH_Lock
 .text.HAL_FLASH_OB_Unlock
                0x00000000080027ec       0x28 ./Drivers/STM32F0xx_HAL_Driver/Src/stm32f0xx_hal_flash.o
                0x00000000080027ec                HAL_FLASH_OB_Unlock
 .text.HAL_FLASH_OB_Lock
                0x0000000008002814       0x18 ./Drivers/STM32F0xx_HAL_Driver/Src/stm32f0xx_hal_flash.o
                0x0000000008002814                HAL_FLASH_OB_Lock
 .text.HAL_FLASH_GetError
                0x000000000800282c        0xc ./Drivers/STM32F0xx_HAL_Driver/Src/stm32f0xx_hal_flash.o
                0x000000000800282c                HAL_FLASH_GetError
 .text.FLASH_WaitForLastOperation
                0x0000000008002838       0x58 ./Drivers/STM32F0xx_HAL_Driver/Src/stm32f0xx_hal_flash.o
                0x0000000008002838                FLASH_WaitForLastOperation
 .text.HAL_FLASH_Program
                0x0000000008002890       0xa8 ./Drivers/STM32F0xx_HAL_Driver/Src/stm32f0xx_hal_flash.o
                0x0000000008002890                HAL_FLASH_Program
 .text.FLASH_MassErase
                0x0000000008002938       0x24 ./Drivers/STM32F0xx_HAL_Driver/Src/stm32f0xx_hal_flash_ex.o
 .text.FLASH_OB_GetWRP
                0x000000000800295c        0xc ./Drivers/STM32F0xx_HAL_Driver/Src/stm32f0xx_hal_flash_ex.o
 .text.FLASH_OB_GetRDP
                0x0000000008002968       0x20 ./Drivers/STM32F0xx_HAL_Driver/Src/stm32f0xx_hal_flash_ex.o
 .text.FLASH_OB_RDP_LevelConfig
                0x0000000008002988       0x64 ./Drivers/STM32F0xx_HAL_Driver/Src/stm32f0xx_hal_flash_ex.o
 .text.FLASH_OB_UserConfig
                0x00000000080029ec       0x48 ./Drivers/STM32F0xx_HAL_Driver/Src/stm32f0xx_hal_flash_ex.o
 .text.FLASH_OB_ProgramData
                0x0000000008002a34       0x40 ./Drivers/STM32F0xx_HAL_Driver/Src/stm32f0xx_hal_flash_ex.o
 .text.HAL_FLASHEx_OBErase
                0x0000000008002a74       0x50 ./Drivers/STM32F0xx_HAL_Driver/Src/stm32f0xx_hal_flash_ex.o
                0x0000000008002a74                HAL_FLASHEx_OBErase
 .text.FLASH_OB_EnableWRP
                0x0000000008002ac4       0xb8 ./Drivers/STM32F0xx_HAL_Driver/Src/stm32f0xx_hal_flash_ex.o
 .text.FLASH_OB_DisableWRP
                0x0000000008002b7c       0xb8 ./Drivers/STM32F0xx_HAL_Driver/Src/stm32f0xx_hal_flash_ex.o
 .text.HAL_FLASHEx_OBProgram
                0x0000000008002c34       0x94 ./Drivers/STM32F0xx_HAL_Driver/Src/stm32f0xx_hal_flash_ex.o
                0x0000000008002c34                HAL_FLASHEx_OBProgram
 .text.FLASH_PageErase
                0x0000000008002cc8       0x24 ./Drivers/STM32F0xx_HAL_Driver/Src/stm32f0xx_hal_flash_ex.o
                0x0000000008002cc8                FLASH_PageErase
 .text.HAL_FLASHEx_Erase
                0x0000000008002cec       0xa4 ./Drivers/STM32F0xx_HAL_Driver/Src/stm32f0xx_hal_flash_ex.o
                0x0000000008002cec                HAL_FLASHEx_Erase
 .text.HAL_GPIO_Init
                0x0000000008002d90      0x19c ./Drivers/STM32F0xx_HAL_Driver/Src/stm32f0xx_hal_gpio.o
                0x0000000008002d90                HAL_GPIO_Init
 .text.HAL_GPIO_WritePin
                0x0000000008002f2c        0xc ./Drivers/STM32F0xx_HAL_Driver/Src/stm32f0xx_hal_gpio.o
                0x0000000008002f2c                HAL_GPIO_WritePin
 .text.HAL_I2C_Init
                0x0000000008002f38       0xcc ./Drivers/STM32F0xx_HAL_Driver/Src/stm32f0xx_hal_i2c.o
                0x0000000008002f38                HAL_I2C_Init
 .text.HAL_I2CEx_ConfigAnalogFilter
                0x0000000008003004       0x58 ./Drivers/STM32F0xx_HAL_Driver/Src/stm32f0xx_hal_i2c_ex.o
                0x0000000008003004                HAL_I2CEx_ConfigAnalogFilter
 .text.HAL_I2CEx_ConfigDigitalFilter
                0x000000000800305c       0x54 ./Drivers/STM32F0xx_HAL_Driver/Src/stm32f0xx_hal_i2c_ex.o
                0x000000000800305c                HAL_I2CEx_ConfigDigitalFilter
 .text.HAL_IWDG_Init
                0x00000000080030b0       0x68 ./Drivers/STM32F0xx_HAL_Driver/Src/stm32f0xx_hal_iwdg.o
                0x00000000080030b0                HAL_IWDG_Init
 .text.HAL_IWDG_Refresh
                0x0000000008003118       0x10 ./Drivers/STM32F0xx_HAL_Driver/Src/stm32f0xx_hal_iwdg.o
                0x0000000008003118                HAL_IWDG_Refresh
 .text.HAL_RCC_OscConfig
                0x0000000008003128      0x544 ./Drivers/STM32F0xx_HAL_Driver/Src/stm32f0xx_hal_rcc.o
                0x0000000008003128                HAL_RCC_OscConfig
 .text.HAL_RCC_GetSysClockFreq
                0x000000000800366c       0x84 ./Drivers/STM32F0xx_HAL_Driver/Src/stm32f0xx_hal_rcc.o
                0x000000000800366c                HAL_RCC_GetSysClockFreq
 .text.HAL_RCC_ClockConfig
                0x00000000080036f0      0x144 ./Drivers/STM32F0xx_HAL_Driver/Src/stm32f0xx_hal_rcc.o
                0x00000000080036f0                HAL_RCC_ClockConfig
 .text.HAL_RCC_GetHCLKFreq
                0x0000000008003834        0xc ./Drivers/STM32F0xx_HAL_Driver/Src/stm32f0xx_hal_rcc.o
                0x0000000008003834                HAL_RCC_GetHCLKFreq
 .text.HAL_RCC_GetPCLK1Freq
                0x0000000008003840       0x20 ./Drivers/STM32F0xx_HAL_Driver/Src/stm32f0xx_hal_rcc.o
                0x0000000008003840                HAL_RCC_GetPCLK1Freq
 .text.HAL_RCCEx_PeriphCLKConfig
                0x0000000008003860      0x15c ./Drivers/STM32F0xx_HAL_Driver/Src/stm32f0xx_hal_rcc_ex.o
                0x0000000008003860                HAL_RCCEx_PeriphCLKConfig
 .text.UART_EndRxTransfer
                0x00000000080039bc       0x60 ./Drivers/STM32F0xx_HAL_Driver/Src/stm32f0xx_hal_uart.o
 .text.UART_SetConfig
                0x0000000008003a1c      0x1d0 ./Drivers/STM32F0xx_HAL_Driver/Src/stm32f0xx_hal_uart.o
                0x0000000008003a1c                UART_SetConfig
 .text.UART_AdvFeatureConfig
                0x0000000008003bec       0xe0 ./Drivers/STM32F0xx_HAL_Driver/Src/stm32f0xx_hal_uart.o
                0x0000000008003bec                UART_AdvFeatureConfig
 .text.UART_WaitOnFlagUntilTimeout
                0x0000000008003ccc       0x96 ./Drivers/STM32F0xx_HAL_Driver/Src/stm32f0xx_hal_uart.o
                0x0000000008003ccc                UART_WaitOnFlagUntilTimeout
 .text.HAL_UART_Transmit
                0x0000000008003d62       0xf2 ./Drivers/STM32F0xx_HAL_Driver/Src/stm32f0xx_hal_uart.o
                0x0000000008003d62                HAL_UART_Transmit
 .text.UART_CheckIdleState
                0x0000000008003e54       0xd0 ./Drivers/STM32F0xx_HAL_Driver/Src/stm32f0xx_hal_uart.o
                0x0000000008003e54                UART_CheckIdleState
 .text.HAL_RS485Ex_Init
                0x0000000008003f24       0x90 ./Drivers/STM32F0xx_HAL_Driver/Src/stm32f0xx_hal_uart_ex.o
                0x0000000008003f24                HAL_RS485Ex_Init
 .text.__errno  0x0000000008003fb4        0xc c:/st/stm32cubeide_1.11.2/stm32cubeide/plugins/com.st.stm32cube.ide.mcu.externaltools.gnu-tools-for-stm32.10.3-2021.10.win32_1.0.200.202301161003/tools/bin/../lib/gcc/arm-none-eabi/10.3.1/../../../../arm-none-eabi/lib/thumb/v6-m/nofp\libc_nano.a(lib_a-errno.o)
                0x0000000008003fb4                __errno
 .text.__libc_init_array
                0x0000000008003fc0       0x48 c:/st/stm32cubeide_1.11.2/stm32cubeide/plugins/com.st.stm32cube.ide.mcu.externaltools.gnu-tools-for-stm32.10.3-2021.10.win32_1.0.200.202301161003/tools/bin/../lib/gcc/arm-none-eabi/10.3.1/../../../../arm-none-eabi/lib/thumb/v6-m/nofp\libc_nano.a(lib_a-init.o)
                0x0000000008003fc0                __libc_init_array
 .text.memcmp   0x0000000008004008       0x1c c:/st/stm32cubeide_1.11.2/stm32cubeide/plugins/com.st.stm32cube.ide.mcu.externaltools.gnu-tools-for-stm32.10.3-2021.10.win32_1.0.200.202301161003/tools/bin/../lib/gcc/arm-none-eabi/10.3.1/../../../../arm-none-eabi/lib/thumb/v6-m/nofp\libc_nano.a(lib_a-memcmp.o)
                0x0000000008004008                memcmp
 .text.memcpy   0x0000000008004024       0x12 c:/st/stm32cubeide_1.11.2/stm32cubeide/plugins/com.st.stm32cube.ide.mcu.externaltools.gnu-tools-for-stm32.10.3-2021.10.win32_1.0.200.202301161003/tools/bin/../lib/gcc/arm-none-eabi/10.3.1/../../../../arm-none-eabi/lib/thumb/v6-m/nofp\libc_nano.a(lib_a-memcpy-stub.o)
                0x0000000008004024                memcpy
 .text.memset   0x0000000008004036       0x10 c:/st/stm32cubeide_1.11.2/stm32cubeide/plugins/com.st.stm32cube.ide.mcu.externaltools.gnu-tools-for-stm32.10.3-2021.10.win32_1.0.200.202301161003/tools/bin/../lib/gcc/arm-none-eabi/10.3.1/../../../../arm-none-eabi/lib/thumb/v6-m/nofp\libc_nano.a(lib_a-memset.o)
                0x0000000008004036                memset
 *fill*         0x0000000008004046        0x2 
 .text.printf   0x0000000008004048       0x34 c:/st/stm32cubeide_1.11.2/stm32cubeide/plugins/com.st.stm32cube.ide.mcu.externaltools.gnu-tools-for-stm32.10.3-2021.10.win32_1.0.200.202301161003/tools/bin/../lib/gcc/arm-none-eabi/10.3.1/../../../../arm-none-eabi/lib/thumb/v6-m/nofp\libc_nano.a(lib_a-printf.o)
                0x0000000008004048                iprintf
                0x0000000008004048                printf
 .text._puts_r  0x000000000800407c       0xe4 c:/st/stm32cubeide_1.11.2/stm32cubeide/plugins/com.st.stm32cube.ide.mcu.externaltools.gnu-tools-for-stm32.10.3-2021.10.win32_1.0.200.202301161003/tools/bin/../lib/gcc/arm-none-eabi/10.3.1/../../../../arm-none-eabi/lib/thumb/v6-m/nofp\libc_nano.a(lib_a-puts.o)
                0x000000000800407c                _puts_r
 .text.puts     0x0000000008004160       0x14 c:/st/stm32cubeide_1.11.2/stm32cubeide/plugins/com.st.stm32cube.ide.mcu.externaltools.gnu-tools-for-stm32.10.3-2021.10.win32_1.0.200.202301161003/tools/bin/../lib/gcc/arm-none-eabi/10.3.1/../../../../arm-none-eabi/lib/thumb/v6-m/nofp\libc_nano.a(lib_a-puts.o)
                0x0000000008004160                puts
 .text.vprintf  0x0000000008004174       0x2c c:/st/stm32cubeide_1.11.2/stm32cubeide/plugins/com.st.stm32cube.ide.mcu.externaltools.gnu-tools-for-stm32.10.3-2021.10.win32_1.0.200.202301161003/tools/bin/../lib/gcc/arm-none-eabi/10.3.1/../../../../arm-none-eabi/lib/thumb/v6-m/nofp\libc_nano.a(lib_a-vprintf.o)
                0x0000000008004174                viprintf
                0x0000000008004174                vprintf
 .text.__swbuf_r
                0x00000000080041a0       0xac c:/st/stm32cubeide_1.11.2/stm32cubeide/plugins/com.st.stm32cube.ide.mcu.externaltools.gnu-tools-for-stm32.10.3-2021.10.win32_1.0.200.202301161003/tools/bin/../lib/gcc/arm-none-eabi/10.3.1/../../../../arm-none-eabi/lib/thumb/v6-m/nofp\libc_nano.a(lib_a-wbuf.o)
                0x00000000080041a0                __swbuf_r
 .text.__swsetup_r
                0x000000000800424c       0xf0 c:/st/stm32cubeide_1.11.2/stm32cubeide/plugins/com.st.stm32cube.ide.mcu.externaltools.gnu-tools-for-stm32.10.3-2021.10.win32_1.0.200.202301161003/tools/bin/../lib/gcc/arm-none-eabi/10.3.1/../../../../arm-none-eabi/lib/thumb/v6-m/nofp\libc_nano.a(lib_a-wsetup.o)
                0x000000000800424c                __swsetup_r
 .text.__sflush_r
                0x000000000800433c      0x118 c:/st/stm32cubeide_1.11.2/stm32cubeide/plugins/com.st.stm32cube.ide.mcu.externaltools.gnu-tools-for-stm32.10.3-2021.10.win32_1.0.200.202301161003/tools/bin/../lib/gcc/arm-none-eabi/10.3.1/../../../../arm-none-eabi/lib/thumb/v6-m/nofp\libc_nano.a(lib_a-fflush.o)
                0x000000000800433c                __sflush_r
 .text._fflush_r
                0x0000000008004454       0x80 c:/st/stm32cubeide_1.11.2/stm32cubeide/plugins/com.st.stm32cube.ide.mcu.externaltools.gnu-tools-for-stm32.10.3-2021.10.win32_1.0.200.202301161003/tools/bin/../lib/gcc/arm-none-eabi/10.3.1/../../../../arm-none-eabi/lib/thumb/v6-m/nofp\libc_nano.a(lib_a-fflush.o)
                0x0000000008004454                _fflush_r
 .text.std      0x00000000080044d4       0x48 c:/st/stm32cubeide_1.11.2/stm32cubeide/plugins/com.st.stm32cube.ide.mcu.externaltools.gnu-tools-for-stm32.10.3-2021.10.win32_1.0.200.202301161003/tools/bin/../lib/gcc/arm-none-eabi/10.3.1/../../../../arm-none-eabi/lib/thumb/v6-m/nofp\libc_nano.a(lib_a-findfp.o)
 .text._cleanup_r
                0x000000000800451c       0x10 c:/st/stm32cubeide_1.11.2/stm32cubeide/plugins/com.st.stm32cube.ide.mcu.externaltools.gnu-tools-for-stm32.10.3-2021.10.win32_1.0.200.202301161003/tools/bin/../lib/gcc/arm-none-eabi/10.3.1/../../../../arm-none-eabi/lib/thumb/v6-m/nofp\libc_nano.a(lib_a-findfp.o)
                0x000000000800451c                _cleanup_r
 .text.__sfmoreglue
                0x000000000800452c       0x2c c:/st/stm32cubeide_1.11.2/stm32cubeide/plugins/com.st.stm32cube.ide.mcu.externaltools.gnu-tools-for-stm32.10.3-2021.10.win32_1.0.200.202301161003/tools/bin/../lib/gcc/arm-none-eabi/10.3.1/../../../../arm-none-eabi/lib/thumb/v6-m/nofp\libc_nano.a(lib_a-findfp.o)
                0x000000000800452c                __sfmoreglue
 .text.__sfp_lock_acquire
                0x0000000008004558       0x10 c:/st/stm32cubeide_1.11.2/stm32cubeide/plugins/com.st.stm32cube.ide.mcu.externaltools.gnu-tools-for-stm32.10.3-2021.10.win32_1.0.200.202301161003/tools/bin/../lib/gcc/arm-none-eabi/10.3.1/../../../../arm-none-eabi/lib/thumb/v6-m/nofp\libc_nano.a(lib_a-findfp.o)
                0x0000000008004558                __sfp_lock_acquire
 .text.__sfp_lock_release
                0x0000000008004568       0x10 c:/st/stm32cubeide_1.11.2/stm32cubeide/plugins/com.st.stm32cube.ide.mcu.externaltools.gnu-tools-for-stm32.10.3-2021.10.win32_1.0.200.202301161003/tools/bin/../lib/gcc/arm-none-eabi/10.3.1/../../../../arm-none-eabi/lib/thumb/v6-m/nofp\libc_nano.a(lib_a-findfp.o)
                0x0000000008004568                __sfp_lock_release
 .text.__sinit_lock_acquire
                0x0000000008004578       0x10 c:/st/stm32cubeide_1.11.2/stm32cubeide/plugins/com.st.stm32cube.ide.mcu.externaltools.gnu-tools-for-stm32.10.3-2021.10.win32_1.0.200.202301161003/tools/bin/../lib/gcc/arm-none-eabi/10.3.1/../../../../arm-none-eabi/lib/thumb/v6-m/nofp\libc_nano.a(lib_a-findfp.o)
                0x0000000008004578                __sinit_lock_acquire
 .text.__sinit_lock_release
                0x0000000008004588       0x10 c:/st/stm32cubeide_1.11.2/stm32cubeide/plugins/com.st.stm32cube.ide.mcu.externaltools.gnu-tools-for-stm32.10.3-2021.10.win32_1.0.200.202301161003/tools/bin/../lib/gcc/arm-none-eabi/10.3.1/../../../../arm-none-eabi/lib/thumb/v6-m/nofp\libc_nano.a(lib_a-findfp.o)
                0x0000000008004588                __sinit_lock_release
 .text.__sinit  0x0000000008004598       0x70 c:/st/stm32cubeide_1.11.2/stm32cubeide/plugins/com.st.stm32cube.ide.mcu.externaltools.gnu-tools-for-stm32.10.3-2021.10.win32_1.0.200.202301161003/tools/bin/../lib/gcc/arm-none-eabi/10.3.1/../../../../arm-none-eabi/lib/thumb/v6-m/nofp\libc_nano.a(lib_a-findfp.o)
                0x0000000008004598                __sinit
 .text.__sfp    0x0000000008004608       0x90 c:/st/stm32cubeide_1.11.2/stm32cubeide/plugins/com.st.stm32cube.ide.mcu.externaltools.gnu-tools-for-stm32.10.3-2021.10.win32_1.0.200.202301161003/tools/bin/../lib/gcc/arm-none-eabi/10.3.1/../../../../arm-none-eabi/lib/thumb/v6-m/nofp\libc_nano.a(lib_a-findfp.o)
                0x0000000008004608                __sfp
 .text._fwalk_reent
                0x0000000008004698       0x40 c:/st/stm32cubeide_1.11.2/stm32cubeide/plugins/com.st.stm32cube.ide.mcu.externaltools.gnu-tools-for-stm32.10.3-2021.10.win32_1.0.200.202301161003/tools/bin/../lib/gcc/arm-none-eabi/10.3.1/../../../../arm-none-eabi/lib/thumb/v6-m/nofp\libc_nano.a(lib_a-fwalk.o)
                0x0000000008004698                _fwalk_reent
 .text.__retarget_lock_init_recursive
                0x00000000080046d8        0x2 c:/st/stm32cubeide_1.11.2/stm32cubeide/plugins/com.st.stm32cube.ide.mcu.externaltools.gnu-tools-for-stm32.10.3-2021.10.win32_1.0.200.202301161003/tools/bin/../lib/gcc/arm-none-eabi/10.3.1/../../../../arm-none-eabi/lib/thumb/v6-m/nofp\libc_nano.a(lib_a-lock.o)
                0x00000000080046d8                __retarget_lock_init_recursive
 .text.__retarget_lock_acquire_recursive
                0x00000000080046da        0x2 c:/st/stm32cubeide_1.11.2/stm32cubeide/plugins/com.st.stm32cube.ide.mcu.externaltools.gnu-tools-for-stm32.10.3-2021.10.win32_1.0.200.202301161003/tools/bin/../lib/gcc/arm-none-eabi/10.3.1/../../../../arm-none-eabi/lib/thumb/v6-m/nofp\libc_nano.a(lib_a-lock.o)
                0x00000000080046da                __retarget_lock_acquire_recursive
 .text.__retarget_lock_release_recursive
                0x00000000080046dc        0x2 c:/st/stm32cubeide_1.11.2/stm32cubeide/plugins/com.st.stm32cube.ide.mcu.externaltools.gnu-tools-for-stm32.10.3-2021.10.win32_1.0.200.202301161003/tools/bin/../lib/gcc/arm-none-eabi/10.3.1/../../../../arm-none-eabi/lib/thumb/v6-m/nofp\libc_nano.a(lib_a-lock.o)
                0x00000000080046dc                __retarget_lock_release_recursive
 *fill*         0x00000000080046de        0x2 
 .text.__swhatbuf_r
                0x00000000080046e0       0x50 c:/st/stm32cubeide_1.11.2/stm32cubeide/plugins/com.st.stm32cube.ide.mcu.externaltools.gnu-tools-for-stm32.10.3-2021.10.win32_1.0.200.202301161003/tools/bin/../lib/gcc/arm-none-eabi/10.3.1/../../../../arm-none-eabi/lib/thumb/v6-m/nofp\libc_nano.a(lib_a-makebuf.o)
                0x00000000080046e0                __swhatbuf_r
 .text.__smakebuf_r
                0x0000000008004730       0x88 c:/st/stm32cubeide_1.11.2/stm32cubeide/plugins/com.st.stm32cube.ide.mcu.externaltools.gnu-tools-for-stm32.10.3-2021.10.win32_1.0.200.202301161003/tools/bin/../lib/gcc/arm-none-eabi/10.3.1/../../../../arm-none-eabi/lib/thumb/v6-m/nofp\libc_nano.a(lib_a-makebuf.o)
                0x0000000008004730                __smakebuf_r
 .text._free_r  0x00000000080047b8       0x94 c:/st/stm32cubeide_1.11.2/stm32cubeide/plugins/com.st.stm32cube.ide.mcu.externaltools.gnu-tools-for-stm32.10.3-2021.10.win32_1.0.200.202301161003/tools/bin/../lib/gcc/arm-none-eabi/10.3.1/../../../../arm-none-eabi/lib/thumb/v6-m/nofp\libc_nano.a(lib_a-nano-freer.o)
                0x00000000080047b8                _free_r
 .text.sbrk_aligned
                0x000000000800484c       0x44 c:/st/stm32cubeide_1.11.2/stm32cubeide/plugins/com.st.stm32cube.ide.mcu.externaltools.gnu-tools-for-stm32.10.3-2021.10.win32_1.0.200.202301161003/tools/bin/../lib/gcc/arm-none-eabi/10.3.1/../../../../arm-none-eabi/lib/thumb/v6-m/nofp\libc_nano.a(lib_a-nano-mallocr.o)
 .text._malloc_r
                0x0000000008004890       0xec c:/st/stm32cubeide_1.11.2/stm32cubeide/plugins/com.st.stm32cube.ide.mcu.externaltools.gnu-tools-for-stm32.10.3-2021.10.win32_1.0.200.202301161003/tools/bin/../lib/gcc/arm-none-eabi/10.3.1/../../../../arm-none-eabi/lib/thumb/v6-m/nofp\libc_nano.a(lib_a-nano-mallocr.o)
                0x0000000008004890                _malloc_r
 .text.__sfputc_r
                0x000000000800497c       0x2a c:/st/stm32cubeide_1.11.2/stm32cubeide/plugins/com.st.stm32cube.ide.mcu.externaltools.gnu-tools-for-stm32.10.3-2021.10.win32_1.0.200.202301161003/tools/bin/../lib/gcc/arm-none-eabi/10.3.1/../../../../arm-none-eabi/lib/thumb/v6-m/nofp\libc_nano.a(lib_a-nano-vfprintf.o)
 .text.__sfputs_r
                0x00000000080049a6       0x24 c:/st/stm32cubeide_1.11.2/stm32cubeide/plugins/com.st.stm32cube.ide.mcu.externaltools.gnu-tools-for-stm32.10.3-2021.10.win32_1.0.200.202301161003/tools/bin/../lib/gcc/arm-none-eabi/10.3.1/../../../../arm-none-eabi/lib/thumb/v6-m/nofp\libc_nano.a(lib_a-nano-vfprintf.o)
                0x00000000080049a6                __sfputs_r
 *fill*         0x00000000080049ca        0x2 
 .text._vfprintf_r
                0x00000000080049cc      0x274 c:/st/stm32cubeide_1.11.2/stm32cubeide/plugins/com.st.stm32cube.ide.mcu.externaltools.gnu-tools-for-stm32.10.3-2021.10.win32_1.0.200.202301161003/tools/bin/../lib/gcc/arm-none-eabi/10.3.1/../../../../arm-none-eabi/lib/thumb/v6-m/nofp\libc_nano.a(lib_a-nano-vfprintf.o)
                0x00000000080049cc                _vfprintf_r
                0x00000000080049cc                _vfiprintf_r
 .text._printf_common
                0x0000000008004c40       0xde c:/st/stm32cubeide_1.11.2/stm32cubeide/plugins/com.st.stm32cube.ide.mcu.externaltools.gnu-tools-for-stm32.10.3-2021.10.win32_1.0.200.202301161003/tools/bin/../lib/gcc/arm-none-eabi/10.3.1/../../../../arm-none-eabi/lib/thumb/v6-m/nofp\libc_nano.a(lib_a-nano-vfprintf_i.o)
                0x0000000008004c40                _printf_common
 *fill*         0x0000000008004d1e        0x2 
 .text._printf_i
                0x0000000008004d20      0x224 c:/st/stm32cubeide_1.11.2/stm32cubeide/plugins/com.st.stm32cube.ide.mcu.externaltools.gnu-tools-for-stm32.10.3-2021.10.win32_1.0.200.202301161003/tools/bin/../lib/gcc/arm-none-eabi/10.3.1/../../../../arm-none-eabi/lib/thumb/v6-m/nofp\libc_nano.a(lib_a-nano-vfprintf_i.o)
                0x0000000008004d20                _printf_i
 .text._sbrk_r  0x0000000008004f44       0x24 c:/st/stm32cubeide_1.11.2/stm32cubeide/plugins/com.st.stm32cube.ide.mcu.externaltools.gnu-tools-for-stm32.10.3-2021.10.win32_1.0.200.202301161003/tools/bin/../lib/gcc/arm-none-eabi/10.3.1/../../../../arm-none-eabi/lib/thumb/v6-m/nofp\libc_nano.a(lib_a-sbrkr.o)
                0x0000000008004f44                _sbrk_r
 .text.__sread  0x0000000008004f68       0x28 c:/st/stm32cubeide_1.11.2/stm32cubeide/plugins/com.st.stm32cube.ide.mcu.externaltools.gnu-tools-for-stm32.10.3-2021.10.win32_1.0.200.202301161003/tools/bin/../lib/gcc/arm-none-eabi/10.3.1/../../../../arm-none-eabi/lib/thumb/v6-m/nofp\libc_nano.a(lib_a-stdio.o)
                0x0000000008004f68                __sread
 .text.__swrite
                0x0000000008004f90       0x38 c:/st/stm32cubeide_1.11.2/stm32cubeide/plugins/com.st.stm32cube.ide.mcu.externaltools.gnu-tools-for-stm32.10.3-2021.10.win32_1.0.200.202301161003/tools/bin/../lib/gcc/arm-none-eabi/10.3.1/../../../../arm-none-eabi/lib/thumb/v6-m/nofp\libc_nano.a(lib_a-stdio.o)
                0x0000000008004f90                __swrite
 .text.__sseek  0x0000000008004fc8       0x2c c:/st/stm32cubeide_1.11.2/stm32cubeide/plugins/com.st.stm32cube.ide.mcu.externaltools.gnu-tools-for-stm32.10.3-2021.10.win32_1.0.200.202301161003/tools/bin/../lib/gcc/arm-none-eabi/10.3.1/../../../../arm-none-eabi/lib/thumb/v6-m/nofp\libc_nano.a(lib_a-stdio.o)
                0x0000000008004fc8                __sseek
 .text.__sclose
                0x0000000008004ff4        0xc c:/st/stm32cubeide_1.11.2/stm32cubeide/plugins/com.st.stm32cube.ide.mcu.externaltools.gnu-tools-for-stm32.10.3-2021.10.win32_1.0.200.202301161003/tools/bin/../lib/gcc/arm-none-eabi/10.3.1/../../../../arm-none-eabi/lib/thumb/v6-m/nofp\libc_nano.a(lib_a-stdio.o)
                0x0000000008004ff4                __sclose
 .text._write_r
                0x0000000008005000       0x28 c:/st/stm32cubeide_1.11.2/stm32cubeide/plugins/com.st.stm32cube.ide.mcu.externaltools.gnu-tools-for-stm32.10.3-2021.10.win32_1.0.200.202301161003/tools/bin/../lib/gcc/arm-none-eabi/10.3.1/../../../../arm-none-eabi/lib/thumb/v6-m/nofp\libc_nano.a(lib_a-writer.o)
                0x0000000008005000                _write_r
 .text._close_r
                0x0000000008005028       0x24 c:/st/stm32cubeide_1.11.2/stm32cubeide/plugins/com.st.stm32cube.ide.mcu.externaltools.gnu-tools-for-stm32.10.3-2021.10.win32_1.0.200.202301161003/tools/bin/../lib/gcc/arm-none-eabi/10.3.1/../../../../arm-none-eabi/lib/thumb/v6-m/nofp\libc_nano.a(lib_a-closer.o)
                0x0000000008005028                _close_r
 .text._fstat_r
                0x000000000800504c       0x24 c:/st/stm32cubeide_1.11.2/stm32cubeide/plugins/com.st.stm32cube.ide.mcu.externaltools.gnu-tools-for-stm32.10.3-2021.10.win32_1.0.200.202301161003/tools/bin/../lib/gcc/arm-none-eabi/10.3.1/../../../../arm-none-eabi/lib/thumb/v6-m/nofp\libc_nano.a(lib_a-fstatr.o)
                0x000000000800504c                _fstat_r
 .text._isatty_r
                0x0000000008005070       0x24 c:/st/stm32cubeide_1.11.2/stm32cubeide/plugins/com.st.stm32cube.ide.mcu.externaltools.gnu-tools-for-stm32.10.3-2021.10.win32_1.0.200.202301161003/tools/bin/../lib/gcc/arm-none-eabi/10.3.1/../../../../arm-none-eabi/lib/thumb/v6-m/nofp\libc_nano.a(lib_a-isattyr.o)
                0x0000000008005070                _isatty_r
 .text._lseek_r
                0x0000000008005094       0x28 c:/st/stm32cubeide_1.11.2/stm32cubeide/plugins/com.st.stm32cube.ide.mcu.externaltools.gnu-tools-for-stm32.10.3-2021.10.win32_1.0.200.202301161003/tools/bin/../lib/gcc/arm-none-eabi/10.3.1/../../../../arm-none-eabi/lib/thumb/v6-m/nofp\libc_nano.a(lib_a-lseekr.o)
                0x0000000008005094                _lseek_r
 .text.memchr   0x00000000080050bc       0x16 c:/st/stm32cubeide_1.11.2/stm32cubeide/plugins/com.st.stm32cube.ide.mcu.externaltools.gnu-tools-for-stm32.10.3-2021.10.win32_1.0.200.202301161003/tools/bin/../lib/gcc/arm-none-eabi/10.3.1/../../../../arm-none-eabi/lib/thumb/v6-m/nofp\libc_nano.a(lib_a-memchr-stub.o)
                0x00000000080050bc                memchr
 *fill*         0x00000000080050d2        0x2 
 .text.__malloc_lock
                0x00000000080050d4       0x10 c:/st/stm32cubeide_1.11.2/stm32cubeide/plugins/com.st.stm32cube.ide.mcu.externaltools.gnu-tools-for-stm32.10.3-2021.10.win32_1.0.200.202301161003/tools/bin/../lib/gcc/arm-none-eabi/10.3.1/../../../../arm-none-eabi/lib/thumb/v6-m/nofp\libc_nano.a(lib_a-mlock.o)
                0x00000000080050d4                __malloc_lock
 .text.__malloc_unlock
                0x00000000080050e4       0x10 c:/st/stm32cubeide_1.11.2/stm32cubeide/plugins/com.st.stm32cube.ide.mcu.externaltools.gnu-tools-for-stm32.10.3-2021.10.win32_1.0.200.202301161003/tools/bin/../lib/gcc/arm-none-eabi/10.3.1/../../../../arm-none-eabi/lib/thumb/v6-m/nofp\libc_nano.a(lib_a-mlock.o)
                0x00000000080050e4                __malloc_unlock
 .text._read_r  0x00000000080050f4       0x28 c:/st/stm32cubeide_1.11.2/stm32cubeide/plugins/com.st.stm32cube.ide.mcu.externaltools.gnu-tools-for-stm32.10.3-2021.10.win32_1.0.200.202301161003/tools/bin/../lib/gcc/arm-none-eabi/10.3.1/../../../../arm-none-eabi/lib/thumb/v6-m/nofp\libc_nano.a(lib_a-readr.o)
                0x00000000080050f4                _read_r
 *(.glue_7)
 .glue_7        0x000000000800511c        0x0 linker stubs
 *(.glue_7t)
 .glue_7t       0x000000000800511c        0x0 linker stubs
 *(.eh_frame)
 .eh_frame      0x000000000800511c        0x0 c:/st/stm32cubeide_1.11.2/stm32cubeide/plugins/com.st.stm32cube.ide.mcu.externaltools.gnu-tools-for-stm32.10.3-2021.10.win32_1.0.200.202301161003/tools/bin/../lib/gcc/arm-none-eabi/10.3.1/thumb/v6-m/nofp/crtbegin.o
 *(.init)
 .init          0x000000000800511c        0x4 c:/st/stm32cubeide_1.11.2/stm32cubeide/plugins/com.st.stm32cube.ide.mcu.externaltools.gnu-tools-for-stm32.10.3-2021.10.win32_1.0.200.202301161003/tools/bin/../lib/gcc/arm-none-eabi/10.3.1/thumb/v6-m/nofp/crti.o
                0x000000000800511c                _init
 .init          0x0000000008005120        0x8 c:/st/stm32cubeide_1.11.2/stm32cubeide/plugins/com.st.stm32cube.ide.mcu.externaltools.gnu-tools-for-stm32.10.3-2021.10.win32_1.0.200.202301161003/tools/bin/../lib/gcc/arm-none-eabi/10.3.1/thumb/v6-m/nofp/crtn.o
 *(.fini)
 .fini          0x0000000008005128        0x4 c:/st/stm32cubeide_1.11.2/stm32cubeide/plugins/com.st.stm32cube.ide.mcu.externaltools.gnu-tools-for-stm32.10.3-2021.10.win32_1.0.200.202301161003/tools/bin/../lib/gcc/arm-none-eabi/10.3.1/thumb/v6-m/nofp/crti.o
                0x0000000008005128                _fini
 .fini          0x000000000800512c        0x8 c:/st/stm32cubeide_1.11.2/stm32cubeide/plugins/com.st.stm32cube.ide.mcu.externaltools.gnu-tools-for-stm32.10.3-2021.10.win32_1.0.200.202301161003/tools/bin/../lib/gcc/arm-none-eabi/10.3.1/thumb/v6-m/nofp/crtn.o
                0x0000000008005134                . = ALIGN (0x4)
                0x0000000008005134                _etext = .

.vfp11_veneer   0x0000000008005134        0x0
 .vfp11_veneer  0x0000000008005134        0x0 linker stubs

.v4_bx          0x0000000008005134        0x0
 .v4_bx         0x0000000008005134        0x0 linker stubs

.iplt           0x0000000008005134        0x0
 .iplt          0x0000000008005134        0x0 c:/st/stm32cubeide_1.11.2/stm32cubeide/plugins/com.st.stm32cube.ide.mcu.externaltools.gnu-tools-for-stm32.10.3-2021.10.win32_1.0.200.202301161003/tools/bin/../lib/gcc/arm-none-eabi/10.3.1/thumb/v6-m/nofp/crtbegin.o

.rodata         0x0000000008005134      0x67c
                0x0000000008005134                . = ALIGN (0x4)
 *(.rodata)
 .rodata        0x0000000008005134       0x10 ./Amscreen/Framework/Libs/Src/acp_commands.o
 *(.rodata*)
 .rodata.acp_can_task.str1.4
                0x0000000008005144        0x8 ./Amscreen/Aplication/Tasks/Src/acp_can_task.o
 .rodata.debug_printf.str1.4
                0x000000000800514c        0xa ./Amscreen/Framework/Drivers/Src/debug.o
 *fill*         0x0000000008005156        0x2 
 .rodata.cmd_validate_storage.str1.4
                0x0000000008005158       0x7c ./Amscreen/Framework/Libs/Src/acp_commands.o
 .rodata.cmd_write_flash_data.str1.4
                0x00000000080051d4       0x74 ./Amscreen/Framework/Libs/Src/acp_commands.o
 .rodata.cmd_erase_storage.str1.4
                0x0000000008005248       0x3e ./Amscreen/Framework/Libs/Src/acp_commands.o
 *fill*         0x0000000008005286        0x2 
 .rodata.acp_framework_cmd_table
                0x0000000008005288       0x58 ./Amscreen/Framework/Libs/Src/acp_commands.o
                0x0000000008005288                acp_framework_cmd_table
 .rodata.crc32_table
                0x00000000080052e0      0x400 ./Amscreen/Framework/Libs/Src/crc32.o
                0x00000000080052e0                crc32_table
 .rodata.AHBPrescTable
                0x00000000080056e0       0x10 ./Core/Src/system_stm32f0xx.o
                0x00000000080056e0                AHBPrescTable
 .rodata.APBPrescTable
                0x00000000080056f0        0x8 ./Core/Src/system_stm32f0xx.o
                0x00000000080056f0                APBPrescTable
 .rodata.aPLLMULFactorTable.1
                0x00000000080056f8       0x10 ./Drivers/STM32F0xx_HAL_Driver/Src/stm32f0xx_hal_rcc.o
 .rodata.aPredivFactorTable.0
                0x0000000008005708       0x10 ./Drivers/STM32F0xx_HAL_Driver/Src/stm32f0xx_hal_rcc.o
 .rodata._global_impure_ptr
                0x0000000008005718        0x4 c:/st/stm32cubeide_1.11.2/stm32cubeide/plugins/com.st.stm32cube.ide.mcu.externaltools.gnu-tools-for-stm32.10.3-2021.10.win32_1.0.200.202301161003/tools/bin/../lib/gcc/arm-none-eabi/10.3.1/../../../../arm-none-eabi/lib/thumb/v6-m/nofp\libc_nano.a(lib_a-impure.o)
                0x0000000008005718                _global_impure_ptr
 .rodata.__sf_fake_stderr
                0x000000000800571c       0x20 c:/st/stm32cubeide_1.11.2/stm32cubeide/plugins/com.st.stm32cube.ide.mcu.externaltools.gnu-tools-for-stm32.10.3-2021.10.win32_1.0.200.202301161003/tools/bin/../lib/gcc/arm-none-eabi/10.3.1/../../../../arm-none-eabi/lib/thumb/v6-m/nofp\libc_nano.a(lib_a-findfp.o)
                0x000000000800571c                __sf_fake_stderr
 .rodata.__sf_fake_stdin
                0x000000000800573c       0x20 c:/st/stm32cubeide_1.11.2/stm32cubeide/plugins/com.st.stm32cube.ide.mcu.externaltools.gnu-tools-for-stm32.10.3-2021.10.win32_1.0.200.202301161003/tools/bin/../lib/gcc/arm-none-eabi/10.3.1/../../../../arm-none-eabi/lib/thumb/v6-m/nofp\libc_nano.a(lib_a-findfp.o)
                0x000000000800573c                __sf_fake_stdin
 .rodata.__sf_fake_stdout
                0x000000000800575c       0x20 c:/st/stm32cubeide_1.11.2/stm32cubeide/plugins/com.st.stm32cube.ide.mcu.externaltools.gnu-tools-for-stm32.10.3-2021.10.win32_1.0.200.202301161003/tools/bin/../lib/gcc/arm-none-eabi/10.3.1/../../../../arm-none-eabi/lib/thumb/v6-m/nofp\libc_nano.a(lib_a-findfp.o)
                0x000000000800575c                __sf_fake_stdout
 .rodata._vfprintf_r.str1.1
                0x000000000800577c       0x11 c:/st/stm32cubeide_1.11.2/stm32cubeide/plugins/com.st.stm32cube.ide.mcu.externaltools.gnu-tools-for-stm32.10.3-2021.10.win32_1.0.200.202301161003/tools/bin/../lib/gcc/arm-none-eabi/10.3.1/../../../../arm-none-eabi/lib/thumb/v6-m/nofp\libc_nano.a(lib_a-nano-vfprintf.o)
 .rodata._printf_i.str1.1
                0x000000000800578d       0x22 c:/st/stm32cubeide_1.11.2/stm32cubeide/plugins/com.st.stm32cube.ide.mcu.externaltools.gnu-tools-for-stm32.10.3-2021.10.win32_1.0.200.202301161003/tools/bin/../lib/gcc/arm-none-eabi/10.3.1/../../../../arm-none-eabi/lib/thumb/v6-m/nofp\libc_nano.a(lib_a-nano-vfprintf_i.o)
                0x00000000080057b0                . = ALIGN (0x4)
 *fill*         0x00000000080057af        0x1 

.ARM.extab      0x00000000080057b0        0x0
                0x00000000080057b0                . = ALIGN (0x4)
 *(.ARM.extab* .gnu.linkonce.armextab.*)
                0x00000000080057b0                . = ALIGN (0x4)

.ARM            0x00000000080057b0        0x0
                0x00000000080057b0                . = ALIGN (0x4)
                0x00000000080057b0                __exidx_start = .
 *(.ARM.exidx*)
                0x00000000080057b0                __exidx_end = .
                0x00000000080057b0                . = ALIGN (0x4)

.preinit_array  0x00000000080057b0        0x0
                0x00000000080057b0                . = ALIGN (0x4)
                0x00000000080057b0                PROVIDE (__preinit_array_start = .)
 *(.preinit_array*)
                0x00000000080057b0                PROVIDE (__preinit_array_end = .)
                0x00000000080057b0                . = ALIGN (0x4)

.init_array     0x00000000080057b0        0x4
                0x00000000080057b0                . = ALIGN (0x4)
                0x00000000080057b0                PROVIDE (__init_array_start = .)
 *(SORT_BY_NAME(.init_array.*))
 *(.init_array*)
 .init_array    0x00000000080057b0        0x4 c:/st/stm32cubeide_1.11.2/stm32cubeide/plugins/com.st.stm32cube.ide.mcu.externaltools.gnu-tools-for-stm32.10.3-2021.10.win32_1.0.200.202301161003/tools/bin/../lib/gcc/arm-none-eabi/10.3.1/thumb/v6-m/nofp/crtbegin.o
                0x00000000080057b4                PROVIDE (__init_array_end = .)
                0x00000000080057b4                . = ALIGN (0x4)

.fini_array     0x00000000080057b4        0x4
                0x00000000080057b4                . = ALIGN (0x4)
                [!provide]                        PROVIDE (__fini_array_start = .)
 *(SORT_BY_NAME(.fini_array.*))
 *(.fini_array*)
 .fini_array    0x00000000080057b4        0x4 c:/st/stm32cubeide_1.11.2/stm32cubeide/plugins/com.st.stm32cube.ide.mcu.externaltools.gnu-tools-for-stm32.10.3-2021.10.win32_1.0.200.202301161003/tools/bin/../lib/gcc/arm-none-eabi/10.3.1/thumb/v6-m/nofp/crtbegin.o
                [!provide]                        PROVIDE (__fini_array_end = .)
                0x00000000080057b8                . = ALIGN (0x4)
                0x00000000080057b8                _sidata = LOADADDR (.data)

.data           0x00000000200000c0       0x74 load address 0x00000000080057b8
                0x00000000200000c0                . = ALIGN (0x4)
                0x00000000200000c0                _sdata = .
 *(.data)
 *(.data*)
 .data.hcan_side_a
                0x00000000200000c0        0x4 ./Amscreen/Aplication/Tasks/Src/acp_can_task.o
                0x00000000200000c0                hcan_side_a
 .data.SystemCoreClock
                0x00000000200000c4        0x4 ./Core/Src/system_stm32f0xx.o
                0x00000000200000c4                SystemCoreClock
 .data.uwTickFreq
                0x00000000200000c8        0x1 ./Drivers/STM32F0xx_HAL_Driver/Src/stm32f0xx_hal.o
                0x00000000200000c8                uwTickFreq
 *fill*         0x00000000200000c9        0x3 
 .data.uwTickPrio
                0x00000000200000cc        0x4 ./Drivers/STM32F0xx_HAL_Driver/Src/stm32f0xx_hal.o
                0x00000000200000cc                uwTickPrio
 .data._impure_ptr
                0x00000000200000d0        0x4 c:/st/stm32cubeide_1.11.2/stm32cubeide/plugins/com.st.stm32cube.ide.mcu.externaltools.gnu-tools-for-stm32.10.3-2021.10.win32_1.0.200.202301161003/tools/bin/../lib/gcc/arm-none-eabi/10.3.1/../../../../arm-none-eabi/lib/thumb/v6-m/nofp\libc_nano.a(lib_a-impure.o)
                0x00000000200000d0                _impure_ptr
 .data.impure_data
                0x00000000200000d4       0x60 c:/st/stm32cubeide_1.11.2/stm32cubeide/plugins/com.st.stm32cube.ide.mcu.externaltools.gnu-tools-for-stm32.10.3-2021.10.win32_1.0.200.202301161003/tools/bin/../lib/gcc/arm-none-eabi/10.3.1/../../../../arm-none-eabi/lib/thumb/v6-m/nofp\libc_nano.a(lib_a-impure.o)
 *(.RamFunc)
 *(.RamFunc*)
                0x0000000020000134                . = ALIGN (0x4)
                0x0000000020000134                _edata = .

.igot.plt       0x0000000020000134        0x0 load address 0x000000000800582c
 .igot.plt      0x0000000020000134        0x0 c:/st/stm32cubeide_1.11.2/stm32cubeide/plugins/com.st.stm32cube.ide.mcu.externaltools.gnu-tools-for-stm32.10.3-2021.10.win32_1.0.200.202301161003/tools/bin/../lib/gcc/arm-none-eabi/10.3.1/thumb/v6-m/nofp/crtbegin.o

.appfill        0x000000000800582c     0xafb4
 FILL mask 0xffffffff
                0x00000000080107df                . = ((ORIGIN (FLASH) + LENGTH (FLASH)) - 0x21)
 *fill*         0x000000000800582c     0xafb3 ffffffff
                0x00000000080107df        0x1 BYTE 0xaa
                0x00000000080107e0                ___ROM_AT = .

.version        0x00000000080107e0       0x20
 *(.version)
 .version       0x00000000080107e0       0x20 ./Amscreen/Aplication/Libs/Src/board_info.o
                0x00000000080107e0                board_info

.rel.dyn        0x0000000008010800        0x0
 .rel.iplt      0x0000000008010800        0x0 c:/st/stm32cubeide_1.11.2/stm32cubeide/plugins/com.st.stm32cube.ide.mcu.externaltools.gnu-tools-for-stm32.10.3-2021.10.win32_1.0.200.202301161003/tools/bin/../lib/gcc/arm-none-eabi/10.3.1/thumb/v6-m/nofp/crtbegin.o
                0x0000000008010800                . = ALIGN (0x4)

.bss            0x0000000020000138      0x268
                0x0000000020000138                _sbss = .
                0x0000000020000138                __bss_start__ = _sbss
 *(.bss)
 .bss           0x0000000020000138       0x1c c:/st/stm32cubeide_1.11.2/stm32cubeide/plugins/com.st.stm32cube.ide.mcu.externaltools.gnu-tools-for-stm32.10.3-2021.10.win32_1.0.200.202301161003/tools/bin/../lib/gcc/arm-none-eabi/10.3.1/thumb/v6-m/nofp/crtbegin.o
 *(.bss*)
 .bss.acp_can_side_a
                0x0000000020000154        0xc ./Amscreen/Aplication/Tasks/Src/acp_can_task.o
 .bss.acp_can_task_state
                0x0000000020000160        0x1 ./Amscreen/Aplication/Tasks/Src/acp_can_task.o
 *fill*         0x0000000020000161        0x3 
 .bss.acp_can_task_timer
                0x0000000020000164        0x4 ./Amscreen/Aplication/Tasks/Src/acp_can_task.o
 .bss.error_led
                0x0000000020000168       0x1c ./Amscreen/Aplication/Tasks/Src/led_task.o
                0x0000000020000168                error_led
 .bss.initialised.0
                0x0000000020000184        0x1 ./Amscreen/Aplication/Tasks/Src/led_task.o
 *fill*         0x0000000020000185        0x3 
 .bss.status_led
                0x0000000020000188       0x1c ./Amscreen/Aplication/Tasks/Src/led_task.o
                0x0000000020000188                status_led
 .bss.can_assignment
                0x00000000200001a4        0x8 ./Amscreen/Framework/Drivers/Src/acp_can.o
 .bss.application_command_table
                0x00000000200001ac        0x4 ./Amscreen/Framework/Libs/Src/acp_commands.o
                0x00000000200001ac                application_command_table
 .bss.internal_flash_device
                0x00000000200001b0       0x18 ./Amscreen/Framework/Libs/Src/acp_commands.o
 .bss.huart2    0x00000000200001c8       0x88 ./Amscreen/Framework/Libs/Src/io_putch.o
                0x00000000200001c8                huart2
 .bss.hcan      0x0000000020000250       0x28 ./Core/Src/can.o
                0x0000000020000250                hcan
 .bss.hi2c2     0x0000000020000278       0x54 ./Core/Src/i2c.o
                0x0000000020000278                hi2c2
 .bss.hiwdg     0x00000000200002cc       0x10 ./Core/Src/iwdg.o
                0x00000000200002cc                hiwdg
 .bss.__sbrk_heap_end
                0x00000000200002dc        0x4 ./Core/Src/sysmem.o
 .bss.huart1    0x00000000200002e0       0x88 ./Core/Src/usart.o
                0x00000000200002e0                huart1
 .bss.uwTick    0x0000000020000368        0x4 ./Drivers/STM32F0xx_HAL_Driver/Src/stm32f0xx_hal.o
                0x0000000020000368                uwTick
 *fill*         0x000000002000036c        0x4 
 .bss.pFlash    0x0000000020000370       0x20 ./Drivers/STM32F0xx_HAL_Driver/Src/stm32f0xx_hal_flash.o
                0x0000000020000370                pFlash
 .bss.__lock___malloc_recursive_mutex
                0x0000000020000390        0x1 c:/st/stm32cubeide_1.11.2/stm32cubeide/plugins/com.st.stm32cube.ide.mcu.externaltools.gnu-tools-for-stm32.10.3-2021.10.win32_1.0.200.202301161003/tools/bin/../lib/gcc/arm-none-eabi/10.3.1/../../../../arm-none-eabi/lib/thumb/v6-m/nofp\libc_nano.a(lib_a-lock.o)
                0x0000000020000390                __lock___malloc_recursive_mutex
 .bss.__lock___sfp_recursive_mutex
                0x0000000020000391        0x1 c:/st/stm32cubeide_1.11.2/stm32cubeide/plugins/com.st.stm32cube.ide.mcu.externaltools.gnu-tools-for-stm32.10.3-2021.10.win32_1.0.200.202301161003/tools/bin/../lib/gcc/arm-none-eabi/10.3.1/../../../../arm-none-eabi/lib/thumb/v6-m/nofp\libc_nano.a(lib_a-lock.o)
                0x0000000020000391                __lock___sfp_recursive_mutex
 .bss.__lock___sinit_recursive_mutex
                0x0000000020000392        0x1 c:/st/stm32cubeide_1.11.2/stm32cubeide/plugins/com.st.stm32cube.ide.mcu.externaltools.gnu-tools-for-stm32.10.3-2021.10.win32_1.0.200.202301161003/tools/bin/../lib/gcc/arm-none-eabi/10.3.1/../../../../arm-none-eabi/lib/thumb/v6-m/nofp\libc_nano.a(lib_a-lock.o)
                0x0000000020000392                __lock___sinit_recursive_mutex
 *fill*         0x0000000020000393        0x1 
 .bss.__malloc_free_list
                0x0000000020000394        0x4 c:/st/stm32cubeide_1.11.2/stm32cubeide/plugins/com.st.stm32cube.ide.mcu.externaltools.gnu-tools-for-stm32.10.3-2021.10.win32_1.0.200.202301161003/tools/bin/../lib/gcc/arm-none-eabi/10.3.1/../../../../arm-none-eabi/lib/thumb/v6-m/nofp\libc_nano.a(lib_a-nano-mallocr.o)
                0x0000000020000394                __malloc_free_list
 .bss.__malloc_sbrk_start
                0x0000000020000398        0x4 c:/st/stm32cubeide_1.11.2/stm32cubeide/plugins/com.st.stm32cube.ide.mcu.externaltools.gnu-tools-for-stm32.10.3-2021.10.win32_1.0.200.202301161003/tools/bin/../lib/gcc/arm-none-eabi/10.3.1/../../../../arm-none-eabi/lib/thumb/v6-m/nofp\libc_nano.a(lib_a-nano-mallocr.o)
                0x0000000020000398                __malloc_sbrk_start
 .bss.errno     0x000000002000039c        0x4 c:/st/stm32cubeide_1.11.2/stm32cubeide/plugins/com.st.stm32cube.ide.mcu.externaltools.gnu-tools-for-stm32.10.3-2021.10.win32_1.0.200.202301161003/tools/bin/../lib/gcc/arm-none-eabi/10.3.1/../../../../arm-none-eabi/lib/thumb/v6-m/nofp\libc_nano.a(lib_a-reent.o)
                0x000000002000039c                errno
 *(COMMON)
                0x00000000200003a0                . = ALIGN (0x4)
                0x00000000200003a0                _ebss = .
                0x00000000200003a0                __bss_end__ = _ebss

._user_heap_stack
                0x00000000200003a0      0x600
                0x00000000200003a0                . = ALIGN (0x8)
                [!provide]                        PROVIDE (end = .)
                0x00000000200003a0                PROVIDE (_end = .)
                0x00000000200005a0                . = (. + _Min_Heap_Size)
 *fill*         0x00000000200003a0      0x200 
                0x00000000200009a0                . = (. + _Min_Stack_Size)
 *fill*         0x00000000200005a0      0x400 
                0x00000000200009a0                . = ALIGN (0x8)

/DISCARD/
 libc.a(*)
 libm.a(*)
 libgcc.a(*)

.ARM.attributes
                0x0000000000000000       0x28
 *(.ARM.attributes)
 .ARM.attributes
                0x0000000000000000       0x1e c:/st/stm32cubeide_1.11.2/stm32cubeide/plugins/com.st.stm32cube.ide.mcu.externaltools.gnu-tools-for-stm32.10.3-2021.10.win32_1.0.200.202301161003/tools/bin/../lib/gcc/arm-none-eabi/10.3.1/thumb/v6-m/nofp/crti.o
 .ARM.attributes
                0x000000000000001e       0x2c c:/st/stm32cubeide_1.11.2/stm32cubeide/plugins/com.st.stm32cube.ide.mcu.externaltools.gnu-tools-for-stm32.10.3-2021.10.win32_1.0.200.202301161003/tools/bin/../lib/gcc/arm-none-eabi/10.3.1/thumb/v6-m/nofp/crtbegin.o
 .ARM.attributes
                0x000000000000004a       0x2c ./Amscreen/Aplication/Libs/Src/board_info.o
 .ARM.attributes
                0x0000000000000076       0x2c ./Amscreen/Aplication/Tasks/Src/acp_can_task.o
 .ARM.attributes
                0x00000000000000a2       0x2c ./Amscreen/Aplication/Tasks/Src/app_task.o
 .ARM.attributes
                0x00000000000000ce       0x2c ./Amscreen/Aplication/Tasks/Src/led_task.o
 .ARM.attributes
                0x00000000000000fa       0x2c ./Amscreen/Framework/Drivers/Src/acp_can.o
 .ARM.attributes
                0x0000000000000126       0x2c ./Amscreen/Framework/Drivers/Src/debug.o
 .ARM.attributes
                0x0000000000000152       0x2c ./Amscreen/Framework/Drivers/Src/internal_flash_driver.o
 .ARM.attributes
                0x000000000000017e       0x2c ./Amscreen/Framework/Drivers/Src/led.o
 .ARM.attributes
                0x00000000000001aa       0x2c ./Amscreen/Framework/Libs/Src/acp_commands.o
 .ARM.attributes
                0x00000000000001d6       0x2c ./Amscreen/Framework/Libs/Src/acp_vectors.o
 .ARM.attributes
                0x0000000000000202       0x2c ./Amscreen/Framework/Libs/Src/crc32.o
 .ARM.attributes
                0x000000000000022e       0x2c ./Amscreen/Framework/Libs/Src/io_putch.o
 .ARM.attributes
                0x000000000000025a       0x2c ./Amscreen/Framework/Libs/Src/millis.o
 .ARM.attributes
                0x0000000000000286       0x2c ./Amscreen/Framework/Task/Src/acp_notification.o
 .ARM.attributes
                0x00000000000002b2       0x2c ./Core/Src/can.o
 .ARM.attributes
                0x00000000000002de       0x2c ./Core/Src/gpio.o
 .ARM.attributes
                0x000000000000030a       0x2c ./Core/Src/i2c.o
 .ARM.attributes
                0x0000000000000336       0x2c ./Core/Src/iwdg.o
 .ARM.attributes
                0x0000000000000362       0x2c ./Core/Src/main.o
 .ARM.attributes
                0x000000000000038e       0x2c ./Core/Src/stm32f0xx_hal_msp.o
 .ARM.attributes
                0x00000000000003ba       0x2c ./Core/Src/stm32f0xx_it.o
 .ARM.attributes
                0x00000000000003e6       0x2c ./Core/Src/syscalls.o
 .ARM.attributes
                0x0000000000000412       0x2c ./Core/Src/sysmem.o
 .ARM.attributes
                0x000000000000043e       0x2c ./Core/Src/system_stm32f0xx.o
 .ARM.attributes
                0x000000000000046a       0x2c ./Core/Src/usart.o
 .ARM.attributes
                0x0000000000000496       0x21 ./Core/Startup/startup_stm32f072cbtx.o
 .ARM.attributes
                0x00000000000004b7       0x2c ./Drivers/STM32F0xx_HAL_Driver/Src/stm32f0xx_hal.o
 .ARM.attributes
                0x00000000000004e3       0x2c ./Drivers/STM32F0xx_HAL_Driver/Src/stm32f0xx_hal_can.o
 .ARM.attributes
                0x000000000000050f       0x2c ./Drivers/STM32F0xx_HAL_Driver/Src/stm32f0xx_hal_cortex.o
 .ARM.attributes
                0x000000000000053b       0x2c ./Drivers/STM32F0xx_HAL_Driver/Src/stm32f0xx_hal_flash.o
 .ARM.attributes
                0x0000000000000567       0x2c ./Drivers/STM32F0xx_HAL_Driver/Src/stm32f0xx_hal_flash_ex.o
 .ARM.attributes
                0x0000000000000593       0x2c ./Drivers/STM32F0xx_HAL_Driver/Src/stm32f0xx_hal_gpio.o
 .ARM.attributes
                0x00000000000005bf       0x2c ./Drivers/STM32F0xx_HAL_Driver/Src/stm32f0xx_hal_i2c.o
 .ARM.attributes
                0x00000000000005eb       0x2c ./Drivers/STM32F0xx_HAL_Driver/Src/stm32f0xx_hal_i2c_ex.o
 .ARM.attributes
                0x0000000000000617       0x2c ./Drivers/STM32F0xx_HAL_Driver/Src/stm32f0xx_hal_iwdg.o
 .ARM.attributes
                0x0000000000000643       0x2c ./Drivers/STM32F0xx_HAL_Driver/Src/stm32f0xx_hal_rcc.o
 .ARM.attributes
                0x000000000000066f       0x2c ./Drivers/STM32F0xx_HAL_Driver/Src/stm32f0xx_hal_rcc_ex.o
 .ARM.attributes
                0x000000000000069b       0x2c ./Drivers/STM32F0xx_HAL_Driver/Src/stm32f0xx_hal_uart.o
 .ARM.attributes
                0x00000000000006c7       0x2c ./Drivers/STM32F0xx_HAL_Driver/Src/stm32f0xx_hal_uart_ex.o
 .ARM.attributes
                0x00000000000006f3       0x2c c:/st/stm32cubeide_1.11.2/stm32cubeide/plugins/com.st.stm32cube.ide.mcu.externaltools.gnu-tools-for-stm32.10.3-2021.10.win32_1.0.200.202301161003/tools/bin/../lib/gcc/arm-none-eabi/10.3.1/../../../../arm-none-eabi/lib/thumb/v6-m/nofp\libc_nano.a(lib_a-errno.o)
 .ARM.attributes
                0x000000000000071f       0x2c c:/st/stm32cubeide_1.11.2/stm32cubeide/plugins/com.st.stm32cube.ide.mcu.externaltools.gnu-tools-for-stm32.10.3-2021.10.win32_1.0.200.202301161003/tools/bin/../lib/gcc/arm-none-eabi/10.3.1/../../../../arm-none-eabi/lib/thumb/v6-m/nofp\libc_nano.a(lib_a-impure.o)
 .ARM.attributes
                0x000000000000074b       0x2c c:/st/stm32cubeide_1.11.2/stm32cubeide/plugins/com.st.stm32cube.ide.mcu.externaltools.gnu-tools-for-stm32.10.3-2021.10.win32_1.0.200.202301161003/tools/bin/../lib/gcc/arm-none-eabi/10.3.1/../../../../arm-none-eabi/lib/thumb/v6-m/nofp\libc_nano.a(lib_a-init.o)
 .ARM.attributes
                0x0000000000000777       0x2c c:/st/stm32cubeide_1.11.2/stm32cubeide/plugins/com.st.stm32cube.ide.mcu.externaltools.gnu-tools-for-stm32.10.3-2021.10.win32_1.0.200.202301161003/tools/bin/../lib/gcc/arm-none-eabi/10.3.1/../../../../arm-none-eabi/lib/thumb/v6-m/nofp\libc_nano.a(lib_a-memcmp.o)
 .ARM.attributes
                0x00000000000007a3       0x2c c:/st/stm32cubeide_1.11.2/stm32cubeide/plugins/com.st.stm32cube.ide.mcu.externaltools.gnu-tools-for-stm32.10.3-2021.10.win32_1.0.200.202301161003/tools/bin/../lib/gcc/arm-none-eabi/10.3.1/../../../../arm-none-eabi/lib/thumb/v6-m/nofp\libc_nano.a(lib_a-memcpy-stub.o)
 .ARM.attributes
                0x00000000000007cf       0x2c c:/st/stm32cubeide_1.11.2/stm32cubeide/plugins/com.st.stm32cube.ide.mcu.externaltools.gnu-tools-for-stm32.10.3-2021.10.win32_1.0.200.202301161003/tools/bin/../lib/gcc/arm-none-eabi/10.3.1/../../../../arm-none-eabi/lib/thumb/v6-m/nofp\libc_nano.a(lib_a-memset.o)
 .ARM.attributes
                0x00000000000007fb       0x2c c:/st/stm32cubeide_1.11.2/stm32cubeide/plugins/com.st.stm32cube.ide.mcu.externaltools.gnu-tools-for-stm32.10.3-2021.10.win32_1.0.200.202301161003/tools/bin/../lib/gcc/arm-none-eabi/10.3.1/../../../../arm-none-eabi/lib/thumb/v6-m/nofp\libc_nano.a(lib_a-printf.o)
 .ARM.attributes
                0x0000000000000827       0x2c c:/st/stm32cubeide_1.11.2/stm32cubeide/plugins/com.st.stm32cube.ide.mcu.externaltools.gnu-tools-for-stm32.10.3-2021.10.win32_1.0.200.202301161003/tools/bin/../lib/gcc/arm-none-eabi/10.3.1/../../../../arm-none-eabi/lib/thumb/v6-m/nofp\libc_nano.a(lib_a-puts.o)
 .ARM.attributes
                0x0000000000000853       0x2c c:/st/stm32cubeide_1.11.2/stm32cubeide/plugins/com.st.stm32cube.ide.mcu.externaltools.gnu-tools-for-stm32.10.3-2021.10.win32_1.0.200.202301161003/tools/bin/../lib/gcc/arm-none-eabi/10.3.1/../../../../arm-none-eabi/lib/thumb/v6-m/nofp\libc_nano.a(lib_a-vprintf.o)
 .ARM.attributes
                0x000000000000087f       0x2c c:/st/stm32cubeide_1.11.2/stm32cubeide/plugins/com.st.stm32cube.ide.mcu.externaltools.gnu-tools-for-stm32.10.3-2021.10.win32_1.0.200.202301161003/tools/bin/../lib/gcc/arm-none-eabi/10.3.1/../../../../arm-none-eabi/lib/thumb/v6-m/nofp\libc_nano.a(lib_a-wbuf.o)
 .ARM.attributes
                0x00000000000008ab       0x2c c:/st/stm32cubeide_1.11.2/stm32cubeide/plugins/com.st.stm32cube.ide.mcu.externaltools.gnu-tools-for-stm32.10.3-2021.10.win32_1.0.200.202301161003/tools/bin/../lib/gcc/arm-none-eabi/10.3.1/../../../../arm-none-eabi/lib/thumb/v6-m/nofp\libc_nano.a(lib_a-wsetup.o)
 .ARM.attributes
                0x00000000000008d7       0x2c c:/st/stm32cubeide_1.11.2/stm32cubeide/plugins/com.st.stm32cube.ide.mcu.externaltools.gnu-tools-for-stm32.10.3-2021.10.win32_1.0.200.202301161003/tools/bin/../lib/gcc/arm-none-eabi/10.3.1/../../../../arm-none-eabi/lib/thumb/v6-m/nofp\libc_nano.a(lib_a-fflush.o)
 .ARM.attributes
                0x0000000000000903       0x2c c:/st/stm32cubeide_1.11.2/stm32cubeide/plugins/com.st.stm32cube.ide.mcu.externaltools.gnu-tools-for-stm32.10.3-2021.10.win32_1.0.200.202301161003/tools/bin/../lib/gcc/arm-none-eabi/10.3.1/../../../../arm-none-eabi/lib/thumb/v6-m/nofp\libc_nano.a(lib_a-findfp.o)
 .ARM.attributes
                0x000000000000092f       0x2c c:/st/stm32cubeide_1.11.2/stm32cubeide/plugins/com.st.stm32cube.ide.mcu.externaltools.gnu-tools-for-stm32.10.3-2021.10.win32_1.0.200.202301161003/tools/bin/../lib/gcc/arm-none-eabi/10.3.1/../../../../arm-none-eabi/lib/thumb/v6-m/nofp\libc_nano.a(lib_a-fwalk.o)
 .ARM.attributes
                0x000000000000095b       0x2c c:/st/stm32cubeide_1.11.2/stm32cubeide/plugins/com.st.stm32cube.ide.mcu.externaltools.gnu-tools-for-stm32.10.3-2021.10.win32_1.0.200.202301161003/tools/bin/../lib/gcc/arm-none-eabi/10.3.1/../../../../arm-none-eabi/lib/thumb/v6-m/nofp\libc_nano.a(lib_a-lock.o)
 .ARM.attributes
                0x0000000000000987       0x2c c:/st/stm32cubeide_1.11.2/stm32cubeide/plugins/com.st.stm32cube.ide.mcu.externaltools.gnu-tools-for-stm32.10.3-2021.10.win32_1.0.200.202301161003/tools/bin/../lib/gcc/arm-none-eabi/10.3.1/../../../../arm-none-eabi/lib/thumb/v6-m/nofp\libc_nano.a(lib_a-makebuf.o)
 .ARM.attributes
                0x00000000000009b3       0x2c c:/st/stm32cubeide_1.11.2/stm32cubeide/plugins/com.st.stm32cube.ide.mcu.externaltools.gnu-tools-for-stm32.10.3-2021.10.win32_1.0.200.202301161003/tools/bin/../lib/gcc/arm-none-eabi/10.3.1/../../../../arm-none-eabi/lib/thumb/v6-m/nofp\libc_nano.a(lib_a-nano-freer.o)
 .ARM.attributes
                0x00000000000009df       0x2c c:/st/stm32cubeide_1.11.2/stm32cubeide/plugins/com.st.stm32cube.ide.mcu.externaltools.gnu-tools-for-stm32.10.3-2021.10.win32_1.0.200.202301161003/tools/bin/../lib/gcc/arm-none-eabi/10.3.1/../../../../arm-none-eabi/lib/thumb/v6-m/nofp\libc_nano.a(lib_a-nano-mallocr.o)
 .ARM.attributes
                0x0000000000000a0b       0x2c c:/st/stm32cubeide_1.11.2/stm32cubeide/plugins/com.st.stm32cube.ide.mcu.externaltools.gnu-tools-for-stm32.10.3-2021.10.win32_1.0.200.202301161003/tools/bin/../lib/gcc/arm-none-eabi/10.3.1/../../../../arm-none-eabi/lib/thumb/v6-m/nofp\libc_nano.a(lib_a-nano-vfprintf.o)
 .ARM.attributes
                0x0000000000000a37       0x2c c:/st/stm32cubeide_1.11.2/stm32cubeide/plugins/com.st.stm32cube.ide.mcu.externaltools.gnu-tools-for-stm32.10.3-2021.10.win32_1.0.200.202301161003/tools/bin/../lib/gcc/arm-none-eabi/10.3.1/../../../../arm-none-eabi/lib/thumb/v6-m/nofp\libc_nano.a(lib_a-nano-vfprintf_i.o)
 .ARM.attributes
                0x0000000000000a63       0x2c c:/st/stm32cubeide_1.11.2/stm32cubeide/plugins/com.st.stm32cube.ide.mcu.externaltools.gnu-tools-for-stm32.10.3-2021.10.win32_1.0.200.202301161003/tools/bin/../lib/gcc/arm-none-eabi/10.3.1/../../../../arm-none-eabi/lib/thumb/v6-m/nofp\libc_nano.a(lib_a-sbrkr.o)
 .ARM.attributes
                0x0000000000000a8f       0x2c c:/st/stm32cubeide_1.11.2/stm32cubeide/plugins/com.st.stm32cube.ide.mcu.externaltools.gnu-tools-for-stm32.10.3-2021.10.win32_1.0.200.202301161003/tools/bin/../lib/gcc/arm-none-eabi/10.3.1/../../../../arm-none-eabi/lib/thumb/v6-m/nofp\libc_nano.a(lib_a-stdio.o)
 .ARM.attributes
                0x0000000000000abb       0x2c c:/st/stm32cubeide_1.11.2/stm32cubeide/plugins/com.st.stm32cube.ide.mcu.externaltools.gnu-tools-for-stm32.10.3-2021.10.win32_1.0.200.202301161003/tools/bin/../lib/gcc/arm-none-eabi/10.3.1/../../../../arm-none-eabi/lib/thumb/v6-m/nofp\libc_nano.a(lib_a-writer.o)
 .ARM.attributes
                0x0000000000000ae7       0x2c c:/st/stm32cubeide_1.11.2/stm32cubeide/plugins/com.st.stm32cube.ide.mcu.externaltools.gnu-tools-for-stm32.10.3-2021.10.win32_1.0.200.202301161003/tools/bin/../lib/gcc/arm-none-eabi/10.3.1/../../../../arm-none-eabi/lib/thumb/v6-m/nofp\libc_nano.a(lib_a-closer.o)
 .ARM.attributes
                0x0000000000000b13       0x2c c:/st/stm32cubeide_1.11.2/stm32cubeide/plugins/com.st.stm32cube.ide.mcu.externaltools.gnu-tools-for-stm32.10.3-2021.10.win32_1.0.200.202301161003/tools/bin/../lib/gcc/arm-none-eabi/10.3.1/../../../../arm-none-eabi/lib/thumb/v6-m/nofp\libc_nano.a(lib_a-fstatr.o)
 .ARM.attributes
                0x0000000000000b3f       0x2c c:/st/stm32cubeide_1.11.2/stm32cubeide/plugins/com.st.stm32cube.ide.mcu.externaltools.gnu-tools-for-stm32.10.3-2021.10.win32_1.0.200.202301161003/tools/bin/../lib/gcc/arm-none-eabi/10.3.1/../../../../arm-none-eabi/lib/thumb/v6-m/nofp\libc_nano.a(lib_a-isattyr.o)
 .ARM.attributes
                0x0000000000000b6b       0x2c c:/st/stm32cubeide_1.11.2/stm32cubeide/plugins/com.st.stm32cube.ide.mcu.externaltools.gnu-tools-for-stm32.10.3-2021.10.win32_1.0.200.202301161003/tools/bin/../lib/gcc/arm-none-eabi/10.3.1/../../../../arm-none-eabi/lib/thumb/v6-m/nofp\libc_nano.a(lib_a-lseekr.o)
 .ARM.attributes
                0x0000000000000b97       0x2c c:/st/stm32cubeide_1.11.2/stm32cubeide/plugins/com.st.stm32cube.ide.mcu.externaltools.gnu-tools-for-stm32.10.3-2021.10.win32_1.0.200.202301161003/tools/bin/../lib/gcc/arm-none-eabi/10.3.1/../../../../arm-none-eabi/lib/thumb/v6-m/nofp\libc_nano.a(lib_a-memchr-stub.o)
 .ARM.attributes
                0x0000000000000bc3       0x2c c:/st/stm32cubeide_1.11.2/stm32cubeide/plugins/com.st.stm32cube.ide.mcu.externaltools.gnu-tools-for-stm32.10.3-2021.10.win32_1.0.200.202301161003/tools/bin/../lib/gcc/arm-none-eabi/10.3.1/../../../../arm-none-eabi/lib/thumb/v6-m/nofp\libc_nano.a(lib_a-mlock.o)
 .ARM.attributes
                0x0000000000000bef       0x2c c:/st/stm32cubeide_1.11.2/stm32cubeide/plugins/com.st.stm32cube.ide.mcu.externaltools.gnu-tools-for-stm32.10.3-2021.10.win32_1.0.200.202301161003/tools/bin/../lib/gcc/arm-none-eabi/10.3.1/../../../../arm-none-eabi/lib/thumb/v6-m/nofp\libc_nano.a(lib_a-readr.o)
 .ARM.attributes
                0x0000000000000c1b       0x2c c:/st/stm32cubeide_1.11.2/stm32cubeide/plugins/com.st.stm32cube.ide.mcu.externaltools.gnu-tools-for-stm32.10.3-2021.10.win32_1.0.200.202301161003/tools/bin/../lib/gcc/arm-none-eabi/10.3.1/../../../../arm-none-eabi/lib/thumb/v6-m/nofp\libc_nano.a(lib_a-reent.o)
 .ARM.attributes
                0x0000000000000c47       0x1e c:/st/stm32cubeide_1.11.2/stm32cubeide/plugins/com.st.stm32cube.ide.mcu.externaltools.gnu-tools-for-stm32.10.3-2021.10.win32_1.0.200.202301161003/tools/bin/../lib/gcc/arm-none-eabi/10.3.1/thumb/v6-m/nofp\libgcc.a(_thumb1_case_shi.o)
 .ARM.attributes
                0x0000000000000c65       0x1e c:/st/stm32cubeide_1.11.2/stm32cubeide/plugins/com.st.stm32cube.ide.mcu.externaltools.gnu-tools-for-stm32.10.3-2021.10.win32_1.0.200.202301161003/tools/bin/../lib/gcc/arm-none-eabi/10.3.1/thumb/v6-m/nofp\libgcc.a(_udivsi3.o)
 .ARM.attributes
                0x0000000000000c83       0x1e c:/st/stm32cubeide_1.11.2/stm32cubeide/plugins/com.st.stm32cube.ide.mcu.externaltools.gnu-tools-for-stm32.10.3-2021.10.win32_1.0.200.202301161003/tools/bin/../lib/gcc/arm-none-eabi/10.3.1/thumb/v6-m/nofp\libgcc.a(_dvmd_tls.o)
 .ARM.attributes
                0x0000000000000ca1       0x1e c:/st/stm32cubeide_1.11.2/stm32cubeide/plugins/com.st.stm32cube.ide.mcu.externaltools.gnu-tools-for-stm32.10.3-2021.10.win32_1.0.200.202301161003/tools/bin/../lib/gcc/arm-none-eabi/10.3.1/thumb/v6-m/nofp/crtn.o
OUTPUT(hal_stm32f072cbt6_template.elf elf32-littlearm)
LOAD linker stubs
LOAD c:/st/stm32cubeide_1.11.2/stm32cubeide/plugins/com.st.stm32cube.ide.mcu.externaltools.gnu-tools-for-stm32.10.3-2021.10.win32_1.0.200.202301161003/tools/bin/../lib/gcc/arm-none-eabi/10.3.1/../../../../arm-none-eabi/lib/thumb/v6-m/nofp\libc.a
LOAD c:/st/stm32cubeide_1.11.2/stm32cubeide/plugins/com.st.stm32cube.ide.mcu.externaltools.gnu-tools-for-stm32.10.3-2021.10.win32_1.0.200.202301161003/tools/bin/../lib/gcc/arm-none-eabi/10.3.1/../../../../arm-none-eabi/lib/thumb/v6-m/nofp\libm.a
LOAD c:/st/stm32cubeide_1.11.2/stm32cubeide/plugins/com.st.stm32cube.ide.mcu.externaltools.gnu-tools-for-stm32.10.3-2021.10.win32_1.0.200.202301161003/tools/bin/../lib/gcc/arm-none-eabi/10.3.1/thumb/v6-m/nofp\libgcc.a

.debug_info     0x0000000000000000    0x17bd1
 .debug_info    0x0000000000000000       0x99 ./Amscreen/Aplication/Libs/Src/board_info.o
 .debug_info    0x0000000000000099      0x91c ./Amscreen/Aplication/Tasks/Src/acp_can_task.o
 .debug_info    0x00000000000009b5       0xc9 ./Amscreen/Aplication/Tasks/Src/app_task.o
 .debug_info    0x0000000000000a7e      0x53f ./Amscreen/Aplication/Tasks/Src/led_task.o
 .debug_info    0x0000000000000fbd      0xb9a ./Amscreen/Framework/Drivers/Src/acp_can.o
 .debug_info    0x0000000000001b57      0x34b ./Amscreen/Framework/Drivers/Src/debug.o
 .debug_info    0x0000000000001ea2      0x958 ./Amscreen/Framework/Drivers/Src/internal_flash_driver.o
 .debug_info    0x00000000000027fa      0x41c ./Amscreen/Framework/Drivers/Src/led.o
 .debug_info    0x0000000000002c16      0xd61 ./Amscreen/Framework/Libs/Src/acp_commands.o
 .debug_info    0x0000000000003977      0x2aa ./Amscreen/Framework/Libs/Src/acp_vectors.o
 .debug_info    0x0000000000003c21      0x12c ./Amscreen/Framework/Libs/Src/crc32.o
 .debug_info    0x0000000000003d4d      0x721 ./Amscreen/Framework/Libs/Src/io_putch.o
 .debug_info    0x000000000000446e      0x12e ./Amscreen/Framework/Libs/Src/millis.o
 .debug_info    0x000000000000459c      0x50b ./Amscreen/Framework/Task/Src/acp_notification.o
 .debug_info    0x0000000000004aa7      0x859 ./Core/Src/can.o
 .debug_info    0x0000000000005300      0x418 ./Core/Src/gpio.o
 .debug_info    0x0000000000005718      0xa53 ./Core/Src/i2c.o
 .debug_info    0x000000000000616b      0x206 ./Core/Src/iwdg.o
 .debug_info    0x0000000000006371      0x5aa ./Core/Src/main.o
 .debug_info    0x000000000000691b      0x1b8 ./Core/Src/stm32f0xx_hal_msp.o
 .debug_info    0x0000000000006ad3       0xe8 ./Core/Src/stm32f0xx_it.o
 .debug_info    0x0000000000006bbb      0x7bd ./Core/Src/syscalls.o
 .debug_info    0x0000000000007378      0x186 ./Core/Src/sysmem.o
 .debug_info    0x00000000000074fe      0x2a1 ./Core/Src/system_stm32f0xx.o
 .debug_info    0x000000000000779f      0xa46 ./Core/Src/usart.o
 .debug_info    0x00000000000081e5       0x22 ./Core/Startup/startup_stm32f072cbtx.o
 .debug_info    0x0000000000008207      0x79c ./Drivers/STM32F0xx_HAL_Driver/Src/stm32f0xx_hal.o
 .debug_info    0x00000000000089a3     0x1220 ./Drivers/STM32F0xx_HAL_Driver/Src/stm32f0xx_hal_can.o
 .debug_info    0x0000000000009bc3      0x868 ./Drivers/STM32F0xx_HAL_Driver/Src/stm32f0xx_hal_cortex.o
 .debug_info    0x000000000000a42b      0x677 ./Drivers/STM32F0xx_HAL_Driver/Src/stm32f0xx_hal_flash.o
 .debug_info    0x000000000000aaa2      0xabf ./Drivers/STM32F0xx_HAL_Driver/Src/stm32f0xx_hal_flash_ex.o
 .debug_info    0x000000000000b561      0x668 ./Drivers/STM32F0xx_HAL_Driver/Src/stm32f0xx_hal_gpio.o
 .debug_info    0x000000000000bbc9     0x4243 ./Drivers/STM32F0xx_HAL_Driver/Src/stm32f0xx_hal_i2c.o
 .debug_info    0x000000000000fe0c      0x8df ./Drivers/STM32F0xx_HAL_Driver/Src/stm32f0xx_hal_i2c_ex.o
 .debug_info    0x00000000000106eb      0x22a ./Drivers/STM32F0xx_HAL_Driver/Src/stm32f0xx_hal_iwdg.o
 .debug_info    0x0000000000010915      0xae5 ./Drivers/STM32F0xx_HAL_Driver/Src/stm32f0xx_hal_rcc.o
 .debug_info    0x00000000000113fa      0x754 ./Drivers/STM32F0xx_HAL_Driver/Src/stm32f0xx_hal_rcc_ex.o
 .debug_info    0x0000000000011b4e     0x5184 ./Drivers/STM32F0xx_HAL_Driver/Src/stm32f0xx_hal_uart.o
 .debug_info    0x0000000000016cd2      0xeff ./Drivers/STM32F0xx_HAL_Driver/Src/stm32f0xx_hal_uart_ex.o

.debug_abbrev   0x0000000000000000     0x451c
 .debug_abbrev  0x0000000000000000       0x88 ./Amscreen/Aplication/Libs/Src/board_info.o
 .debug_abbrev  0x0000000000000088      0x299 ./Amscreen/Aplication/Tasks/Src/acp_can_task.o
 .debug_abbrev  0x0000000000000321       0x81 ./Amscreen/Aplication/Tasks/Src/app_task.o
 .debug_abbrev  0x00000000000003a2      0x1a9 ./Amscreen/Aplication/Tasks/Src/led_task.o
 .debug_abbrev  0x000000000000054b      0x2b6 ./Amscreen/Framework/Drivers/Src/acp_can.o
 .debug_abbrev  0x0000000000000801      0x1d1 ./Amscreen/Framework/Drivers/Src/debug.o
 .debug_abbrev  0x00000000000009d2      0x2b5 ./Amscreen/Framework/Drivers/Src/internal_flash_driver.o
 .debug_abbrev  0x0000000000000c87      0x1c7 ./Amscreen/Framework/Drivers/Src/led.o
 .debug_abbrev  0x0000000000000e4e      0x344 ./Amscreen/Framework/Libs/Src/acp_commands.o
 .debug_abbrev  0x0000000000001192      0x148 ./Amscreen/Framework/Libs/Src/acp_vectors.o
 .debug_abbrev  0x00000000000012da       0xa1 ./Amscreen/Framework/Libs/Src/crc32.o
 .debug_abbrev  0x000000000000137b      0x168 ./Amscreen/Framework/Libs/Src/io_putch.o
 .debug_abbrev  0x00000000000014e3       0x97 ./Amscreen/Framework/Libs/Src/millis.o
 .debug_abbrev  0x000000000000157a      0x221 ./Amscreen/Framework/Task/Src/acp_notification.o
 .debug_abbrev  0x000000000000179b      0x221 ./Core/Src/can.o
 .debug_abbrev  0x00000000000019bc      0x174 ./Core/Src/gpio.o
 .debug_abbrev  0x0000000000001b30      0x222 ./Core/Src/i2c.o
 .debug_abbrev  0x0000000000001d52      0x159 ./Core/Src/iwdg.o
 .debug_abbrev  0x0000000000001eab      0x1f0 ./Core/Src/main.o
 .debug_abbrev  0x000000000000209b       0xc2 ./Core/Src/stm32f0xx_hal_msp.o
 .debug_abbrev  0x000000000000215d       0x81 ./Core/Src/stm32f0xx_it.o
 .debug_abbrev  0x00000000000021de      0x1c6 ./Core/Src/syscalls.o
 .debug_abbrev  0x00000000000023a4       0xec ./Core/Src/sysmem.o
 .debug_abbrev  0x0000000000002490      0x134 ./Core/Src/system_stm32f0xx.o
 .debug_abbrev  0x00000000000025c4      0x207 ./Core/Src/usart.o
 .debug_abbrev  0x00000000000027cb       0x12 ./Core/Startup/startup_stm32f072cbtx.o
 .debug_abbrev  0x00000000000027dd      0x237 ./Drivers/STM32F0xx_HAL_Driver/Src/stm32f0xx_hal.o
 .debug_abbrev  0x0000000000002a14      0x1fd ./Drivers/STM32F0xx_HAL_Driver/Src/stm32f0xx_hal_can.o
 .debug_abbrev  0x0000000000002c11      0x296 ./Drivers/STM32F0xx_HAL_Driver/Src/stm32f0xx_hal_cortex.o
 .debug_abbrev  0x0000000000002ea7      0x257 ./Drivers/STM32F0xx_HAL_Driver/Src/stm32f0xx_hal_flash.o
 .debug_abbrev  0x00000000000030fe      0x240 ./Drivers/STM32F0xx_HAL_Driver/Src/stm32f0xx_hal_flash_ex.o
 .debug_abbrev  0x000000000000333e      0x1e9 ./Drivers/STM32F0xx_HAL_Driver/Src/stm32f0xx_hal_gpio.o
 .debug_abbrev  0x0000000000003527      0x291 ./Drivers/STM32F0xx_HAL_Driver/Src/stm32f0xx_hal_i2c.o
 .debug_abbrev  0x00000000000037b8      0x1b6 ./Drivers/STM32F0xx_HAL_Driver/Src/stm32f0xx_hal_i2c_ex.o
 .debug_abbrev  0x000000000000396e      0x15e ./Drivers/STM32F0xx_HAL_Driver/Src/stm32f0xx_hal_iwdg.o
 .debug_abbrev  0x0000000000003acc      0x298 ./Drivers/STM32F0xx_HAL_Driver/Src/stm32f0xx_hal_rcc.o
 .debug_abbrev  0x0000000000003d64      0x1d4 ./Drivers/STM32F0xx_HAL_Driver/Src/stm32f0xx_hal_rcc_ex.o
 .debug_abbrev  0x0000000000003f38      0x303 ./Drivers/STM32F0xx_HAL_Driver/Src/stm32f0xx_hal_uart.o
 .debug_abbrev  0x000000000000423b      0x2e1 ./Drivers/STM32F0xx_HAL_Driver/Src/stm32f0xx_hal_uart_ex.o

.debug_aranges  0x0000000000000000     0x1058
 .debug_aranges