Archive member included to satisfy reference by file (symbol)

c:/st/stm32cubeide_1.11.2/stm32cubeide/plugins/com.st.stm32cube.ide.mcu.externaltools.gnu-tools-for-stm32.10.3-2021.10.win32_1.0.200.202301161003/tools/bin/../lib/gcc/arm-none-eabi/10.3.1/../../../../arm-none-eabi/lib/thumb/v6-m/nofp\libc_nano.a(lib_a-errno.o)
                              ./Core/Src/syscalls.o (__errno)
c:/st/stm32cubeide_1.11.2/stm32cubeide/plugins/com.st.stm32cube.ide.mcu.externaltools.gnu-tools-for-stm32.10.3-2021.10.win32_1.0.200.202301161003/tools/bin/../lib/gcc/arm-none-eabi/10.3.1/../../../../arm-none-eabi/lib/thumb/v6-m/nofp\libc_nano.a(lib_a-exit.o)
                              c:/st/stm32cubeide_1.11.2/stm32cubeide/plugins/com.st.stm32cube.ide.mcu.externaltools.gnu-tools-for-stm32.10.3-2021.10.win32_1.0.200.202301161003/tools/bin/../lib/gcc/arm-none-eabi/10.3.1/../../../../arm-none-eabi/lib/thumb/v6-m/nofp/crt0.o (exit)
c:/st/stm32cubeide_1.11.2/stm32cubeide/plugins/com.st.stm32cube.ide.mcu.externaltools.gnu-tools-for-stm32.10.3-2021.10.win32_1.0.200.202301161003/tools/bin/../lib/gcc/arm-none-eabi/10.3.1/../../../../arm-none-eabi/lib/thumb/v6-m/nofp\libc_nano.a(lib_a-impure.o)
                              c:/st/stm32cubeide_1.11.2/stm32cubeide/plugins/com.st.stm32cube.ide.mcu.externaltools.gnu-tools-for-stm32.10.3-2021.10.win32_1.0.200.202301161003/tools/bin/../lib/gcc/arm-none-eabi/10.3.1/../../../../arm-none-eabi/lib/thumb/v6-m/nofp\libc_nano.a(lib_a-exit.o) (_global_impure_ptr)
c:/st/stm32cubeide_1.11.2/stm32cubeide/plugins/com.st.stm32cube.ide.mcu.externaltools.gnu-tools-for-stm32.10.3-2021.10.win32_1.0.200.202301161003/tools/bin/../lib/gcc/arm-none-eabi/10.3.1/../../../../arm-none-eabi/lib/thumb/v6-m/nofp\libc_nano.a(lib_a-init.o)
                              c:/st/stm32cubeide_1.11.2/stm32cubeide/plugins/com.st.stm32cube.ide.mcu.externaltools.gnu-tools-for-stm32.10.3-2021.10.win32_1.0.200.202301161003/tools/bin/../lib/gcc/arm-none-eabi/10.3.1/../../../../arm-none-eabi/lib/thumb/v6-m/nofp/crt0.o (__libc_init_array)
c:/st/stm32cubeide_1.11.2/stm32cubeide/plugins/com.st.stm32cube.ide.mcu.externaltools.gnu-tools-for-stm32.10.3-2021.10.win32_1.0.200.202301161003/tools/bin/../lib/gcc/arm-none-eabi/10.3.1/../../../../arm-none-eabi/lib/thumb/v6-m/nofp\libc_nano.a(lib_a-memcmp.o)
                              ./Amscreen/Framework/Drivers/Src/acp_packet.o (memcmp)
c:/st/stm32cubeide_1.11.2/stm32cubeide/plugins/com.st.stm32cube.ide.mcu.externaltools.gnu-tools-for-stm32.10.3-2021.10.win32_1.0.200.202301161003/tools/bin/../lib/gcc/arm-none-eabi/10.3.1/../../../../arm-none-eabi/lib/thumb/v6-m/nofp\libc_nano.a(lib_a-memcpy-stub.o)
                              ./Amscreen/Framework/Drivers/Src/acp_packet.o (memcpy)
c:/st/stm32cubeide_1.11.2/stm32cubeide/plugins/com.st.stm32cube.ide.mcu.externaltools.gnu-tools-for-stm32.10.3-2021.10.win32_1.0.200.202301161003/tools/bin/../lib/gcc/arm-none-eabi/10.3.1/../../../../arm-none-eabi/lib/thumb/v6-m/nofp\libc_nano.a(lib_a-memset.o)
                              c:/st/stm32cubeide_1.11.2/stm32cubeide/plugins/com.st.stm32cube.ide.mcu.externaltools.gnu-tools-for-stm32.10.3-2021.10.win32_1.0.200.202301161003/tools/bin/../lib/gcc/arm-none-eabi/10.3.1/../../../../arm-none-eabi/lib/thumb/v6-m/nofp/crt0.o (memset)
c:/st/stm32cubeide_1.11.2/stm32cubeide/plugins/com.st.stm32cube.ide.mcu.externaltools.gnu-tools-for-stm32.10.3-2021.10.win32_1.0.200.202301161003/tools/bin/../lib/gcc/arm-none-eabi/10.3.1/../../../../arm-none-eabi/lib/thumb/v6-m/nofp\libc_nano.a(lib_a-printf.o)
                              ./Amscreen/Framework/Drivers/Src/debug.o (printf)
c:/st/stm32cubeide_1.11.2/stm32cubeide/plugins/com.st.stm32cube.ide.mcu.externaltools.gnu-tools-for-stm32.10.3-2021.10.win32_1.0.200.202301161003/tools/bin/../lib/gcc/arm-none-eabi/10.3.1/../../../../arm-none-eabi/lib/thumb/v6-m/nofp\libc_nano.a(lib_a-puts.o)
                              ./Amscreen/Framework/Drivers/Src/debug.o (puts)
c:/st/stm32cubeide_1.11.2/stm32cubeide/plugins/com.st.stm32cube.ide.mcu.externaltools.gnu-tools-for-stm32.10.3-2021.10.win32_1.0.200.202301161003/tools/bin/../lib/gcc/arm-none-eabi/10.3.1/../../../../arm-none-eabi/lib/thumb/v6-m/nofp\libc_nano.a(lib_a-snprintf.o)
                              ./Amscreen/Framework/Drivers/Src/debug.o (snprintf)
c:/st/stm32cubeide_1.11.2/stm32cubeide/plugins/com.st.stm32cube.ide.mcu.externaltools.gnu-tools-for-stm32.10.3-2021.10.win32_1.0.200.202301161003/tools/bin/../lib/gcc/arm-none-eabi/10.3.1/../../../../arm-none-eabi/lib/thumb/v6-m/nofp\libc_nano.a(lib_a-strlen.o)
                              ./Amscreen/Framework/Drivers/Src/uart.o (strlen)
c:/st/stm32cubeide_1.11.2/stm32cubeide/plugins/com.st.stm32cube.ide.mcu.externaltools.gnu-tools-for-stm32.10.3-2021.10.win32_1.0.200.202301161003/tools/bin/../lib/gcc/arm-none-eabi/10.3.1/../../../../arm-none-eabi/lib/thumb/v6-m/nofp\libc_nano.a(lib_a-vprintf.o)
                              ./Amscreen/Framework/Drivers/Src/debug.o (vprintf)
[...]
Memory Configuration

Name             Origin             Length             Attributes
RAM              0x0000000020000000 0x0000000000004000 xrw
FLASH            0x0000000008000000 0x0000000000020000 xr
*default*        0x0000000000000000 0xffffffffffffffff

Linker script and memory map

LOAD c:/st/stm32cubeide_1.11.2/stm32cubeide/plugins/com.st.stm32cube.ide.mcu.externaltools.gnu-tools-for-stm32.10.3-2021.10.win32_1.0.200.202301161003/tools/bin/../lib/gcc/arm-none-eabi/10.3.1/thumb/v6-m/nofp/crti.o
LOAD c:/st/stm32cubeide_1.11.2/stm32cubeide/plugins/com.st.stm32cube.ide.mcu.externaltools.gnu-tools-for-stm32.10.3-2021.10.win32_1.0.200.202301161003/tools/bin/../lib/gcc/arm-none-eabi/10.3.1/thumb/v6-m/nofp/crtbegin.o
LOAD c:/st/stm32cubeide_1.11.2/stm32cubeide/plugins/com.st.stm32cube.ide.mcu.externaltools.gnu-tools-for-stm32.10.3-2021.10.win32_1.0.200.202301161003/tools/bin/../lib/gcc/arm-none-eabi/10.3.1/../../../../arm-none-eabi/lib/thumb/v6-m/nofp/crt0.o
LOAD ./Amscreen/Aplication/Tasks/Src/app_task.o
LOAD ./Amscreen/Aplication/Tasks/Src/led_task.o
LOAD ./Amscreen/Framework/Drivers/Src/acp_can.o
LOAD ./Amscreen/Framework/Drivers/Src/acp_packet.o
LOAD ./Amscreen/Framework/Drivers/Src/debug.o
LOAD ./Amscreen/Framework/Drivers/Src/internal_flash_driver.o
LOAD ./Amscreen/Framework/Drivers/Src/led.o
LOAD ./Amscreen/Framework/Drivers/Src/sht4x_driver.o
LOAD ./Amscreen/Framework/Drivers/Src/uart.o
LOAD ./Amscreen/Framework/Libs/Src/circular_buf.o
LOAD ./Amscreen/Framework/Libs/Src/millis.o
LOAD ./Core/Src/can.o
LOAD ./Core/Src/gpio.o
LOAD ./Core/Src/i2c.o
LOAD ./Core/Src/iwdg.o
LOAD ./Core/Src/main.o
LOAD ./Core/Src/stm32f0xx_hal_msp.o
LOAD ./Core/Src/stm32f0xx_it.o
LOAD ./Core/Src/syscalls.o
LOAD ./Core/Src/sysmem.o
LOAD ./Core/Src/system_stm32f0xx.o
LOAD ./Core/Src/usart.o
LOAD ./Core/Startup/startup_stm32f072cbtx.o
LOAD ./Drivers/STM32F0xx_HAL_Driver/Src/stm32f0xx_hal.o
LOAD ./Drivers/STM32F0xx_HAL_Driver/Src/stm32f0xx_hal_can.o
LOAD ./Drivers/STM32F0xx_HAL_Driver/Src/stm32f0xx_hal_cortex.o
LOAD ./Drivers/STM32F0xx_HAL_Driver/Src/stm32f0xx_hal_dma.o
LOAD ./Drivers/STM32F0xx_HAL_Driver/Src/stm32f0xx_hal_exti.o
LOAD ./Drivers/STM32F0xx_HAL_Driver/Src/stm32f0xx_hal_flash.o
LOAD ./Drivers/STM32F0xx_HAL_Driver/Src/stm32f0xx_hal_flash_ex.o
LOAD ./Drivers/STM32F0xx_HAL_Driver/Src/stm32f0xx_hal_gpio.o
LOAD ./Drivers/STM32F0xx_HAL_Driver/Src/stm32f0xx_hal_i2c.o
LOAD ./Drivers/STM32F0xx_HAL_Driver/Src/stm32f0xx_hal_i2c_ex.o
LOAD ./Drivers/STM32F0xx_HAL_Driver/Src/stm32f0xx_hal_iwdg.o
LOAD ./Drivers/STM32F0xx_HAL_Driver/Src/stm32f0xx_hal_pwr.o
LOAD ./Drivers/STM32F0xx_HAL_Driver/Src/stm32f0xx_hal_pwr_ex.o
LOAD ./Drivers/STM32F0xx_HAL_Driver/Src/stm32f0xx_hal_rcc.o
LOAD ./Drivers/STM32F0xx_HAL_Driver/Src/stm32f0xx_hal_rcc_ex.o
LOAD ./Drivers/STM32F0xx_HAL_Driver/Src/stm32f0xx_hal_tim.o
LOAD ./Drivers/STM32F0xx_HAL_Driver/Src/stm32f0xx_hal_tim_ex.o
LOAD ./Drivers/STM32F0xx_HAL_Driver/Src/stm32f0xx_hal_uart.o
LOAD ./Drivers/STM32F0xx_HAL_Driver/Src/stm32f0xx_hal_uart_ex.o
START GROUP
LOAD c:/st/stm32cubeide_1.11.2/stm32cubeide/plugins/com.st.stm32cube.ide.mcu.externaltools.gnu-tools-for-stm32.10.3-2021.10.win32_1.0.200.202301161003/tools/bin/../lib/gcc/arm-none-eabi/10.3.1/../../../../arm-none-eabi/lib/thumb/v6-m/nofp\libc_nano.a
LOAD c:/st/stm32cubeide_1.11.2/stm32cubeide/plugins/com.st.stm32cube.ide.mcu.externaltools.gnu-tools-for-stm32.10.3-2021.10.win32_1.0.200.202301161003/tools/bin/../lib/gcc/arm-none-eabi/10.3.1/../../../../arm-none-eabi/lib/thumb/v6-m/nofp\libm.a
END GROUP
START GROUP
LOAD c:/st/stm32cubeide_1.11.2/stm32cubeide/plugins/com.st.stm32cube.ide.mcu.externaltools.gnu-tools-for-stm32.10.3-2021.10.win32_1.0.200.202301161003/tools/bin/../lib/gcc/arm-none-eabi/10.3.1/thumb/v6-m/nofp\libgcc.a
LOAD c:/st/stm32cubeide_1.11.2/stm32cubeide/plugins/com.st.stm32cube.ide.mcu.externaltools.gnu-tools-for-stm32.10.3-2021.10.win32_1.0.200.202301161003/tools/bin/../lib/gcc/arm-none-eabi/10.3.1/../../../../arm-none-eabi/lib/thumb/v6-m/nofp\libc_nano.a
END GROUP
START GROUP
LOAD c:/st/stm32cubeide_1.11.2/stm32cubeide/plugins/com.st.stm32cube.ide.mcu.externaltools.gnu-tools-for-stm32.10.3-2021.10.win32_1.0.200.202301161003/tools/bin/../lib/gcc/arm-none-eabi/10.3.1/thumb/v6-m/nofp\libgcc.a
LOAD c:/st/stm32cubeide_1.11.2/stm32cubeide/plugins/com.st.stm32cube.ide.mcu.externaltools.gnu-tools-for-stm32.10.3-2021.10.win32_1.0.200.202301161003/tools/bin/../lib/gcc/arm-none-eabi/10.3.1/../../../../arm-none-eabi/lib/thumb/v6-m/nofp\libc_nano.a
LOAD c:/st/stm32cubeide_1.11.2/stm32cubeide/plugins/com.st.stm32cube.ide.mcu.externaltools.gnu-tools-for-stm32.10.3-2021.10.win32_1.0.200.202301161003/tools/bin/../lib/gcc/arm-none-eabi/10.3.1/../../../../arm-none-eabi/lib/thumb/v6-m/nofp\libnosys.a
END GROUP
START GROUP
LOAD c:/st/stm32cubeide_1.11.2/stm32cubeide/plugins/com.st.stm32cube.ide.mcu.externaltools.gnu-tools-for-stm32.10.3-2021.10.win32_1.0.200.202301161003/tools/bin/../lib/gcc/arm-none-eabi/10.3.1/thumb/v6-m/nofp\libgcc.a
LOAD c:/st/stm32cubeide_1.11.2/stm32cubeide/plugins/com.st.stm32cube.ide.mcu.externaltools.gnu-tools-for-stm32.10.3-2021.10.win32_1.0.200.202301161003/tools/bin/../lib/gcc/arm-none-eabi/10.3.1/../../../../arm-none-eabi/lib/thumb/v6-m/nofp\libc_nano.a
LOAD c:/st/stm32cubeide_1.11.2/stm32cubeide/plugins/com.st.stm32cube.ide.mcu.externaltools.gnu-tools-for-stm32.10.3-2021.10.win32_1.0.200.202301161003/tools/bin/../lib/gcc/arm-none-eabi/10.3.1/../../../../arm-none-eabi/lib/thumb/v6-m/nofp\libnosys.a
END GROUP
LOAD c:/st/stm32cubeide_1.11.2/stm32cubeide/plugins/com.st.stm32cube.ide.mcu.externaltools.gnu-tools-for-stm32.10.3-2021.10.win32_1.0.200.202301161003/tools/bin/../lib/gcc/arm-none-eabi/10.3.1/thumb/v6-m/nofp/crtend.o
LOAD c:/st/stm32cubeide_1.11.2/stm32cubeide/plugins/com.st.stm32cube.ide.mcu.externaltools.gnu-tools-for-stm32.10.3-2021.10.win32_1.0.200.202301161003/tools/bin/../lib/gcc/arm-none-eabi/10.3.1/thumb/v6-m/nofp/crtn.o
                0x0000000020004000                _estack = (ORIGIN (RAM) + LENGTH (RAM))
                0x0000000000000200                _Min_Heap_Size = 0x200
                0x0000000000000400                _Min_Stack_Size = 0x400

.isr_vector     0x0000000008000000       0xc0
                0x0000000008000000                . = ALIGN (0x4)
 *(.isr_vector)
 .isr_vector    0x0000000008000000       0xc0 ./Core/Startup/startup_stm32f072cbtx.o
                0x0000000008000000                g_pfnVectors
                0x00000000080000c0                . = ALIGN (0x4)

.text           0x00000000080000c0     0x1b0c
                0x00000000080000c0                . = ALIGN (0x4)
 *(.text)
 .text          0x00000000080000c0       0x48 c:/st/stm32cubeide_1.11.2/stm32cubeide/plugins/com.st.stm32cube.ide.mcu.externaltools.gnu-tools-for-stm32.10.3-2021.10.win32_1.0.200.202301161003/tools/bin/../lib/gcc/arm-none-eabi/10.3.1/thumb/v6-m/nofp/crtbegin.o
 .text          0x0000000008000108      0x114 c:/st/stm32cubeide_1.11.2/stm32cubeide/plugins/com.st.stm32cube.ide.mcu.externaltools.gnu-tools-for-stm32.10.3-2021.10.win32_1.0.200.202301161003/tools/bin/../lib/gcc/arm-none-eabi/10.3.1/thumb/v6-m/nofp\libgcc.a(_udivsi3.o)
                0x0000000008000108                __aeabi_uidiv
                0x0000000008000108                __udivsi3
                0x0000000008000214                __aeabi_uidivmod
 .text          0x000000000800021c        0x4 c:/st/stm32cubeide_1.11.2/stm32cubeide/plugins/com.st.stm32cube.ide.mcu.externaltools.gnu-tools-for-stm32.10.3-2021.10.win32_1.0.200.202301161003/tools/bin/../lib/gcc/arm-none-eabi/10.3.1/thumb/v6-m/nofp\libgcc.a(_dvmd_tls.o)
                0x000000000800021c                __aeabi_idiv0
                0x000000000800021c                __aeabi_ldiv0
 *(.text*)
 .text.app_task
                0x0000000008000220        0x8 ./Amscreen/Aplication/Tasks/Src/app_task.o
                0x0000000008000220                app_task
 .text.led_task_update
                0x0000000008000228       0x18 ./Amscreen/Aplication/Tasks/Src/led_task.o
 .text.led_task_error_led_off
                0x0000000008000240       0x10 ./Amscreen/Aplication/Tasks/Src/led_task.o
                0x0000000008000240                led_task_error_led_off
 .text.led_task_status_led_flash_rate
                0x0000000008000250       0x14 ./Amscreen/Aplication/Tasks/Src/led_task.o
                0x0000000008000250                led_task_status_led_flash_rate
 .text.led_task_intial_led_startup_flash_rate
                0x0000000008000264        0xe ./Amscreen/Aplication/Tasks/Src/led_task.o
                0x0000000008000264                led_task_intial_led_startup_flash_rate
 *fill*         0x0000000008000272        0x2 
 .text.led_task_init
                0x0000000008000274       0x34 ./Amscreen/Aplication/Tasks/Src/led_task.o
 .text.led_task
                0x00000000080002a8       0x20 ./Amscreen/Aplication/Tasks/Src/led_task.o
                0x00000000080002a8                led_task
 .text.led_init
                0x00000000080002c8       0x20 ./Amscreen/Framework/Drivers/Src/led.o
                0x00000000080002c8                led_init
 .text.led_update
                0x00000000080002e8       0x4a ./Amscreen/Framework/Drivers/Src/led.o
                0x00000000080002e8                led_update
 .text.led_set_flash_rate
                0x0000000008000332       0x14 ./Amscreen/Framework/Drivers/Src/led.o
                0x0000000008000332                led_set_flash_rate
 .text.led_off  0x0000000008000346       0x14 ./Amscreen/Framework/Drivers/Src/led.o
                0x0000000008000346                led_off
 .text.millis_timeout
                0x000000000800035a       0x20 ./Amscreen/Framework/Libs/Src/millis.o
                0x000000000800035a                millis_timeout
 .text.millis   0x000000000800037a        0x8 ./Amscreen/Framework/Libs/Src/millis.o
                0x000000000800037a                millis
 *fill*         0x0000000008000382        0x2 
 .text.MX_CAN_Init
                0x0000000008000384       0x3c ./Core/Src/can.o
                0x0000000008000384                MX_CAN_Init
 .text.HAL_CAN_MspInit
                0x00000000080003c0       0x6c ./Core/Src/can.o
                0x00000000080003c0                HAL_CAN_MspInit
 .text.MX_GPIO_Init
                0x000000000800042c       0x88 ./Core/Src/gpio.o
                0x000000000800042c                MX_GPIO_Init
 .text.MX_I2C2_Init
                0x00000000080004b4       0x60 ./Core/Src/i2c.o
                0x00000000080004b4                MX_I2C2_Init
 .text.HAL_I2C_MspInit
                0x0000000008000514       0x6c ./Core/Src/i2c.o
                0x0000000008000514                HAL_I2C_MspInit
 .text.MX_IWDG_Init
                0x0000000008000580       0x34 ./Core/Src/iwdg.o
                0x0000000008000580                MX_IWDG_Init
 .text.Error_Handler
                0x00000000080005b4        0x4 ./Core/Src/main.o
                0x00000000080005b4                Error_Handler
 .text.SystemClock_Config
                0x00000000080005b8       0x82 ./Core/Src/main.o
                0x00000000080005b8                SystemClock_Config
 *fill*         0x000000000800063a        0x2 
 .text.main     0x000000000800063c       0x30 ./Core/Src/main.o
                0x000000000800063c                main
 .text.HAL_MspInit
                0x000000000800066c       0x30 ./Core/Src/stm32f0xx_hal_msp.o
                0x000000000800066c                HAL_MspInit
 .text.NMI_Handler
                0x000000000800069c        0x2 ./Core/Src/stm32f0xx_it.o
                0x000000000800069c                NMI_Handler
 .text.HardFault_Handler
                0x000000000800069e        0x2 ./Core/Src/stm32f0xx_it.o
                0x000000000800069e                HardFault_Handler
 .text.SVC_Handler
                0x00000000080006a0        0x2 ./Core/Src/stm32f0xx_it.o
                0x00000000080006a0                SVC_Handler
 .text.PendSV_Handler
                0x00000000080006a2        0x2 ./Core/Src/stm32f0xx_it.o
                0x00000000080006a2                PendSV_Handler
 .text.SysTick_Handler
                0x00000000080006a4        0x8 ./Core/Src/stm32f0xx_it.o
                0x00000000080006a4                SysTick_Handler
 .text.SystemInit
                0x00000000080006ac        0x2 ./Core/Src/system_stm32f0xx.o
                0x00000000080006ac                SystemInit
 *fill*         0x00000000080006ae        0x2 
 .text.MX_USART1_UART_Init
                0x00000000080006b0       0x40 ./Core/Src/usart.o
                0x00000000080006b0                MX_USART1_UART_Init
 .text.HAL_UART_MspInit
                0x00000000080006f0       0x68 ./Core/Src/usart.o
                0x00000000080006f0                HAL_UART_MspInit
 .text.Reset_Handler
                0x0000000008000758       0x50 ./Core/Startup/startup_stm32f072cbtx.o
                0x0000000008000758                Reset_Handler
 .text.Default_Handler
                0x00000000080007a8        0x2 ./Core/Startup/startup_stm32f072cbtx.o
                0x00000000080007a8                TIM1_CC_IRQHandler
                0x00000000080007a8                TSC_IRQHandler
                0x00000000080007a8                ADC1_COMP_IRQHandler
                0x00000000080007a8                I2C1_IRQHandler
                0x00000000080007a8                RCC_CRS_IRQHandler
                0x00000000080007a8                SPI1_IRQHandler
                0x00000000080007a8                TIM6_DAC_IRQHandler
                0x00000000080007a8                USART3_4_IRQHandler
                0x00000000080007a8                EXTI2_3_IRQHandler
                0x00000000080007a8                I2C2_IRQHandler
                0x00000000080007a8                TIM17_IRQHandler
                0x00000000080007a8                CEC_CAN_IRQHandler
                0x00000000080007a8                RTC_IRQHandler
                0x00000000080007a8                PVD_VDDIO2_IRQHandler
                0x00000000080007a8                DMA1_Channel4_5_6_7_IRQHandler
                0x00000000080007a8                TIM16_IRQHandler
                0x00000000080007a8                TIM3_IRQHandler
                0x00000000080007a8                EXTI4_15_IRQHandler
                0x00000000080007a8                DMA1_Channel1_IRQHandler
                0x00000000080007a8                Default_Handler
                0x00000000080007a8                TIM14_IRQHandler
                0x00000000080007a8                TIM7_IRQHandler
                0x00000000080007a8                TIM15_IRQHandler
                0x00000000080007a8                EXTI0_1_IRQHandler
                0x00000000080007a8                USB_IRQHandler
                0x00000000080007a8                SPI2_IRQHandler
                0x00000000080007a8                WWDG_IRQHandler
                0x00000000080007a8                TIM2_IRQHandler
                0x00000000080007a8                DMA1_Channel2_3_IRQHandler
                0x00000000080007a8                USART2_IRQHandler
                0x00000000080007a8                FLASH_IRQHandler
                0x00000000080007a8                USART1_IRQHandler
                0x00000000080007a8                TIM1_BRK_UP_TRG_COM_IRQHandler
 *fill*         0x00000000080007aa        0x2 
 .text.HAL_InitTick
                0x00000000080007ac       0x50 ./Drivers/STM32F0xx_HAL_Driver/Src/stm32f0xx_hal.o
                0x00000000080007ac                HAL_InitTick
 .text.HAL_Init
                0x00000000080007fc       0x20 ./Drivers/STM32F0xx_HAL_Driver/Src/stm32f0xx_hal.o
                0x00000000080007fc                HAL_Init
 .text.HAL_IncTick
                0x000000000800081c       0x18 ./Drivers/STM32F0xx_HAL_Driver/Src/stm32f0xx_hal.o
                0x000000000800081c                HAL_IncTick
 .text.HAL_GetTick
                0x0000000008000834        0xc ./Drivers/STM32F0xx_HAL_Driver/Src/stm32f0xx_hal.o
                0x0000000008000834                HAL_GetTick
 .text.HAL_CAN_Init
                0x0000000008000840      0x14e ./Drivers/STM32F0xx_HAL_Driver/Src/stm32f0xx_hal_can.o
                0x0000000008000840                HAL_CAN_Init
 *fill*         0x000000000800098e        0x2 
 .text.HAL_NVIC_SetPriority
                0x0000000008000990       0x60 ./Drivers/STM32F0xx_HAL_Driver/Src/stm32f0xx_hal_cortex.o
                0x0000000008000990                HAL_NVIC_SetPriority
 .text.HAL_SYSTICK_Config
                0x00000000080009f0       0x38 ./Drivers/STM32F0xx_HAL_Driver/Src/stm32f0xx_hal_cortex.o
                0x00000000080009f0                HAL_SYSTICK_Config
 .text.HAL_GPIO_Init
                0x0000000008000a28      0x19c ./Drivers/STM32F0xx_HAL_Driver/Src/stm32f0xx_hal_gpio.o
                0x0000000008000a28                HAL_GPIO_Init
 .text.HAL_GPIO_WritePin
                0x0000000008000bc4        0xc ./Drivers/STM32F0xx_HAL_Driver/Src/stm32f0xx_hal_gpio.o
                0x0000000008000bc4                HAL_GPIO_WritePin
 .text.HAL_I2C_Init
                0x0000000008000bd0       0xcc ./Drivers/STM32F0xx_HAL_Driver/Src/stm32f0xx_hal_i2c.o
                0x0000000008000bd0                HAL_I2C_Init
 .text.HAL_I2CEx_ConfigAnalogFilter
                0x0000000008000c9c       0x58 ./Drivers/STM32F0xx_HAL_Driver/Src/stm32f0xx_hal_i2c_ex.o
                0x0000000008000c9c                HAL_I2CEx_ConfigAnalogFilter
 .text.HAL_I2CEx_ConfigDigitalFilter
                0x0000000008000cf4       0x54 ./Drivers/STM32F0xx_HAL_Driver/Src/stm32f0xx_hal_i2c_ex.o
                0x0000000008000cf4                HAL_I2CEx_ConfigDigitalFilter
 .text.HAL_IWDG_Init
                0x0000000008000d48       0x68 ./Drivers/STM32F0xx_HAL_Driver/Src/stm32f0xx_hal_iwdg.o
                0x0000000008000d48                HAL_IWDG_Init
 .text.HAL_IWDG_Refresh
                0x0000000008000db0       0x10 ./Drivers/STM32F0xx_HAL_Driver/Src/stm32f0xx_hal_iwdg.o
                0x0000000008000db0                HAL_IWDG_Refresh
 .text.HAL_RCC_OscConfig
                0x0000000008000dc0      0x544 ./Drivers/STM32F0xx_HAL_Driver/Src/stm32f0xx_hal_rcc.o
                0x0000000008000dc0                HAL_RCC_OscConfig
 .text.HAL_RCC_GetSysClockFreq
                0x0000000008001304       0x84 ./Drivers/STM32F0xx_HAL_Driver/Src/stm32f0xx_hal_rcc.o
                0x0000000008001304                HAL_RCC_GetSysClockFreq
 .text.HAL_RCC_ClockConfig
                0x0000000008001388      0x144 ./Drivers/STM32F0xx_HAL_Driver/Src/stm32f0xx_hal_rcc.o
                0x0000000008001388                HAL_RCC_ClockConfig
 .text.HAL_RCC_GetHCLKFreq
                0x00000000080014cc        0xc ./Drivers/STM32F0xx_HAL_Driver/Src/stm32f0xx_hal_rcc.o
                0x00000000080014cc                HAL_RCC_GetHCLKFreq
 .text.HAL_RCC_GetPCLK1Freq
                0x00000000080014d8       0x20 ./Drivers/STM32F0xx_HAL_Driver/Src/stm32f0xx_hal_rcc.o
                0x00000000080014d8                HAL_RCC_GetPCLK1Freq
 .text.HAL_RCCEx_PeriphCLKConfig
                0x00000000080014f8      0x15c ./Drivers/STM32F0xx_HAL_Driver/Src/stm32f0xx_hal_rcc_ex.o
                0x00000000080014f8                HAL_RCCEx_PeriphCLKConfig
 .text.UART_EndRxTransfer
                0x0000000008001654       0x60 ./Drivers/STM32F0xx_HAL_Driver/Src/stm32f0xx_hal_uart.o
 .text.UART_SetConfig
                0x00000000080016b4      0x1d0 ./Drivers/STM32F0xx_HAL_Driver/Src/stm32f0xx_hal_uart.o
                0x00000000080016b4                UART_SetConfig
 .text.UART_AdvFeatureConfig
                0x0000000008001884       0xe0 ./Drivers/STM32F0xx_HAL_Driver/Src/stm32f0xx_hal_uart.o
                0x0000000008001884                UART_AdvFeatureConfig
 .text.UART_WaitOnFlagUntilTimeout
                0x0000000008001964       0x96 ./Drivers/STM32F0xx_HAL_Driver/Src/stm32f0xx_hal_uart.o
                0x0000000008001964                UART_WaitOnFlagUntilTimeout
 *fill*         0x00000000080019fa        0x2 
 .text.UART_CheckIdleState
                0x00000000080019fc       0xd0 ./Drivers/STM32F0xx_HAL_Driver/Src/stm32f0xx_hal_uart.o
                0x00000000080019fc                UART_CheckIdleState
 .text.HAL_RS485Ex_Init
                0x0000000008001acc       0x90 ./Drivers/STM32F0xx_HAL_Driver/Src/stm32f0xx_hal_uart_ex.o
                0x0000000008001acc                HAL_RS485Ex_Init
 .text.__libc_init_array
                0x0000000008001b5c       0x48 c:/st/stm32cubeide_1.11.2/stm32cubeide/plugins/com.st.stm32cube.ide.mcu.externaltools.gnu-tools-for-stm32.10.3-2021.10.win32_1.0.200.202301161003/tools/bin/../lib/gcc/arm-none-eabi/10.3.1/../../../../arm-none-eabi/lib/thumb/v6-m/nofp\libc_nano.a(lib_a-init.o)
                0x0000000008001b5c                __libc_init_array
 .text.memset   0x0000000008001ba4       0x10 c:/st/stm32cubeide_1.11.2/stm32cubeide/plugins/com.st.stm32cube.ide.mcu.externaltools.gnu-tools-for-stm32.10.3-2021.10.win32_1.0.200.202301161003/tools/bin/../lib/gcc/arm-none-eabi/10.3.1/../../../../arm-none-eabi/lib/thumb/v6-m/nofp\libc_nano.a(lib_a-memset.o)
                0x0000000008001ba4                memset
 *(.glue_7)
 .glue_7        0x0000000008001bb4        0x0 linker stubs
 *(.glue_7t)
 .glue_7t       0x0000000008001bb4        0x0 linker stubs
 *(.eh_frame)
 .eh_frame      0x0000000008001bb4        0x0 c:/st/stm32cubeide_1.11.2/stm32cubeide/plugins/com.st.stm32cube.ide.mcu.externaltools.gnu-tools-for-stm32.10.3-2021.10.win32_1.0.200.202301161003/tools/bin/../lib/gcc/arm-none-eabi/10.3.1/thumb/v6-m/nofp/crtbegin.o
 *(.init)
 .init          0x0000000008001bb4        0x4 c:/st/stm32cubeide_1.11.2/stm32cubeide/plugins/com.st.stm32cube.ide.mcu.externaltools.gnu-tools-for-stm32.10.3-2021.10.win32_1.0.200.202301161003/tools/bin/../lib/gcc/arm-none-eabi/10.3.1/thumb/v6-m/nofp/crti.o
                0x0000000008001bb4                _init
 .init          0x0000000008001bb8        0x8 c:/st/stm32cubeide_1.11.2/stm32cubeide/plugins/com.st.stm32cube.ide.mcu.externaltools.gnu-tools-for-stm32.10.3-2021.10.win32_1.0.200.202301161003/tools/bin/../lib/gcc/arm-none-eabi/10.3.1/thumb/v6-m/nofp/crtn.o
 *(.fini)
 .fini          0x0000000008001bc0        0x4 c:/st/stm32cubeide_1.11.2/stm32cubeide/plugins/com.st.stm32cube.ide.mcu.externaltools.gnu-tools-for-stm32.10.3-2021.10.win32_1.0.200.202301161003/tools/bin/../lib/gcc/arm-none-eabi/10.3.1/thumb/v6-m/nofp/crti.o
                0x0000000008001bc0                _fini
 .fini          0x0000000008001bc4        0x8 c:/st/stm32cubeide_1.11.2/stm32cubeide/plugins/com.st.stm32cube.ide.mcu.externaltools.gnu-tools-for-stm32.10.3-2021.10.win32_1.0.200.202301161003/tools/bin/../lib/gcc/arm-none-eabi/10.3.1/thumb/v6-m/nofp/crtn.o
                0x0000000008001bcc                . = ALIGN (0x4)
                0x0000000008001bcc                _etext = .

.vfp11_veneer   0x0000000008001bcc        0x0
 .vfp11_veneer  0x0000000008001bcc        0x0 linker stubs

.v4_bx          0x0000000008001bcc        0x0
 .v4_bx         0x0000000008001bcc        0x0 linker stubs

.iplt           0x0000000008001bcc        0x0
 .iplt          0x0000000008001bcc        0x0 c:/st/stm32cubeide_1.11.2/stm32cubeide/plugins/com.st.stm32cube.ide.mcu.externaltools.gnu-tools-for-stm32.10.3-2021.10.win32_1.0.200.202301161003/tools/bin/../lib/gcc/arm-none-eabi/10.3.1/thumb/v6-m/nofp/crtbegin.o

.rodata         0x0000000008001bcc       0x38
                0x0000000008001bcc                . = ALIGN (0x4)
 *(.rodata)
 *(.rodata*)
 .rodata.AHBPrescTable
                0x0000000008001bcc       0x10 ./Core/Src/system_stm32f0xx.o
                0x0000000008001bcc                AHBPrescTable
 .rodata.APBPrescTable
                0x0000000008001bdc        0x8 ./Core/Src/system_stm32f0xx.o
                0x0000000008001bdc                APBPrescTable
 .rodata.aPLLMULFactorTable.1
                0x0000000008001be4       0x10 ./Drivers/STM32F0xx_HAL_Driver/Src/stm32f0xx_hal_rcc.o
 .rodata.aPredivFactorTable.0
                0x0000000008001bf4       0x10 ./Drivers/STM32F0xx_HAL_Driver/Src/stm32f0xx_hal_rcc.o
                0x0000000008001c04                . = ALIGN (0x4)

.rel.dyn        0x0000000008001c04        0x0
 .rel.iplt      0x0000000008001c04        0x0 c:/st/stm32cubeide_1.11.2/stm32cubeide/plugins/com.st.stm32cube.ide.mcu.externaltools.gnu-tools-for-stm32.10.3-2021.10.win32_1.0.200.202301161003/tools/bin/../lib/gcc/arm-none-eabi/10.3.1/thumb/v6-m/nofp/crtbegin.o

.ARM.extab      0x0000000008001c04        0x0
                0x0000000008001c04                . = ALIGN (0x4)
 *(.ARM.extab* .gnu.linkonce.armextab.*)
                0x0000000008001c04                . = ALIGN (0x4)

.ARM            0x0000000008001c04        0x0
                0x0000000008001c04                . = ALIGN (0x4)
                0x0000000008001c04                __exidx_start = .
 *(.ARM.exidx*)
                0x0000000008001c04                __exidx_end = .
                0x0000000008001c04                . = ALIGN (0x4)

.preinit_array  0x0000000008001c04        0x0
                0x0000000008001c04                . = ALIGN (0x4)
                0x0000000008001c04                PROVIDE (__preinit_array_start = .)
 *(.preinit_array*)
                0x0000000008001c04                PROVIDE (__preinit_array_end = .)
                0x0000000008001c04                . = ALIGN (0x4)

.init_array     0x0000000008001c04        0x4
                0x0000000008001c04                . = ALIGN (0x4)
                0x0000000008001c04                PROVIDE (__init_array_start = .)
 *(SORT_BY_NAME(.init_array.*))
 *(.init_array*)
 .init_array    0x0000000008001c04        0x4 c:/st/stm32cubeide_1.11.2/stm32cubeide/plugins/com.st.stm32cube.ide.mcu.externaltools.gnu-tools-for-stm32.10.3-2021.10.win32_1.0.200.202301161003/tools/bin/../lib/gcc/arm-none-eabi/10.3.1/thumb/v6-m/nofp/crtbegin.o
                0x0000000008001c08                PROVIDE (__init_array_end = .)
                0x0000000008001c08                . = ALIGN (0x4)

.fini_array     0x0000000008001c08        0x4
                0x0000000008001c08                . = ALIGN (0x4)
                [!provide]                        PROVIDE (__fini_array_start = .)
 *(SORT_BY_NAME(.fini_array.*))
 *(.fini_array*)
 .fini_array    0x0000000008001c08        0x4 c:/st/stm32cubeide_1.11.2/stm32cubeide/plugins/com.st.stm32cube.ide.mcu.externaltools.gnu-tools-for-stm32.10.3-2021.10.win32_1.0.200.202301161003/tools/bin/../lib/gcc/arm-none-eabi/10.3.1/thumb/v6-m/nofp/crtbegin.o
                [!provide]                        PROVIDE (__fini_array_end = .)
                0x0000000008001c0c                . = ALIGN (0x4)
                0x0000000008001c0c                _sidata = LOADADDR (.data)

.data           0x0000000020000000        0xc load address 0x0000000008001c0c
                0x0000000020000000                . = ALIGN (0x4)
                0x0000000020000000                _sdata = .
 *(.data)
 *(.data*)
 .data.SystemCoreClock
                0x0000000020000000        0x4 ./Core/Src/system_stm32f0xx.o
                0x0000000020000000                SystemCoreClock
 .data.uwTickFreq
                0x0000000020000004        0x1 ./Drivers/STM32F0xx_HAL_Driver/Src/stm32f0xx_hal.o
                0x0000000020000004                uwTickFreq
 *fill*         0x0000000020000005        0x3 
 .data.uwTickPrio
                0x0000000020000008        0x4 ./Drivers/STM32F0xx_HAL_Driver/Src/stm32f0xx_hal.o
                0x0000000020000008                uwTickPrio
 *(.RamFunc)
 *(.RamFunc*)
                0x000000002000000c                . = ALIGN (0x4)
                0x000000002000000c                _edata = .

.igot.plt       0x000000002000000c        0x0 load address 0x0000000008001c18
 .igot.plt      0x000000002000000c        0x0 c:/st/stm32cubeide_1.11.2/stm32cubeide/plugins/com.st.stm32cube.ide.mcu.externaltools.gnu-tools-for-stm32.10.3-2021.10.win32_1.0.200.202301161003/tools/bin/../lib/gcc/arm-none-eabi/10.3.1/thumb/v6-m/nofp/crtbegin.o
                0x000000002000000c                . = ALIGN (0x4)

.bss            0x000000002000000c      0x170 load address 0x0000000008001c18
                0x000000002000000c                _sbss = .
                0x000000002000000c                __bss_start__ = _sbss
 *(.bss)
 .bss           0x000000002000000c       0x1c c:/st/stm32cubeide_1.11.2/stm32cubeide/plugins/com.st.stm32cube.ide.mcu.externaltools.gnu-tools-for-stm32.10.3-2021.10.win32_1.0.200.202301161003/tools/bin/../lib/gcc/arm-none-eabi/10.3.1/thumb/v6-m/nofp/crtbegin.o
 *(.bss*)
 .bss.error_led
                0x0000000020000028       0x1c ./Amscreen/Aplication/Tasks/Src/led_task.o
                0x0000000020000028                error_led
 .bss.initialised.0
                0x0000000020000044        0x1 ./Amscreen/Aplication/Tasks/Src/led_task.o
 *fill*         0x0000000020000045        0x3 
 .bss.status_led
                0x0000000020000048       0x1c ./Amscreen/Aplication/Tasks/Src/led_task.o
                0x0000000020000048                status_led
 .bss.hcan      0x0000000020000064       0x28 ./Core/Src/can.o
                0x0000000020000064                hcan
 .bss.hi2c2     0x000000002000008c       0x54 ./Core/Src/i2c.o
                0x000000002000008c                hi2c2
 .bss.hiwdg     0x00000000200000e0       0x10 ./Core/Src/iwdg.o
                0x00000000200000e0                hiwdg
 .bss.huart1    0x00000000200000f0       0x88 ./Core/Src/usart.o
                0x00000000200000f0                huart1
 .bss.uwTick    0x0000000020000178        0x4 ./Drivers/STM32F0xx_HAL_Driver/Src/stm32f0xx_hal.o
                0x0000000020000178                uwTick
 *(COMMON)
                0x000000002000017c                . = ALIGN (0x4)
                0x000000002000017c                _ebss = .
                0x000000002000017c                __bss_end__ = _ebss

._user_heap_stack
                0x000000002000017c      0x604 load address 0x0000000008001c18
                0x0000000020000180                . = ALIGN (0x8)
 *fill*         0x000000002000017c        0x4 
                [!provide]                        PROVIDE (end = .)
                0x0000000020000180                PROVIDE (_end = .)
                0x0000000020000380                . = (. + _Min_Heap_Size)
 *fill*         0x0000000020000180      0x200 
                0x0000000020000780                . = (. + _Min_Stack_Size)
 *fill*         0x0000000020000380      0x400 
                0x0000000020000780                . = ALIGN (0x8)

/DISCARD/
 libc.a(*)
 libm.a(*)
 libgcc.a(*)

.ARM.attributes
                0x0000000000000000       0x28
 *(.ARM.attributes)
 .ARM.attributes
                0x0000000000000000       0x1e c:/st/stm32cubeide_1.11.2/stm32cubeide/plugins/com.st.stm32cube.ide.mcu.externaltools.gnu-tools-for-stm32.10.3-2021.10.win32_1.0.200.202301161003/tools/bin/../lib/gcc/arm-none-eabi/10.3.1/thumb/v6-m/nofp/crti.o
 .ARM.attributes
                0x000000000000001e       0x2c c:/st/stm32cubeide_1.11.2/stm32cubeide/plugins/com.st.stm32cube.ide.mcu.externaltools.gnu-tools-for-stm32.10.3-2021.10.win32_1.0.200.202301161003/tools/bin/../lib/gcc/arm-none-eabi/10.3.1/thumb/v6-m/nofp/crtbegin.o
 .ARM.attributes
                0x000000000000004a       0x2c ./Amscreen/Aplication/Tasks/Src/app_task.o
 .ARM.attributes
                0x0000000000000076       0x2c ./Amscreen/Aplication/Tasks/Src/led_task.o
 .ARM.attributes
                0x00000000000000a2       0x2c ./Amscreen/Framework/Drivers/Src/led.o
 .ARM.attributes
                0x00000000000000ce       0x2c ./Amscreen/Framework/Libs/Src/millis.o
 .ARM.attributes
                0x00000000000000fa       0x2c ./Core/Src/can.o
 .ARM.attributes
                0x0000000000000126       0x2c ./Core/Src/gpio.o
 .ARM.attributes
                0x0000000000000152       0x2c ./Core/Src/i2c.o
 .ARM.attributes
                0x000000000000017e       0x2c ./Core/Src/iwdg.o
 .ARM.attributes
                0x00000000000001aa       0x2c ./Core/Src/main.o
 .ARM.attributes
                0x00000000000001d6       0x2c ./Core/Src/stm32f0xx_hal_msp.o
 .ARM.attributes
                0x0000000000000202       0x2c ./Core/Src/stm32f0xx_it.o
 .ARM.attributes
                0x000000000000022e       0x2c ./Core/Src/system_stm32f0xx.o
 .ARM.attributes
                0x000000000000025a       0x2c ./Core/Src/usart.o
 .ARM.attributes
                0x0000000000000286       0x21 ./Core/Startup/startup_stm32f072cbtx.o
 .ARM.attributes
                0x00000000000002a7       0x2c ./Drivers/STM32F0xx_HAL_Driver/Src/stm32f0xx_hal.o
 .ARM.attributes
                0x00000000000002d3       0x2c ./Drivers/STM32F0xx_HAL_Driver/Src/stm32f0xx_hal_can.o
 .ARM.attributes
                0x00000000000002ff       0x2c ./Drivers/STM32F0xx_HAL_Driver/Src/stm32f0xx_hal_cortex.o
 .ARM.attributes
                0x000000000000032b       0x2c ./Drivers/STM32F0xx_HAL_Driver/Src/stm32f0xx_hal_gpio.o
 .ARM.attributes
                0x0000000000000357       0x2c ./Drivers/STM32F0xx_HAL_Driver/Src/stm32f0xx_hal_i2c.o
 .ARM.attributes
                0x0000000000000383       0x2c ./Drivers/STM32F0xx_HAL_Driver/Src/stm32f0xx_hal_i2c_ex.o
 .ARM.attributes
                0x00000000000003af       0x2c ./Drivers/STM32F0xx_HAL_Driver/Src/stm32f0xx_hal_iwdg.o
 .ARM.attributes
                0x00000000000003db       0x2c ./Drivers/STM32F0xx_HAL_Driver/Src/stm32f0xx_hal_rcc.o
 .ARM.attributes
                0x0000000000000407       0x2c ./Drivers/STM32F0xx_HAL_Driver/Src/stm32f0xx_hal_rcc_ex.o
 .ARM.attributes
                0x0000000000000433       0x2c ./Drivers/STM32F0xx_HAL_Driver/Src/stm32f0xx_hal_uart.o
 .ARM.attributes
                0x000000000000045f       0x2c ./Drivers/STM32F0xx_HAL_Driver/Src/stm32f0xx_hal_uart_ex.o
 .ARM.attributes
                0x000000000000048b       0x2c c:/st/stm32cubeide_1.11.2/stm32cubeide/plugins/com.st.stm32cube.ide.mcu.externaltools.gnu-tools-for-stm32.10.3-2021.10.win32_1.0.200.202301161003/tools/bin/../lib/gcc/arm-none-eabi/10.3.1/../../../../arm-none-eabi/lib/thumb/v6-m/nofp\libc_nano.a(lib_a-init.o)
 .ARM.attributes
                0x00000000000004b7       0x2c c:/st/stm32cubeide_1.11.2/stm32cubeide/plugins/com.st.stm32cube.ide.mcu.externaltools.gnu-tools-for-stm32.10.3-2021.10.win32_1.0.200.202301161003/tools/bin/../lib/gcc/arm-none-eabi/10.3.1/../../../../arm-none-eabi/lib/thumb/v6-m/nofp\libc_nano.a(lib_a-memset.o)
 .ARM.attributes
                0x00000000000004e3       0x1e c:/st/stm32cubeide_1.11.2/stm32cubeide/plugins/com.st.stm32cube.ide.mcu.externaltools.gnu-tools-for-stm32.10.3-2021.10.win32_1.0.200.202301161003/tools/bin/../lib/gcc/arm-none-eabi/10.3.1/thumb/v6-m/nofp\libgcc.a(_udivsi3.o)
 .ARM.attributes
                0x0000000000000501       0x1e c:/st/stm32cubeide_1.11.2/stm32cubeide/plugins/com.st.stm32cube.ide.mcu.externaltools.gnu-tools-for-stm32.10.3-2021.10.win32_1.0.200.202301161003/tools/bin/../lib/gcc/arm-none-eabi/10.3.1/thumb/v6-m/nofp\libgcc.a(_dvmd_tls.o)
 .ARM.attributes
                0x000000000000051f       0x1e c:/st/stm32cubeide_1.11.2/stm32cubeide/plugins/com.st.stm32cube.ide.mcu.externaltools.gnu-tools-for-stm32.10.3-2021.10.win32_1.0.200.202301161003/tools/bin/../lib/gcc/arm-none-eabi/10.3.1/thumb/v6-m/nofp/crtn.o
OUTPUT(hal_stm32f072cbt6_template.elf elf32-littlearm)
LOAD linker stubs
LOAD c:/st/stm32cubeide_1.11.2/stm32cubeide/plugins/com.st.stm32cube.ide.mcu.externaltools.gnu-tools-for-stm32.10.3-2021.10.win32_1.0.200.202301161003/tools/bin/../lib/gcc/arm-none-eabi/10.3.1/../../../../arm-none-eabi/lib/thumb/v6-m/nofp\libc.a
LOAD c:/st/stm32cubeide_1.11.2/stm32cubeide/plugins/com.st.stm32cube.ide.mcu.externaltools.gnu-tools-for-stm32.10.3-2021.10.win32_1.0.200.202301161003/tools/bin/../lib/gcc/arm-none-eabi/10.3.1/../../../../arm-none-eabi/lib/thumb/v6-m/nofp\libm.a
LOAD c:/st/stm32cubeide_1.11.2/stm32cubeide/plugins/com.st.stm32cube.ide.mcu.externaltools.gnu-tools-for-stm32.10.3-2021.10.win32_1.0.200.202301161003/tools/bin/../lib/gcc/arm-none-eabi/10.3.1/thumb/v6-m/nofp\libgcc.a

.debug_info     0x0000000000000000    0x121ed
 .debug_info    0x0000000000000000       0xaa ./Amscreen/Aplication/Tasks/Src/app_task.o
 .debug_info    0x00000000000000aa      0x53f ./Amscreen/Aplication/Tasks/Src/led_task.o
 .debug_info    0x00000000000005e9      0x41c ./Amscreen/Framework/Drivers/Src/led.o
 .debug_info    0x0000000000000a05      0x12e ./Amscreen/Framework/Libs/Src/millis.o
 .debug_info    0x0000000000000b33      0x859 ./Core/Src/can.o
 .debug_info    0x000000000000138c      0x3f7 ./Core/Src/gpio.o
 .debug_info    0x0000000000001783      0xa53 ./Core/Src/i2c.o
 .debug_info    0x00000000000021d6      0x206 ./Core/Src/iwdg.o
 .debug_info    0x00000000000023dc      0x5d4 ./Core/Src/main.o
 .debug_info    0x00000000000029b0      0x1b8 ./Core/Src/stm32f0xx_hal_msp.o
 .debug_info    0x0000000000002b68       0xe8 ./Core/Src/stm32f0xx_it.o
 .debug_info    0x0000000000002c50      0x2a1 ./Core/Src/system_stm32f0xx.o
 .debug_info    0x0000000000002ef1      0xa46 ./Core/Src/usart.o
 .debug_info    0x0000000000003937       0x22 ./Core/Startup/startup_stm32f072cbtx.o
 .debug_info    0x0000000000003959      0x79c ./Drivers/STM32F0xx_HAL_Driver/Src/stm32f0xx_hal.o
 .debug_info    0x00000000000040f5     0x1220 ./Drivers/STM32F0xx_HAL_Driver/Src/stm32f0xx_hal_can.o
 .debug_info    0x0000000000005315      0x868 ./Drivers/STM32F0xx_HAL_Driver/Src/stm32f0xx_hal_cortex.o
 .debug_info    0x0000000000005b7d      0x668 ./Drivers/STM32F0xx_HAL_Driver/Src/stm32f0xx_hal_gpio.o
 .debug_info    0x00000000000061e5     0x4243 ./Drivers/STM32F0xx_HAL_Driver/Src/stm32f0xx_hal_i2c.o
 .debug_info    0x000000000000a428      0x8df ./Drivers/STM32F0xx_HAL_Driver/Src/stm32f0xx_hal_i2c_ex.o
 .debug_info    0x000000000000ad07      0x22a ./Drivers/STM32F0xx_HAL_Driver/Src/stm32f0xx_hal_iwdg.o
 .debug_info    0x000000000000af31      0xae5 ./Drivers/STM32F0xx_HAL_Driver/Src/stm32f0xx_hal_rcc.o
 .debug_info    0x000000000000ba16      0x754 ./Drivers/STM32F0xx_HAL_Driver/Src/stm32f0xx_hal_rcc_ex.o
 .debug_info    0x000000000000c16a     0x5184 ./Drivers/STM32F0xx_HAL_Driver/Src/stm32f0xx_hal_uart.o
 .debug_info    0x00000000000112ee      0xeff ./Drivers/STM32F0xx_HAL_Driver/Src/stm32f0xx_hal_uart_ex.o

.debug_abbrev   0x0000000000000000     0x2ae5
 .debug_abbrev  0x0000000000000000       0x81 ./Amscreen/Aplication/Tasks/Src/app_task.o
 .debug_abbrev  0x0000000000000081      0x1a9 ./Amscreen/Aplication/Tasks/Src/led_task.o
 .debug_abbrev  0x000000000000022a      0x1c7 ./Amscreen/Framework/Drivers/Src/led.o
 .debug_abbrev  0x00000000000003f1       0x97 ./Amscreen/Framework/Libs/Src/millis.o
 .debug_abbrev  0x0000000000000488      0x221 ./Core/Src/can.o
 .debug_abbrev  0x00000000000006a9      0x174 ./Core/Src/gpio.o
 .debug_abbrev  0x000000000000081d      0x222 ./Core/Src/i2c.o
 .debug_abbrev  0x0000000000000a3f      0x159 ./Core/Src/iwdg.o
 .debug_abbrev  0x0000000000000b98      0x215 ./Core/Src/main.o
 .debug_abbrev  0x0000000000000dad       0xc2 ./Core/Src/stm32f0xx_hal_msp.o
 .debug_abbrev  0x0000000000000e6f       0x81 ./Core/Src/stm32f0xx_it.o
 .debug_abbrev  0x0000000000000ef0      0x134 ./Core/Src/system_stm32f0xx.o
 .debug_abbrev  0x0000000000001024      0x207 ./Core/Src/usart.o
 .debug_abbrev  0x000000000000122b       0x12 ./Core/Startup/startup_stm32f072cbtx.o
 .debug_abbrev  0x000000000000123d      0x237 ./Drivers/STM32F0xx_HAL_Driver/Src/stm32f0xx_hal.o
 .debug_abbrev  0x0000000000001474      0x1fd ./Drivers/STM32F0xx_HAL_Driver/Src/stm32f0xx_hal_can.o
 .debug_abbrev  0x0000000000001671      0x296 ./Drivers/STM32F0xx_HAL_Driver/Src/stm32f0xx_hal_cortex.o
 .debug_abbrev  0x0000000000001907      0x1e9 ./Drivers/STM32F0xx_HAL_Driver/Src/stm32f0xx_hal_gpio.o
 .debug_abbrev  0x0000000000001af0      0x291 ./Drivers/STM32F0xx_HAL_Driver/Src/stm32f0xx_hal_i2c.o
 .debug_abbrev  0x0000000000001d81      0x1b6 ./Drivers/STM32F0xx_HAL_Driver/Src/stm32f0xx_hal_i2c_ex.o
 .debug_abbrev  0x0000000000001f37      0x15e ./Drivers/STM32F0xx_HAL_Driver/Src/stm32f0xx_hal_iwdg.o
 .debug_abbrev  0x0000000000002095      0x298 ./Drivers/STM32F0xx_HAL_Driver/Src/stm32f0xx_hal_rcc.o
 .debug_abbrev  0x000000000000232d      0x1d4 ./Drivers/STM32F0xx_HAL_Driver/Src/stm32f0xx_hal_rcc_ex.o
 .debug_abbrev  0x0000000000002501      0x303 ./Drivers/STM32F0xx_HAL_Driver/Src/stm32f0xx_hal_uart.o
 .debug_abbrev  0x0000000000002804      0x2e1 ./Drivers/STM32F0xx_HAL_Driver/Src/stm32f0xx_hal_uart_ex.o

.debug_aranges  0x0000000000000000      0xc28
 .debug_aranges
                0x0000000000000000       0x28 ./Amscreen/Aplication/Tasks/Src/app_task.o
 .debug_aranges
                0x0000000000000028       0x70 ./Amscreen/Aplication/Tasks/Src/led_task.o
 .debug_aranges
                0x0000000000000098       0x40 ./Amscreen/Framework/Drivers/Src/led.o
 .debug_aranges
                0x00000000000000d8       0x28 ./Amscreen/Framework/Libs/Src/millis.o
 .debug_aranges
                0x0000000000000100       0x30 ./Core/Src/can.o
 .debug_aranges
                0x0000000000000130       0x20 ./Core/Src/gpio.o
 .debug_aranges
                0x0000000000000150       0x30 ./Core/Src/i2c.o
 .debug_aranges
                0x0000000000000180       0x20 ./Core/Src/iwdg.o
 .debug_aranges
                0x00000000000001a0       0x30 ./Core/Src/main.o
 .debug_aranges
                0x00000000000001d0       0x20 ./Core/Src/stm32f0xx_hal_msp.o
 .debug_aranges
                0x00000000000001f0       0x40 ./Core/Src/stm32f0xx_it.o
 .debug_aranges
                0x0000000000000230       0x28 ./Core/Src/system_stm32f0xx.o
 .debug_aranges
                0x0000000000000258       0x30 ./Core/Src/usart.o
 .debug_aranges
                0x0000000000000288       0x28 ./Core/Startup/startup_stm32f072cbtx.o
 .debug_aranges
                0x00000000000002b0       0xd0 ./Drivers/STM32F0xx_HAL_Driver/Src/stm32f0xx_hal.o
 .debug_aranges
                0x0000000000000380      0x138 ./Drivers/STM32F0xx_HAL_Driver/Src/stm32f0xx_hal_can.o
 .debug_aranges
                0x00000000000004b8       0x78 ./Drivers/STM32F0xx_HAL_Driver/Src/stm32f0xx_hal_cortex.o
 .debug_aranges
                0x0000000000000530       0x58 ./Drivers/STM32F0xx_HAL_Driver/Src/stm32f0xx_hal_gpio.o
 .debug_aranges
                0x0000000000000588      0x2a0 ./Drivers/STM32F0xx_HAL_Driver/Src/stm32f0xx_hal_i2c.o
 .debug_aranges
                0x0000000000000828       0x48 ./Drivers/STM32F0xx_HAL_Driver/Src/stm32f0xx_hal_i2c_ex.o
 .debug_aranges
                0x0000000000000870       0x28 ./Drivers/STM32F0xx_HAL_Driver/Src/stm32f0xx_hal_iwdg.o
 .debug_aranges
                0x0000000000000898       0x80 ./Drivers/STM32F0xx_HAL_Driver/Src/stm32f0xx_hal_rcc.o
 .debug_aranges
                0x0000000000000918       0x78 ./Drivers/STM32F0xx_HAL_Driver/Src/stm32f0xx_hal_rcc_ex.o
 .debug_aranges
                0x0000000000000990      0x228 ./Drivers/STM32F0xx_HAL_Driver/Src/stm32f0xx_hal_uart.o
 .debug_aranges
                0x0000000000000bb8       0x70 ./Drivers/STM32F0xx_HAL_Driver/Src/stm32f0xx_hal_uart_ex.o

.debug_ranges   0x0000000000000000      0xb30
 .debug_ranges  0x0000000000000000       0x18 ./Amscreen/Aplication/Tasks/Src/app_task.o
 .debug_ranges  0x0000000000000018       0x60 ./Amscreen/Aplication/Tasks/Src/led_task.o
 .debug_ranges  0x0000000000000078       0x30 ./Amscreen/Framework/Drivers/Src/led.o
 .debug_ranges  0x00000000000000a8       0x18 ./Amscreen/Framework/Libs/Src/millis.o
 .debug_ranges  0x00000000000000c0       0x20 ./Core/Src/can.o
 .debug_ranges  0x00000000000000e0       0x10 ./Core/Src/gpio.o
 .debug_ranges  0x00000000000000f0       0x20 ./Core/Src/i2c.o
 .debug_ranges  0x0000000000000110       0x10 ./Core/Src/iwdg.o
 .debug_ranges  0x0000000000000120       0x20 ./Core/Src/main.o
 .debug_ranges  0x0000000000000140       0x10 ./Core/Src/stm32f0xx_hal_msp.o
 .debug_ranges  0x0000000000000150       0x30 ./Core/Src/stm32f0xx_it.o
 .debug_ranges  0x0000000000000180       0x18 ./Core/Src/system_stm32f0xx.o
 .debug_ranges  0x0000000000000198       0x20 ./Core/Src/usart.o
 .debug_ranges  0x00000000000001b8       0x20 ./Core/Startup/startup_stm32f072cbtx.o
 .debug_ranges  0x00000000000001d8       0xc0 ./Drivers/STM32F0xx_HAL_Driver/Src/stm32f0xx_hal.o
 .debug_ranges  0x0000000000000298      0x128 ./Drivers/STM32F0xx_HAL_Driver/Src/stm32f0xx_hal_can.o
 .debug_ranges  0x00000000000003c0       0xc8 ./Drivers/STM32F0xx_HAL_Driver/Src/stm32f0xx_hal_cortex.o
 .debug_ranges  0x0000000000000488       0x48 ./Drivers/STM32F0xx_HAL_Driver/Src/stm32f0xx_hal_gpio.o
 .debug_ranges  0x00000000000004d0      0x290 ./Drivers/STM32F0xx_HAL_Driver/Src/stm32f0xx_hal_i2c.o
 .debug_ranges  0x0000000000000760       0x38 ./Drivers/STM32F0xx_HAL_Driver/Src/stm32f0xx_hal_i2c_ex.o
 .debug_ranges  0x0000000000000798       0x18 ./Drivers/STM32F0xx_HAL_Driver/Src/stm32f0xx_hal_iwdg.o
 .debug_ranges  0x00000000000007b0       0x88 ./Drivers/STM32F0xx_HAL_Driver/Src/stm32f0xx_hal_rcc.o
 .debug_ranges  0x0000000000000838       0x80 ./Drivers/STM32F0xx_HAL_Driver/Src/stm32f0xx_hal_rcc_ex.o
 .debug_ranges  0x00000000000008b8      0x218 ./Drivers/STM32F0xx_HAL_Driver/Src/stm32f0xx_hal_uart.o
 .debug_ranges  0x0000000000000ad0       0x60 ./Drivers/STM32F0xx_HAL_Driver/Src/stm32f0xx_hal_uart_ex.o

.debug_macro    0x0000000000000000    0x1a072
 .debug_macro   0x0000000000000000       0x6d ./Amscreen/Aplication/Tasks/Src/app_task.o
 .debug_macro   0x000000000000006d      0xa4e ./Amscreen/Aplication/Tasks/Src/app_task.o
 .debug_macro   0x0000000000000abb       0x22 ./Amscreen/Aplication/Tasks/Src/app_task.o
 .debug_macro   0x0000000000000add       0x8e ./Amscreen/Aplication/Tasks/Src/app_task.o
 .debug_macro   0x0000000000000b6b       0x51 ./Amscreen/Aplication/Tasks/Src/app_task.o
 .debug_macro   0x0000000000000bbc      0x103 ./Amscreen/Aplication/Tasks/Src/app_task.o
 .debug_macro   0x0000000000000cbf       0x6a ./Amscreen/Aplication/Tasks/Src/app_task.o
 .debug_macro   0x0000000000000d29      0x1df ./Amscreen/Aplication/Tasks/Src/app_task.o
 .debug_macro   0x0000000000000f08      0x222 ./Amscreen/Aplication/Tasks/Src/led_task.o
 .debug_macro   0x000000000000112a       0x22 ./Amscreen/Aplication/Tasks/Src/led_task.o
 .debug_macro   0x000000000000114c      0x139 ./Amscreen/Aplication/Tasks/Src/led_task.o
 .debug_macro   0x0000000000001285       0x2e ./Amscreen/Aplication/Tasks/Src/led_task.o
 .debug_macro   0x00000000000012b3       0x22 ./Amscreen/Aplication/Tasks/Src/led_task.o
 .debug_macro   0x00000000000012d5       0x1c ./Amscreen/Aplication/Tasks/Src/led_task.o
 .debug_macro   0x00000000000012f1       0x22 ./Amscreen/Aplication/Tasks/Src/led_task.o
 .debug_macro   0x0000000000001313       0xaf ./Amscreen/Aplication/Tasks/Src/led_task.o
 .debug_macro   0x00000000000013c2      0x391 ./Amscreen/Aplication/Tasks/Src/led_task.o
 .debug_macro   0x0000000000001753     0xfe73 ./Amscreen/Aplication/Tasks/Src/led_task.o
 .debug_macro   0x00000000000115c6       0x66 ./Amscreen/Aplication/Tasks/Src/led_task.o
 .debug_macro   0x000000000001162c     0x34be ./Amscreen/Aplication/Tasks/Src/led_task.o
 .debug_macro   0x0000000000014aea      0x174 ./Amscreen/Aplication/Tasks/Src/led_task.o
 .debug_macro   0x0000000000014c5e       0x55 ./Amscreen/Aplication/Tasks/Src/led_task.o
 .debug_macro   0x0000000000014cb3      0x946 ./Amscreen/Aplication/Tasks/Src/led_task.o
 .debug_macro   0x00000000000155f9      0x5f3 ./Amscreen/Aplication/Tasks/Src/led_task.o
 .debug_macro   0x0000000000015bec      0x1ae ./Amscreen/Aplication/Tasks/Src/led_task.o
 .debug_macro   0x0000000000015d9a      0x1a7 ./Amscreen/Aplication/Tasks/Src/led_task.o
 .debug_macro   0x0000000000015f41      0x1a7 ./Amscreen/Aplication/Tasks/Src/led_task.o
 .debug_macro   0x00000000000160e8      0x22c ./Amscreen/Aplication/Tasks/Src/led_task.o
 .debug_macro   0x0000000000016314       0x34 ./Amscreen/Aplication/Tasks/Src/led_task.o
 .debug_macro   0x0000000000016348       0x43 ./Amscreen/Aplication/Tasks/Src/led_task.o
 .debug_macro   0x000000000001638b       0x28 ./Amscreen/Aplication/Tasks/Src/led_task.o
 .debug_macro   0x00000000000163b3      0x408 ./Amscreen/Aplication/Tasks/Src/led_task.o
 .debug_macro   0x00000000000167bb       0xb0 ./Amscreen/Aplication/Tasks/Src/led_task.o
 .debug_macro   0x000000000001686b      0x217 ./Amscreen/Aplication/Tasks/Src/led_task.o
 .debug_macro   0x0000000000016a82      0x22c ./Amscreen/Aplication/Tasks/Src/led_task.o
 .debug_macro   0x0000000000016cae       0x61 ./Amscreen/Aplication/Tasks/Src/led_task.o
 .debug_macro   0x0000000000016d0f       0xa5 ./Amscreen/Aplication/Tasks/Src/led_task.o
 .debug_macro   0x0000000000016db4       0x85 ./Amscreen/Aplication/Tasks/Src/led_task.o
 .debug_macro   0x0000000000016e39       0x4c ./Amscreen/Aplication/Tasks/Src/led_task.o
 .debug_macro   0x0000000000016e85      0x16d ./Amscreen/Aplication/Tasks/Src/led_task.o
 .debug_macro   0x0000000000016ff2      0x5ba ./Amscreen/Aplication/Tasks/Src/led_task.o
 .debug_macro   0x00000000000175ac       0x44 ./Amscreen/Aplication/Tasks/Src/led_task.o
 .debug_macro   0x00000000000175f0      0x130 ./Amscreen/Aplication/Tasks/Src/led_task.o
 .debug_macro   0x0000000000017720       0x22 ./Amscreen/Aplication/Tasks/Src/led_task.o
 .debug_macro   0x0000000000017742      0x1df ./Amscreen/Framework/Drivers/Src/led.o
 .debug_macro   0x0000000000017921      0x1d5 ./Amscreen/Framework/Libs/Src/millis.o
 .debug_macro   0x0000000000017af6      0x1db ./Core/Src/can.o
 .debug_macro   0x0000000000017cd1       0x1c ./Core/Src/can.o
 .debug_macro   0x0000000000017ced      0x1db ./Core/Src/gpio.o
 .debug_macro   0x0000000000017ec8      0x1db ./Core/Src/i2c.o
 .debug_macro   0x00000000000180a3      0x1db ./Core/Src/iwdg.o
 .debug_macro   0x000000000001827e      0x207 ./Core/Src/main.o
 .debug_macro   0x0000000000018485      0x1d1 ./Core/Src/stm32f0xx_hal_msp.o
 .debug_macro   0x0000000000018656      0x1db ./Core/Src/stm32f0xx_it.o
 .debug_macro   0x0000000000018831      0x1c2 ./Core/Src/system_stm32f0xx.o
 .debug_macro   0x00000000000189f3      0x1db ./Core/Src/usart.o
 .debug_macro   0x0000000000018bce      0x1e6 ./Drivers/STM32F0xx_HAL_Driver/Src/stm32f0xx_hal.o
 .debug_macro   0x0000000000018db4      0x1ca ./Drivers/STM32F0xx_HAL_Driver/Src/stm32f0xx_hal_can.o
 .debug_macro   0x0000000000018f7e      0x1c2 ./Drivers/STM32F0xx_HAL_Driver/Src/stm32f0xx_hal_cortex.o
 .debug_macro   0x0000000000019140      0x1c9 ./Drivers/STM32F0xx_HAL_Driver/Src/stm32f0xx_hal_gpio.o
 .debug_macro   0x0000000000019309      0x28e ./Drivers/STM32F0xx_HAL_Driver/Src/stm32f0xx_hal_i2c.o
 .debug_macro   0x0000000000019597      0x1c2 ./Drivers/STM32F0xx_HAL_Driver/Src/stm32f0xx_hal_i2c_ex.o
 .debug_macro   0x0000000000019759      0x1d0 ./Drivers/STM32F0xx_HAL_Driver/Src/stm32f0xx_hal_iwdg.o
 .debug_macro   0x0000000000019929      0x1d4 ./Drivers/STM32F0xx_HAL_Driver/Src/stm32f0xx_hal_rcc.o
 .debug_macro   0x0000000000019afd      0x1d4 ./Drivers/STM32F0xx_HAL_Driver/Src/stm32f0xx_hal_rcc_ex.o
 .debug_macro   0x0000000000019cd1      0x1df ./Drivers/STM32F0xx_HAL_Driver/Src/stm32f0xx_hal_uart.o
 .debug_macro   0x0000000000019eb0      0x1c2 ./Drivers/STM32F0xx_HAL_Driver/Src/stm32f0xx_hal_uart_ex.o

.debug_line     0x0000000000000000    0x16d76
 .debug_line    0x0000000000000000      0x443 ./Amscreen/Aplication/Tasks/Src/app_task.o
 .debug_line    0x0000000000000443      0x9be ./Amscreen/Aplication/Tasks/Src/led_task.o
 .debug_line    0x0000000000000e01      0x926 ./Amscreen/Framework/Drivers/Src/led.o
 .debug_line    0x0000000000001727      0x7b3 ./Amscreen/Framework/Libs/Src/millis.o
 .debug_line    0x0000000000001eda      0x7ec ./Core/Src/can.o
 .debug_line    0x00000000000026c6      0x729 ./Core/Src/gpio.o
 .debug_line    0x0000000000002def      0x7f2 ./Core/Src/i2c.o
 .debug_line    0x00000000000035e1      0x70c ./Core/Src/iwdg.o
 .debug_line    0x0000000000003ced      0x816 ./Core/Src/main.o
 .debug_line    0x0000000000004503      0x6e8 ./Core/Src/stm32f0xx_hal_msp.o
 .debug_line    0x0000000000004beb      0x75b ./Core/Src/stm32f0xx_it.o
 .debug_line    0x0000000000005346      0x79c ./Core/Src/system_stm32f0xx.o
 .debug_line    0x0000000000005ae2      0x7e0 ./Core/Src/usart.o
 .debug_line    0x00000000000062c2       0x89 ./Core/Startup/startup_stm32f072cbtx.o
 .debug_line    0x000000000000634b      0x9d9 ./Drivers/STM32F0xx_HAL_Driver/Src/stm32f0xx_hal.o
 .debug_line    0x0000000000006d24     0x15af ./Drivers/STM32F0xx_HAL_Driver/Src/stm32f0xx_hal_can.o
 .debug_line    0x00000000000082d3      0xa51 ./Drivers/STM32F0xx_HAL_Driver/Src/stm32f0xx_hal_cortex.o
 .debug_line    0x0000000000008d24      0xb8a ./Drivers/STM32F0xx_HAL_Driver/Src/stm32f0xx_hal_gpio.o
 .debug_line    0x00000000000098ae     0x546d ./Drivers/STM32F0xx_HAL_Driver/Src/stm32f0xx_hal_i2c.o
 .debug_line    0x000000000000ed1b      0x9dd ./Drivers/STM32F0xx_HAL_Driver/Src/stm32f0xx_hal_i2c_ex.o
 .debug_line    0x000000000000f6f8      0x78f ./Drivers/STM32F0xx_HAL_Driver/Src/stm32f0xx_hal_iwdg.o
 .debug_line    0x000000000000fe87     0x1117 ./Drivers/STM32F0xx_HAL_Driver/Src/stm32f0xx_hal_rcc.o
 .debug_line    0x0000000000010f9e      0xe52 ./Drivers/STM32F0xx_HAL_Driver/Src/stm32f0xx_hal_rcc_ex.o
 .debug_line    0x0000000000011df0     0x419b ./Drivers/STM32F0xx_HAL_Driver/Src/stm32f0xx_hal_uart.o
 .debug_line    0x0000000000015f8b      0xdeb ./Drivers/STM32F0xx_HAL_Driver/Src/stm32f0xx_hal_uart_ex.o

.debug_str      0x0000000000000000    0x90d65
 .debug_str     0x0000000000000000     0x3a32 ./Amscreen/Aplication/Tasks/Src/app_task.o
                                       0x3b8d (size before relaxing)
 .debug_str     0x0000000000003a32    0x89764 ./Amscreen/Aplication/Tasks/Src/led_task.o
                                      0x8d3dc (size before relaxing)
 .debug_str     0x000000000008d196       0x7a ./Amscreen/Framework/Drivers/Src/led.o
                                      0x8d168 (size before relaxing)
 .debug_str     0x000000000008d210       0x4c ./Amscreen/Framework/Libs/Src/millis.o
                                      0x8d089 (size before relaxing)
 .debug_str     0x000000000008d25c      0x3da ./Core/Src/can.o
                                      0x8d4a0 (size before relaxing)
 .debug_str     0x000000000008d636       0x2c ./Core/Src/gpio.o
                                      0x8d1a4 (size before relaxing)
 .debug_str     0x000000000008d662      0x442 ./Core/Src/i2c.o
                                      0x8d6cb (size before relaxing)
 .debug_str     0x000000000008daa4       0x7d ./Core/Src/iwdg.o
                                      0x8d11d (size before relaxing)
 .debug_str     0x000000000008db21      0x281 ./Core/Src/main.o
                                      0x8d3ed (size before relaxing)
 .debug_str     0x000000000008dda2       0x2c ./Core/Src/stm32f0xx_hal_msp.o
                                      0x8d0c1 (size before relaxing)
 .debug_str     0x000000000008ddce       0x82 ./Core/Src/stm32f0xx_it.o
                                      0x8d0a9 (size before relaxing)
 .debug_str     0x000000000008de50       0x99 ./Core/Src/system_stm32f0xx.o
                                      0x8d0c5 (size before relaxing)
 .debug_str     0x000000000008dee9      0x252 ./Core/Src/usart.o
                                      0x8d62f (size before relaxing)
 .debug_str     0x000000000008e13b       0x36 ./Core/Startup/startup_stm32f072cbtx.o
                                         0xa1 (size before relaxing)
 .debug_str     0x000000000008e171      0x4e8 ./Drivers/STM32F0xx_HAL_Driver/Src/stm32f0xx_hal.o
                                      0x8d6bb (size before relaxing)
 .debug_str     0x000000000008e659      0x558 ./Drivers/STM32F0xx_HAL_Driver/Src/stm32f0xx_hal_can.o
                                      0x8d888 (size before relaxing)
 .debug_str     0x000000000008ebb1      0x1a0 ./Drivers/STM32F0xx_HAL_Driver/Src/stm32f0xx_hal_cortex.o
                                      0x8d49e (size before relaxing)
 .debug_str     0x000000000008ed51      0x113 ./Drivers/STM32F0xx_HAL_Driver/Src/stm32f0xx_hal_gpio.o
                                      0x8d258 (size before relaxing)
 .debug_str     0x000000000008ee64      0xe65 ./Drivers/STM32F0xx_HAL_Driver/Src/stm32f0xx_hal_i2c.o
                                      0x8e418 (size before relaxing)
 .debug_str     0x000000000008fcc9       0xb8 ./Drivers/STM32F0xx_HAL_Driver/Src/stm32f0xx_hal_i2c_ex.o
                                      0x8d63f (size before relaxing)
 .debug_str     0x000000000008fd81       0xe2 ./Drivers/STM32F0xx_HAL_Driver/Src/stm32f0xx_hal_iwdg.o
                                      0x8d178 (size before relaxing)
 .debug_str     0x000000000008fe63      0x20f ./Drivers/STM32F0xx_HAL_Driver/Src/stm32f0xx_hal_rcc.o
                                      0x8d50c (size before relaxing)
 .debug_str     0x0000000000090072      0x2b8 ./Drivers/STM32F0xx_HAL_Driver/Src/stm32f0xx_hal_rcc_ex.o
                                      0x8d4c4 (size before relaxing)
 .debug_str     0x000000000009032a      0x894 ./Drivers/STM32F0xx_HAL_Driver/Src/stm32f0xx_hal_uart.o
                                      0x8de29 (size before relaxing)
 .debug_str     0x0000000000090bbe      0x1a7 ./Drivers/STM32F0xx_HAL_Driver/Src/stm32f0xx_hal_uart_ex.o
                                      0x8d74c (size before relaxing)

.comment        0x0000000000000000       0x50
 .comment       0x0000000000000000       0x50 ./Amscreen/Aplication/Tasks/Src/app_task.o
                                         0x51 (size before relaxing)
 .comment       0x0000000000000050       0x51 ./Amscreen/Aplication/Tasks/Src/led_task.o
 .comment       0x0000000000000050       0x51 ./Amscreen/Framework/Drivers/Src/led.o
 .comment       0x0000000000000050       0x51 ./Amscreen/Framework/Libs/Src/millis.o
 .comment       0x0000000000000050       0x51 ./Core/Src/can.o
 .comment       0x0000000000000050       0x51 ./Core/Src/gpio.o
 .comment       0x0000000000000050       0x51 ./Core/Src/i2c.o
 .comment       0x0000000000000050       0x51 ./Core/Src/iwdg.o
 .comment       0x0000000000000050       0x51 ./Core/Src/main.o
 .comment       0x0000000000000050       0x51 ./Core/Src/stm32f0xx_hal_msp.o
 .comment       0x0000000000000050       0x51 ./Core/Src/stm32f0xx_it.o
 .comment       0x0000000000000050       0x51 ./Core/Src/system_stm32f0xx.o
 .comment       0x0000000000000050       0x51 ./Core/Src/usart.o
 .comment       0x0000000000000050       0x51 ./Drivers/STM32F0xx_HAL_Driver/Src/stm32f0xx_hal.o
 .comment       0x0000000000000050       0x51 ./Drivers/STM32F0xx_HAL_Driver/Src/stm32f0xx_hal_can.o
 .comment       0x0000000000000050       0x51 ./Drivers/STM32F0xx_HAL_Driver/Src/stm32f0xx_hal_cortex.o
 .comment       0x0000000000000050       0x51 ./Drivers/STM32F0xx_HAL_Driver/Src/stm32f0xx_hal_gpio.o
 .comment       0x0000000000000050       0x51 ./Drivers/STM32F0xx_HAL_Driver/Src/stm32f0xx_hal_i2c.o
 .comment       0x0000000000000050       0x51 ./Drivers/STM32F0xx_HAL_Driver/Src/stm32f0xx_hal_i2c_ex.o
 .comment       0x0000000000000050       0x51 ./Drivers/STM32F0xx_HAL_Driver/Src/stm32f0xx_hal_iwdg.o
 .comment       0x0000000000000050       0x51 ./Drivers/STM32F0xx_HAL_Driver/Src/stm32f0xx_hal_rcc.o
 .comment       0x0000000000000050       0x51 ./Drivers/STM32F0xx_HAL_Driver/Src/stm32f0xx_hal_rcc_ex.o
 .comment       0x0000000000000050       0x51 ./Drivers/STM32F0xx_HAL_Driver/Src/stm32f0xx_hal_uart.o
 .comment       0x0000000000000050       0x51 ./Drivers/STM32F0xx_HAL_Driver/Src/stm32f0xx_hal_uart_ex.o

.debug_frame    0x0000000000000000     0x1e40
 .debug_frame   0x0000000000000000       0x38 ./Amscreen/Aplication/Tasks/Src/app_task.o
 .debug_frame   0x0000000000000038      0x118 ./Amscreen/Aplication/Tasks/Src/led_task.o
 .debug_frame   0x0000000000000150       0x88 ./Amscreen/Framework/Drivers/Src/led.o
 .debug_frame   0x00000000000001d8       0x44 ./Amscreen/Framework/Libs/Src/millis.o
 .debug_frame   0x000000000000021c       0x5c ./Core/Src/can.o
 .debug_frame   0x0000000000000278       0x2c ./Core/Src/gpio.o
 .debug_frame   0x00000000000002a4       0x5c ./Core/Src/i2c.o
 .debug_frame   0x0000000000000300       0x28 ./Core/Src/iwdg.o
 .debug_frame   0x0000000000000328       0x50 ./Core/Src/main.o
 .debug_frame   0x0000000000000378       0x24 ./Core/Src/stm32f0xx_hal_msp.o
 .debug_frame   0x000000000000039c       0x68 ./Core/Src/stm32f0xx_it.o
 .debug_frame   0x0000000000000404       0x38 ./Core/Src/system_stm32f0xx.o
 .debug_frame   0x000000000000043c       0x5c ./Core/Src/usart.o
 .debug_frame   0x0000000000000498      0x1ac ./Drivers/STM32F0xx_HAL_Driver/Src/stm32f0xx_hal.o
 .debug_frame   0x0000000000000644      0x2c8 ./Drivers/STM32F0xx_HAL_Driver/Src/stm32f0xx_hal_can.o
 .debug_frame   0x000000000000090c       0xe4 ./Drivers/STM32F0xx_HAL_Driver/Src/stm32f0xx_hal_cortex.o
 .debug_frame   0x00000000000009f0       0xc0 ./Drivers/STM32F0xx_HAL_Driver/Src/stm32f0xx_hal_gpio.o
 .debug_frame   0x0000000000000ab0      0x8b0 ./Drivers/STM32F0xx_HAL_Driver/Src/stm32f0xx_hal_i2c.o
 .debug_frame   0x0000000000001360       0xb0 ./Drivers/STM32F0xx_HAL_Driver/Src/stm32f0xx_hal_i2c_ex.o
 .debug_frame   0x0000000000001410       0x3c ./Drivers/STM32F0xx_HAL_Driver/Src/stm32f0xx_hal_iwdg.o
 .debug_frame   0x000000000000144c      0x138 ./Drivers/STM32F0xx_HAL_Driver/Src/stm32f0xx_hal_rcc.o
 .debug_frame   0x0000000000001584       0xfc ./Drivers/STM32F0xx_HAL_Driver/Src/stm32f0xx_hal_rcc_ex.o
 .debug_frame   0x0000000000001680      0x62c ./Drivers/STM32F0xx_HAL_Driver/Src/stm32f0xx_hal_uart.o
 .debug_frame   0x0000000000001cac      0x128 ./Drivers/STM32F0xx_HAL_Driver/Src/stm32f0xx_hal_uart_ex.o
 .debug_frame   0x0000000000001dd4       0x2c c:/st/stm32cubeide_1.11.2/stm32cubeide/plugins/com.st.stm32cube.ide.mcu.externaltools.gnu-tools-for-stm32.10.3-2021.10.win32_1.0.200.202301161003/tools/bin/../lib/gcc/arm-none-eabi/10.3.1/../../../../arm-none-eabi/lib/thumb/v6-m/nofp\libc_nano.a(lib_a-init.o)
 .debug_frame   0x0000000000001e00       0x20 c:/st/stm32cubeide_1.11.2/stm32cubeide/plugins/com.st.stm32cube.ide.mcu.externaltools.gnu-tools-for-stm32.10.3-2021.10.win32_1.0.200.202301161003/tools/bin/../lib/gcc/arm-none-eabi/10.3.1/../../../../arm-none-eabi/lib/thumb/v6-m/nofp\libc_nano.a(lib_a-memset.o)
 .debug_frame   0x0000000000001e20       0x20 c:/st/stm32cubeide_1.11.2/stm32cubeide/plugins/com.st.stm32cube.ide.mcu.externaltools.gnu-tools-for-stm32.10.3-2021.10.win32_1.0.200.202301161003/tools/bin/../lib/gcc/arm-none-eabi/10.3.1/thumb/v6-m/nofp\libgcc.a(_udivsi3.o)

.debug_loc      0x0000000000000000     0xc48f
 .debug_loc     0x0000000000000000       0xc8 ./Amscreen/Aplication/Tasks/Src/led_task.o
 .debug_loc     0x00000000000000c8      0x19b ./Amscreen/Framework/Drivers/Src/led.o
 .debug_loc     0x0000000000000263       0x7e ./Amscreen/Framework/Libs/Src/millis.o
 .debug_loc     0x00000000000002e1       0x81 ./Core/Src/can.o
 .debug_loc     0x0000000000000362       0x91 ./Core/Src/i2c.o
 .debug_loc     0x00000000000003f3      0x168 ./Core/Src/system_stm32f0xx.o
 .debug_loc     0x000000000000055b       0x81 ./Core/Src/usart.o
 .debug_loc     0x00000000000005dc      0x141 ./Drivers/STM32F0xx_HAL_Driver/Src/stm32f0xx_hal.o
 .debug_loc     0x000000000000071d      0xfe6 ./Drivers/STM32F0xx_HAL_Driver/Src/stm32f0xx_hal_can.o
 .debug_loc     0x0000000000001703      0x433 ./Drivers/STM32F0xx_HAL_Driver/Src/stm32f0xx_hal_cortex.o
 .debug_loc     0x0000000000001b36      0x388 ./Drivers/STM32F0xx_HAL_Driver/Src/stm32f0xx_hal_gpio.o
 .debug_loc     0x0000000000001ebe     0x5008 ./Drivers/STM32F0xx_HAL_Driver/Src/stm32f0xx_hal_i2c.o
 .debug_loc     0x0000000000006ec6      0x210 ./Drivers/STM32F0xx_HAL_Driver/Src/stm32f0xx_hal_i2c_ex.o
 .debug_loc     0x00000000000070d6       0x93 ./Drivers/STM32F0xx_HAL_Driver/Src/stm32f0xx_hal_iwdg.o
 .debug_loc     0x0000000000007169      0x6b4 ./Drivers/STM32F0xx_HAL_Driver/Src/stm32f0xx_hal_rcc.o
 .debug_loc     0x000000000000781d      0x8d4 ./Drivers/STM32F0xx_HAL_Driver/Src/stm32f0xx_hal_rcc_ex.o
 .debug_loc     0x00000000000080f1     0x39cb ./Drivers/STM32F0xx_HAL_Driver/Src/stm32f0xx_hal_uart.o
 .debug_loc     0x000000000000babc      0x9d3 ./Drivers/STM32F0xx_HAL_Driver/Src/stm32f0xx_hal_uart_ex.o
