../Amscreen/Framework/Libs/Src/acp_commands.c:83:21:cmd_reset	0	static,ignoring_inline_asm
../Amscreen/Framework/Libs/Src/acp_commands.c:165:21:cmd_set_flash_address	0	static
../Amscreen/Framework/Libs/Src/acp_commands.c:427:16:cmd_echo_data	0	static
../Amscreen/Framework/Libs/Src/acp_commands.c:304:21:cmd_get_uid_upper	8	static
../Amscreen/Framework/Libs/Src/acp_commands.c:274:21:cmd_get_uid_lower	16	static
../Amscreen/Framework/Libs/Src/acp_commands.c:118:21:cmd_get_board_id	8	static
../Amscreen/Framework/Libs/Src/acp_commands.c:100:21:cmd_get_fw_version	8	static
../Amscreen/Framework/Libs/Src/acp_commands.c:330:14:acp_cmd_error	0	static
../Amscreen/Framework/Libs/Src/acp_commands.c:226:21:cmd_validate_storage	32	static
../Amscreen/Framework/Libs/Src/acp_commands.c:181:21:cmd_write_flash_data	24	static
../Amscreen/Framework/Libs/Src/acp_commands.c:137:21:cmd_erase_storage	32	static
../Amscreen/Framework/Libs/Src/acp_commands.c:353:14:acp_command_add_application_commands	0	static
../Amscreen/Framework/Libs/Src/acp_commands.c:376:14:acp_command_process	8	static
