../Amscreen/Aplication/Tasks/Src/led_task.c:158:13:led_task_update	8	static
../Amscreen/Aplication/Tasks/Src/led_task.c:66:6:led_task_error_led_on	8	static
../Amscreen/Aplication/Tasks/Src/led_task.c:75:6:led_task_error_led_off	8	static
../Amscreen/Aplication/Tasks/Src/led_task.c:86:6:led_task_error_led_flash_rate	8	static
../Amscreen/Aplication/Tasks/Src/led_task.c:95:6:led_task_status_led_on	8	static
../Amscreen/Aplication/Tasks/Src/led_task.c:104:6:led_task_status_led_off	8	static
../Amscreen/Aplication/Tasks/Src/led_task.c:115:6:led_task_status_led_flash_rate	8	static
../Amscreen/Aplication/Tasks/Src/led_task.c:124:6:led_task_intial_led_startup_flash_rate	8	static
../Amscreen/Aplication/Tasks/Src/led_task.c:146:13:led_task_init	8	static
../Amscreen/Aplication/Tasks/Src/led_task.c:50:6:led_task	8	static
../Amscreen/Aplication/Tasks/Src/led_task.c:133:6:led_task_status_led_normal_flash_rate	8	static
