10:59:54 **** Build of configuration Debug for project hal_stm32f072cbt6_template ****
make -j8 all 
arm-none-eabi-gcc "../Drivers/STM32F0xx_HAL_Driver/Src/stm32f0xx_hal.c" -mcpu=cortex-m0 -std=gnu11 -g3 -DDEBUG -DUSE_HAL_DRIVER -DSTM32F072xB -c -I../Core/Inc -I../Drivers/STM32F0xx_HAL_Driver/Inc -I../Drivers/STM32F0xx_HAL_Driver/Inc/Legacy -I../Drivers/CMSIS/Device/ST/STM32F0xx/Include -I../Drivers/CMSIS/Include -O0 -ffunction-sections -fdata-sections -Wall -fstack-usage -fcyclomatic-complexity -MMD -MP -MF"Drivers/STM32F0xx_HAL_Driver/Src/stm32f0xx_hal.d" -MT"Drivers/STM32F0xx_HAL_Driver/Src/stm32f0xx_hal.o" --specs=nano.specs -mfloat-abi=soft -mthumb -o "Drivers/STM32F0xx_HAL_Driver/Src/stm32f0xx_hal.o"
arm-none-eabi-gcc "../Drivers/STM32F0xx_HAL_Driver/Src/stm32f0xx_hal_can.c" -mcpu=cortex-m0 -std=gnu11 -g3 -DDEBUG -DUSE_HAL_DRIVER -DSTM32F072xB -c -I../Core/Inc -I../Drivers/STM32F0xx_HAL_Driver/Inc -I../Drivers/STM32F0xx_HAL_Driver/Inc/Legacy -I../Drivers/CMSIS/Device/ST/STM32F0xx/Include -I../Drivers/CMSIS/Include -O0 -ffunction-sections -fdata-sections -Wall -fstack-usage -fcyclomatic-complexity -MMD -MP -MF"Drivers/STM32F0xx_HAL_Driver/Src/stm32f0xx_hal_can.d" -MT"Drivers/STM32F0xx_HAL_Driver/Src/stm32f0xx_hal_can.o" --specs=nano.specs -mfloat-abi=soft -mthumb -o "Drivers/STM32F0xx_HAL_Driver/Src/stm32f0xx_hal_can.o"
arm-none-eabi-gcc "../Drivers/STM32F0xx_HAL_Driver/Src/stm32f0xx_hal_cortex.c" -mcpu=cortex-m0 -std=gnu11 -g3 -DDEBUG -DUSE_HAL_DRIVER -DSTM32F072xB -c -I../Core/Inc -I../Drivers/STM32F0xx_HAL_Driver/Inc -I../Drivers/STM32F0xx_HAL_Driver/Inc/Legacy -I../Drivers/CMSIS/Device/ST/STM32F0xx/Include -I../Drivers/CMSIS/Include -O0 -ffunction-sections -fdata-sections -Wall -fstack-usage -fcyclomatic-complexity -MMD -MP -MF"Drivers/STM32F0xx_HAL_Driver/Src/stm32f0xx_hal_cortex.d" -MT"Drivers/STM32F0xx_HAL_Driver/Src/stm32f0xx_hal_cortex.o" --specs=nano.specs -mfloat-abi=soft -mthumb -o "Drivers/STM32F0xx_HAL_Driver/Src/stm32f0xx_hal_cortex.o"
arm-none-eabi-gcc "../Drivers/STM32F0xx_HAL_Driver/Src/stm32f0xx_hal_dma.c" -mcpu=cortex-m0 -std=gnu11 -g3 -DDEBUG -DUSE_HAL_DRIVER -DSTM32F072xB -c -I../Core/Inc -I../Drivers/STM32F0xx_HAL_Driver/Inc -I../Drivers/STM32F0xx_HAL_Driver/Inc/Legacy -I../Drivers/CMSIS/Device/ST/STM32F0xx/Include -I../Drivers/CMSIS/Include -O0 -ffunction-sections -fdata-sections -Wall -fstack-usage -fcyclomatic-complexity -MMD -MP -MF"Drivers/STM32F0xx_HAL_Driver/Src/stm32f0xx_hal_dma.d" -MT"Drivers/STM32F0xx_HAL_Driver/Src/stm32f0xx_hal_dma.o" --specs=nano.specs -mfloat-abi=soft -mthumb -o "Drivers/STM32F0xx_HAL_Driver/Src/stm32f0xx_hal_dma.o"
arm-none-eabi-gcc "../Drivers/STM32F0xx_HAL_Driver/Src/stm32f0xx_hal_exti.c" -mcpu=cortex-m0 -std=gnu11 -g3 -DDEBUG -DUSE_HAL_DRIVER -DSTM32F072xB -c -I../Core/Inc -I../Drivers/STM32F0xx_HAL_Driver/Inc -I../Drivers/STM32F0xx_HAL_Driver/Inc/Legacy -I../Drivers/CMSIS/Device/ST/STM32F0xx/Include -I../Drivers/CMSIS/Include -O0 -ffunction-sections -fdata-sections -Wall -fstack-usage -fcyclomatic-complexity -MMD -MP -MF"Drivers/STM32F0xx_HAL_Driver/Src/stm32f0xx_hal_exti.d" -MT"Drivers/STM32F0xx_HAL_Driver/Src/stm32f0xx_hal_exti.o" --specs=nano.specs -mfloat-abi=soft -mthumb -o "Drivers/STM32F0xx_HAL_Driver/Src/stm32f0xx_hal_exti.o"
arm-none-eabi-gcc "../Drivers/STM32F0xx_HAL_Driver/Src/stm32f0xx_hal_flash.c" -mcpu=cortex-m0 -std=gnu11 -g3 -DDEBUG -DUSE_HAL_DRIVER -DSTM32F072xB -c -I../Core/Inc -I../Drivers/STM32F0xx_HAL_Driver/Inc -I../Drivers/STM32F0xx_HAL_Driver/Inc/Legacy -I../Drivers/CMSIS/Device/ST/STM32F0xx/Include -I../Drivers/CMSIS/Include -O0 -ffunction-sections -fdata-sections -Wall -fstack-usage -fcyclomatic-complexity -MMD -MP -MF"Drivers/STM32F0xx_HAL_Driver/Src/stm32f0xx_hal_flash.d" -MT"Drivers/STM32F0xx_HAL_Driver/Src/stm32f0xx_hal_flash.o" --specs=nano.specs -mfloat-abi=soft -mthumb -o "Drivers/STM32F0xx_HAL_Driver/Src/stm32f0xx_hal_flash.o"
arm-none-eabi-gcc "../Drivers/STM32F0xx_HAL_Driver/Src/stm32f0xx_hal_flash_ex.c" -mcpu=cortex-m0 -std=gnu11 -g3 -DDEBUG -DUSE_HAL_DRIVER -DSTM32F072xB -c -I../Core/Inc -I../Drivers/STM32F0xx_HAL_Driver/Inc -I../Drivers/STM32F0xx_HAL_Driver/Inc/Legacy -I../Drivers/CMSIS/Device/ST/STM32F0xx/Include -I../Drivers/CMSIS/Include -O0 -ffunction-sections -fdata-sections -Wall -fstack-usage -fcyclomatic-complexity -MMD -MP -MF"Drivers/STM32F0xx_HAL_Driver/Src/stm32f0xx_hal_flash_ex.d" -MT"Drivers/STM32F0xx_HAL_Driver/Src/stm32f0xx_hal_flash_ex.o" --specs=nano.specs -mfloat-abi=soft -mthumb -o "Drivers/STM32F0xx_HAL_Driver/Src/stm32f0xx_hal_flash_ex.o"
arm-none-eabi-gcc "../Drivers/STM32F0xx_HAL_Driver/Src/stm32f0xx_hal_gpio.c" -mcpu=cortex-m0 -std=gnu11 -g3 -DDEBUG -DUSE_HAL_DRIVER -DSTM32F072xB -c -I../Core/Inc -I../Drivers/STM32F0xx_HAL_Driver/Inc -I../Drivers/STM32F0xx_HAL_Driver/Inc/Legacy -I../Drivers/CMSIS/Device/ST/STM32F0xx/Include -I../Drivers/CMSIS/Include -O0 -ffunction-sections -fdata-sections -Wall -fstack-usage -fcyclomatic-complexity -MMD -MP -MF"Drivers/STM32F0xx_HAL_Driver/Src/stm32f0xx_hal_gpio.d" -MT"Drivers/STM32F0xx_HAL_Driver/Src/stm32f0xx_hal_gpio.o" --specs=nano.specs -mfloat-abi=soft -mthumb -o "Drivers/STM32F0xx_HAL_Driver/Src/stm32f0xx_hal_gpio.o"
arm-none-eabi-gcc "../Drivers/STM32F0xx_HAL_Driver/Src/stm32f0xx_hal_i2c.c" -mcpu=cortex-m0 -std=gnu11 -g3 -DDEBUG -DUSE_HAL_DRIVER -DSTM32F072xB -c -I../Core/Inc -I../Drivers/STM32F0xx_HAL_Driver/Inc -I../Drivers/STM32F0xx_HAL_Driver/Inc/Legacy -I../Drivers/CMSIS/Device/ST/STM32F0xx/Include -I../Drivers/CMSIS/Include -O0 -ffunction-sections -fdata-sections -Wall -fstack-usage -fcyclomatic-complexity -MMD -MP -MF"Drivers/STM32F0xx_HAL_Driver/Src/stm32f0xx_hal_i2c.d" -MT"Drivers/STM32F0xx_HAL_Driver/Src/stm32f0xx_hal_i2c.o" --specs=nano.specs -mfloat-abi=soft -mthumb -o "Drivers/STM32F0xx_HAL_Driver/Src/stm32f0xx_hal_i2c.o"
arm-none-eabi-gcc "../Drivers/STM32F0xx_HAL_Driver/Src/stm32f0xx_hal_i2c_ex.c" -mcpu=cortex-m0 -std=gnu11 -g3 -DDEBUG -DUSE_HAL_DRIVER -DSTM32F072xB -c -I../Core/Inc -I../Drivers/STM32F0xx_HAL_Driver/Inc -I../Drivers/STM32F0xx_HAL_Driver/Inc/Legacy -I../Drivers/CMSIS/Device/ST/STM32F0xx/Include -I../Drivers/CMSIS/Include -O0 -ffunction-sections -fdata-sections -Wall -fstack-usage -fcyclomatic-complexity -MMD -MP -MF"Drivers/STM32F0xx_HAL_Driver/Src/stm32f0xx_hal_i2c_ex.d" -MT"Drivers/STM32F0xx_HAL_Driver/Src/stm32f0xx_hal_i2c_ex.o" --specs=nano.specs -mfloat-abi=soft -mthumb -o "Drivers/STM32F0xx_HAL_Driver/Src/stm32f0xx_hal_i2c_ex.o"
arm-none-eabi-gcc "../Drivers/STM32F0xx_HAL_Driver/Src/stm32f0xx_hal_pwr.c" -mcpu=cortex-m0 -std=gnu11 -g3 -DDEBUG -DUSE_HAL_DRIVER -DSTM32F072xB -c -I../Core/Inc -I../Drivers/STM32F0xx_HAL_Driver/Inc -I../Drivers/STM32F0xx_HAL_Driver/Inc/Legacy -I../Drivers/CMSIS/Device/ST/STM32F0xx/Include -I../Drivers/CMSIS/Include -O0 -ffunction-sections -fdata-sections -Wall -fstack-usage -fcyclomatic-complexity -MMD -MP -MF"Drivers/STM32F0xx_HAL_Driver/Src/stm32f0xx_hal_pwr.d" -MT"Drivers/STM32F0xx_HAL_Driver/Src/stm32f0xx_hal_pwr.o" --specs=nano.specs -mfloat-abi=soft -mthumb -o "Drivers/STM32F0xx_HAL_Driver/Src/stm32f0xx_hal_pwr.o"
arm-none-eabi-gcc "../Drivers/STM32F0xx_HAL_Driver/Src/stm32f0xx_hal_pwr_ex.c" -mcpu=cortex-m0 -std=gnu11 -g3 -DDEBUG -DUSE_HAL_DRIVER -DSTM32F072xB -c -I../Core/Inc -I../Drivers/STM32F0xx_HAL_Driver/Inc -I../Drivers/STM32F0xx_HAL_Driver/Inc/Legacy -I../Drivers/CMSIS/Device/ST/STM32F0xx/Include -I../Drivers/CMSIS/Include -O0 -ffunction-sections -fdata-sections -Wall -fstack-usage -fcyclomatic-complexity -MMD -MP -MF"Drivers/STM32F0xx_HAL_Driver/Src/stm32f0xx_hal_pwr_ex.d" -MT"Drivers/STM32F0xx_HAL_Driver/Src/stm32f0xx_hal_pwr_ex.o" --specs=nano.specs -mfloat-abi=soft -mthumb -o "Drivers/STM32F0xx_HAL_Driver/Src/stm32f0xx_hal_pwr_ex.o"
arm-none-eabi-gcc "../Drivers/STM32F0xx_HAL_Driver/Src/stm32f0xx_hal_rcc.c" -mcpu=cortex-m0 -std=gnu11 -g3 -DDEBUG -DUSE_HAL_DRIVER -DSTM32F072xB -c -I../Core/Inc -I../Drivers/STM32F0xx_HAL_Driver/Inc -I../Drivers/STM32F0xx_HAL_Driver/Inc/Legacy -I../Drivers/CMSIS/Device/ST/STM32F0xx/Include -I../Drivers/CMSIS/Include -O0 -ffunction-sections -fdata-sections -Wall -fstack-usage -fcyclomatic-complexity -MMD -MP -MF"Drivers/STM32F0xx_HAL_Driver/Src/stm32f0xx_hal_rcc.d" -MT"Drivers/STM32F0xx_HAL_Driver/Src/stm32f0xx_hal_rcc.o" --specs=nano.specs -mfloat-abi=soft -mthumb -o "Drivers/STM32F0xx_HAL_Driver/Src/stm32f0xx_hal_rcc.o"
arm-none-eabi-gcc "../Drivers/STM32F0xx_HAL_Driver/Src/stm32f0xx_hal_rcc_ex.c" -mcpu=cortex-m0 -std=gnu11 -g3 -DDEBUG -DUSE_HAL_DRIVER -DSTM32F072xB -c -I../Core/Inc -I../Drivers/STM32F0xx_HAL_Driver/Inc -I../Drivers/STM32F0xx_HAL_Driver/Inc/Legacy -I../Drivers/CMSIS/Device/ST/STM32F0xx/Include -I../Drivers/CMSIS/Include -O0 -ffunction-sections -fdata-sections -Wall -fstack-usage -fcyclomatic-complexity -MMD -MP -MF"Drivers/STM32F0xx_HAL_Driver/Src/stm32f0xx_hal_rcc_ex.d" -MT"Drivers/STM32F0xx_HAL_Driver/Src/stm32f0xx_hal_rcc_ex.o" --specs=nano.specs -mfloat-abi=soft -mthumb -o "Drivers/STM32F0xx_HAL_Driver/Src/stm32f0xx_hal_rcc_ex.o"
arm-none-eabi-gcc "../Drivers/STM32F0xx_HAL_Driver/Src/stm32f0xx_hal_tim.c" -mcpu=cortex-m0 -std=gnu11 -g3 -DDEBUG -DUSE_HAL_DRIVER -DSTM32F072xB -c -I../Core/Inc -I../Drivers/STM32F0xx_HAL_Driver/Inc -I../Drivers/STM32F0xx_HAL_Driver/Inc/Legacy -I../Drivers/CMSIS/Device/ST/STM32F0xx/Include -I../Drivers/CMSIS/Include -O0 -ffunction-sections -fdata-sections -Wall -fstack-usage -fcyclomatic-complexity -MMD -MP -MF"Drivers/STM32F0xx_HAL_Driver/Src/stm32f0xx_hal_tim.d" -MT"Drivers/STM32F0xx_HAL_Driver/Src/stm32f0xx_hal_tim.o" --specs=nano.specs -mfloat-abi=soft -mthumb -o "Drivers/STM32F0xx_HAL_Driver/Src/stm32f0xx_hal_tim.o"
arm-none-eabi-gcc "../Drivers/STM32F0xx_HAL_Driver/Src/stm32f0xx_hal_tim_ex.c" -mcpu=cortex-m0 -std=gnu11 -g3 -DDEBUG -DUSE_HAL_DRIVER -DSTM32F072xB -c -I../Core/Inc -I../Drivers/STM32F0xx_HAL_Driver/Inc -I../Drivers/STM32F0xx_HAL_Driver/Inc/Legacy -I../Drivers/CMSIS/Device/ST/STM32F0xx/Include -I../Drivers/CMSIS/Include -O0 -ffunction-sections -fdata-sections -Wall -fstack-usage -fcyclomatic-complexity -MMD -MP -MF"Drivers/STM32F0xx_HAL_Driver/Src/stm32f0xx_hal_tim_ex.d" -MT"Drivers/STM32F0xx_HAL_Driver/Src/stm32f0xx_hal_tim_ex.o" --specs=nano.specs -mfloat-abi=soft -mthumb -o "Drivers/STM32F0xx_HAL_Driver/Src/stm32f0xx_hal_tim_ex.o"
arm-none-eabi-gcc -mcpu=cortex-m0 -g3 -DDEBUG -c -x assembler-with-cpp -MMD -MP -MF"Core/Startup/startup_stm32f072cbtx.d" -MT"Core/Startup/startup_stm32f072cbtx.o" --specs=nano.specs -mfloat-abi=soft -mthumb -o "Core/Startup/startup_stm32f072cbtx.o" "../Core/Startup/startup_stm32f072cbtx.s"
arm-none-eabi-gcc "../Core/Src/main.c" -mcpu=cortex-m0 -std=gnu11 -g3 -DDEBUG -DUSE_HAL_DRIVER -DSTM32F072xB -c -I../Core/Inc -I../Drivers/STM32F0xx_HAL_Driver/Inc -I../Drivers/STM32F0xx_HAL_Driver/Inc/Legacy -I../Drivers/CMSIS/Device/ST/STM32F0xx/Include -I../Drivers/CMSIS/Include -O0 -ffunction-sections -fdata-sections -Wall -fstack-usage -fcyclomatic-complexity -MMD -MP -MF"Core/Src/main.d" -MT"Core/Src/main.o" --specs=nano.specs -mfloat-abi=soft -mthumb -o "Core/Src/main.o"
arm-none-eabi-gcc "../Core/Src/stm32f0xx_hal_msp.c" -mcpu=cortex-m0 -std=gnu11 -g3 -DDEBUG -DUSE_HAL_DRIVER -DSTM32F072xB -c -I../Core/Inc -I../Drivers/STM32F0xx_HAL_Driver/Inc -I../Drivers/STM32F0xx_HAL_Driver/Inc/Legacy -I../Drivers/CMSIS/Device/ST/STM32F0xx/Include -I../Drivers/CMSIS/Include -O0 -ffunction-sections -fdata-sections -Wall -fstack-usage -fcyclomatic-complexity -MMD -MP -MF"Core/Src/stm32f0xx_hal_msp.d" -MT"Core/Src/stm32f0xx_hal_msp.o" --specs=nano.specs -mfloat-abi=soft -mthumb -o "Core/Src/stm32f0xx_hal_msp.o"
arm-none-eabi-gcc "../Core/Src/stm32f0xx_it.c" -mcpu=cortex-m0 -std=gnu11 -g3 -DDEBUG -DUSE_HAL_DRIVER -DSTM32F072xB -c -I../Core/Inc -I../Drivers/STM32F0xx_HAL_Driver/Inc -I../Drivers/STM32F0xx_HAL_Driver/Inc/Legacy -I../Drivers/CMSIS/Device/ST/STM32F0xx/Include -I../Drivers/CMSIS/Include -O0 -ffunction-sections -fdata-sections -Wall -fstack-usage -fcyclomatic-complexity -MMD -MP -MF"Core/Src/stm32f0xx_it.d" -MT"Core/Src/stm32f0xx_it.o" --specs=nano.specs -mfloat-abi=soft -mthumb -o "Core/Src/stm32f0xx_it.o"
arm-none-eabi-gcc "../Core/Src/syscalls.c" -mcpu=cortex-m0 -std=gnu11 -g3 -DDEBUG -DUSE_HAL_DRIVER -DSTM32F072xB -c -I../Core/Inc -I../Drivers/STM32F0xx_HAL_Driver/Inc -I../Drivers/STM32F0xx_HAL_Driver/Inc/Legacy -I../Drivers/CMSIS/Device/ST/STM32F0xx/Include -I../Drivers/CMSIS/Include -O0 -ffunction-sections -fdata-sections -Wall -fstack-usage -fcyclomatic-complexity -MMD -MP -MF"Core/Src/syscalls.d" -MT"Core/Src/syscalls.o" --specs=nano.specs -mfloat-abi=soft -mthumb -o "Core/Src/syscalls.o"
arm-none-eabi-gcc "../Core/Src/sysmem.c" -mcpu=cortex-m0 -std=gnu11 -g3 -DDEBUG -DUSE_HAL_DRIVER -DSTM32F072xB -c -I../Core/Inc -I../Drivers/STM32F0xx_HAL_Driver/Inc -I../Drivers/STM32F0xx_HAL_Driver/Inc/Legacy -I../Drivers/CMSIS/Device/ST/STM32F0xx/Include -I../Drivers/CMSIS/Include -O0 -ffunction-sections -fdata-sections -Wall -fstack-usage -fcyclomatic-complexity -MMD -MP -MF"Core/Src/sysmem.d" -MT"Core/Src/sysmem.o" --specs=nano.specs -mfloat-abi=soft -mthumb -o "Core/Src/sysmem.o"
arm-none-eabi-gcc "../Core/Src/system_stm32f0xx.c" -mcpu=cortex-m0 -std=gnu11 -g3 -DDEBUG -DUSE_HAL_DRIVER -DSTM32F072xB -c -I../Core/Inc -I../Drivers/STM32F0xx_HAL_Driver/Inc -I../Drivers/STM32F0xx_HAL_Driver/Inc/Legacy -I../Drivers/CMSIS/Device/ST/STM32F0xx/Include -I../Drivers/CMSIS/Include -O0 -ffunction-sections -fdata-sections -Wall -fstack-usage -fcyclomatic-complexity -MMD -MP -MF"Core/Src/system_stm32f0xx.d" -MT"Core/Src/system_stm32f0xx.o" --specs=nano.specs -mfloat-abi=soft -mthumb -o "Core/Src/system_stm32f0xx.o"
../Core/Src/main.c:21:10: fatal error: gpio.h: No such file or directory
   21 | #include "gpio.h"
      |          ^~~~~~~~
compilation terminated.
make: *** [Core/Src/subdir.mk:34: Core/Src/main.o] Error 1
make: *** Waiting for unfinished jobs....
"make -j8 all" terminated with exit code 2. Build might be incomplete.
11:01:14 **** Incremental Build of configuration Debug for project hal_stm32f072cbt6_template ****
make -j8 all 
arm-none-eabi-gcc "../Core/Src/main.c" -mcpu=cortex-m0 -std=gnu11 -g3 -DDEBUG -DUSE_HAL_DRIVER -DSTM32F072xB -c -I../Core/Inc -I../Drivers/STM32F0xx_HAL_Driver/Inc -I../Drivers/STM32F0xx_HAL_Driver/Inc/Legacy -I../Drivers/CMSIS/Device/ST/STM32F0xx/Include -I../Drivers/CMSIS/Include -O0 -ffunction-sections -fdata-sections -Wall -fstack-usage -fcyclomatic-complexity -MMD -MP -MF"Core/Src/main.d" -MT"Core/Src/main.o" --specs=nano.specs -mfloat-abi=soft -mthumb -o "Core/Src/main.o"
../Core/Src/main.c:24:10: fatal error: firmware_update.h: No such file or directory
   24 | #include "firmware_update.h"
      |          ^~~~~~~~~~~~~~~~~~~
compilation terminated.
make: *** [Core/Src/subdir.mk:34: Core/Src/main.o] Error 1
"make -j8 all" terminated with exit code 2. Build might be incomplete.
11:02:10 **** Incremental Build of configuration Debug for project hal_stm32f072cbt6_template ****
make -j8 all 
arm-none-eabi-gcc "../Core/Src/main.c" -mcpu=cortex-m0 -std=gnu11 -g3 -DDEBUG -DUSE_HAL_DRIVER -DSTM32F072xB -c -I../Core/Inc -I../Drivers/STM32F0xx_HAL_Driver/Inc -I../Drivers/STM32F0xx_HAL_Driver/Inc/Legacy -I../Drivers/CMSIS/Device/ST/STM32F0xx/Include -I../Drivers/CMSIS/Include -O0 -ffunction-sections -fdata-sections -Wall -fstack-usage -fcyclomatic-complexity -MMD -MP -MF"Core/Src/main.d" -MT"Core/Src/main.o" --specs=nano.specs -mfloat-abi=soft -mthumb -o "Core/Src/main.o"
../Core/Src/main.c:25:10: fatal error: millis.h: No such file or directory
   25 | #include "millis.h"
      |          ^~~~~~~~~~
compilation terminated.
make: *** [Core/Src/subdir.mk:34: Core/Src/main.o] Error 1
"make -j8 all" terminated with exit code 2. Build might be incomplete.
11:06:53 **** Incremental Build of configuration Debug for project hal_stm32f072cbt6_template ****
make -j8 all 
arm-none-eabi-gcc "../Core/Src/main.c" -mcpu=cortex-m0 -std=gnu11 -g3 -DDEBUG -DUSE_HAL_DRIVER -DSTM32F072xB -c -I../Core/Inc -I../Drivers/STM32F0xx_HAL_Driver/Inc -I../Drivers/STM32F0xx_HAL_Driver/Inc/Legacy -I../Drivers/CMSIS/Device/ST/STM32F0xx/Include -I../Drivers/CMSIS/Include -O0 -ffunction-sections -fdata-sections -Wall -fstack-usage -fcyclomatic-complexity -MMD -MP -MF"Core/Src/main.d" -MT"Core/Src/main.o" --specs=nano.specs -mfloat-abi=soft -mthumb -o "Core/Src/main.o"
arm-none-eabi-gcc -o "hal_stm32f072cbt6_template.elf" @"objects.list"   -mcpu=cortex-m0 -T"C:\Projects\Firmwares\Signs\wafer\V2\HAL_template\HAL_STM32F072_FRAMEWORK\hal_stm32f072cbt6_template\STM32F072CBTX_FLASH.ld" --specs=nosys.specs -Wl,-Map="hal_stm32f072cbt6_template.map" -Wl,--gc-sections -static --specs=nano.specs -mfloat-abi=soft -mthumb -Wl,--start-group -lc -lm -Wl,--end-group
Finished building target: hal_stm32f072cbt6_template.elf
 
arm-none-eabi-size   hal_stm32f072cbt6_template.elf 
arm-none-eabi-objdump -h -S  hal_stm32f072cbt6_template.elf  > "hal_stm32f072cbt6_template.list"
   text	   data	    bss	    dec	    hex	filename
   6856	     20	   1692	   8568	   2178	hal_stm32f072cbt6_template.elf
Finished building: default.size.stdout
 
Finished building: hal_stm32f072cbt6_template.list
 
12:24:58 **** Incremental Build of configuration Debug for project hal_stm32f072cbt6_template ****
make -j8 all 
arm-none-eabi-gcc "../Core/Src/main.c" -mcpu=cortex-m0 -std=gnu11 -g3 -DDEBUG -DUSE_HAL_DRIVER -DSTM32F072xB -c -I../Core/Inc -I../Drivers/STM32F0xx_HAL_Driver/Inc -I../Drivers/STM32F0xx_HAL_Driver/Inc/Legacy -I../Drivers/CMSIS/Device/ST/STM32F0xx/Include -I../Drivers/CMSIS/Include -O0 -ffunction-sections -fdata-sections -Wall -fstack-usage -fcyclomatic-complexity -MMD -MP -MF"Core/Src/main.d" -MT"Core/Src/main.o" --specs=nano.specs -mfloat-abi=soft -mthumb -o "Core/Src/main.o"
arm-none-eabi-gcc "../Core/Src/stm32f0xx_hal_msp.c" -mcpu=cortex-m0 -std=gnu11 -g3 -DDEBUG -DUSE_HAL_DRIVER -DSTM32F072xB -c -I../Core/Inc -I../Drivers/STM32F0xx_HAL_Driver/Inc -I../Drivers/STM32F0xx_HAL_Driver/Inc/Legacy -I../Drivers/CMSIS/Device/ST/STM32F0xx/Include -I../Drivers/CMSIS/Include -O0 -ffunction-sections -fdata-sections -Wall -fstack-usage -fcyclomatic-complexity -MMD -MP -MF"Core/Src/stm32f0xx_hal_msp.d" -MT"Core/Src/stm32f0xx_hal_msp.o" --specs=nano.specs -mfloat-abi=soft -mthumb -o "Core/Src/stm32f0xx_hal_msp.o"
arm-none-eabi-gcc "../Core/Src/stm32f0xx_it.c" -mcpu=cortex-m0 -std=gnu11 -g3 -DDEBUG -DUSE_HAL_DRIVER -DSTM32F072xB -c -I../Core/Inc -I../Drivers/STM32F0xx_HAL_Driver/Inc -I../Drivers/STM32F0xx_HAL_Driver/Inc/Legacy -I../Drivers/CMSIS/Device/ST/STM32F0xx/Include -I../Drivers/CMSIS/Include -O0 -ffunction-sections -fdata-sections -Wall -fstack-usage -fcyclomatic-complexity -MMD -MP -MF"Core/Src/stm32f0xx_it.d" -MT"Core/Src/stm32f0xx_it.o" --specs=nano.specs -mfloat-abi=soft -mthumb -o "Core/Src/stm32f0xx_it.o"
arm-none-eabi-gcc -o "hal_stm32f072cbt6_template.elf" @"objects.list"   -mcpu=cortex-m0 -T"C:\Projects\Firmwares\Signs\wafer\V2\HAL_template\HAL_STM32F072_FRAMEWORK\hal_stm32f072cbt6_template\STM32F072CBTX_FLASH.ld" --specs=nosys.specs -Wl,-Map="hal_stm32f072cbt6_template.map" -Wl,--gc-sections -static --specs=nano.specs -mfloat-abi=soft -mthumb -Wl,--start-group -lc -lm -Wl,--end-group
Finished building target: hal_stm32f072cbt6_template.elf
 
arm-none-eabi-size   hal_stm32f072cbt6_template.elf 
arm-none-eabi-objdump -h -S  hal_stm32f072cbt6_template.elf  > "hal_stm32f072cbt6_template.list"
   text	   data	    bss	    dec	    hex	filename
   6976	     20	   1692	   8688	   21f0	hal_stm32f072cbt6_template.elf
Finished building: default.size.stdout
 
Finished building: hal_stm32f072cbt6_template.list
 
12:25:38 **** Incremental Build of configuration Debug for project hal_stm32f072cbt6_template ****
make -j8 all 
arm-none-eabi-gcc "../Core/Src/main.c" -mcpu=cortex-m0 -std=gnu11 -g3 -DDEBUG -DUSE_HAL_DRIVER -DSTM32F072xB -c -I../Core/Inc -I../Drivers/STM32F0xx_HAL_Driver/Inc -I../Drivers/STM32F0xx_HAL_Driver/Inc/Legacy -I../Drivers/CMSIS/Device/ST/STM32F0xx/Include -I../Drivers/CMSIS/Include -O0 -ffunction-sections -fdata-sections -Wall -fstack-usage -fcyclomatic-complexity -MMD -MP -MF"Core/Src/main.d" -MT"Core/Src/main.o" --specs=nano.specs -mfloat-abi=soft -mthumb -o "Core/Src/main.o"
arm-none-eabi-gcc -o "hal_stm32f072cbt6_template.elf" @"objects.list"   -mcpu=cortex-m0 -T"C:\Projects\Firmwares\Signs\wafer\V2\HAL_template\HAL_STM32F072_FRAMEWORK\hal_stm32f072cbt6_template\STM32F072CBTX_FLASH.ld" --specs=nosys.specs -Wl,-Map="hal_stm32f072cbt6_template.map" -Wl,--gc-sections -static --specs=nano.specs -mfloat-abi=soft -mthumb -Wl,--start-group -lc -lm -Wl,--end-group
Finished building target: hal_stm32f072cbt6_template.elf
 
arm-none-eabi-size   hal_stm32f072cbt6_template.elf 
arm-none-eabi-objdump -h -S  hal_stm32f072cbt6_template.elf  > "hal_stm32f072cbt6_template.list"
   text	   data	    bss	    dec	    hex	filename
   6976	     20	   1692	   8688	   21f0	hal_stm32f072cbt6_template.elf
Finished building: default.size.stdout
 
Finished building: hal_stm32f072cbt6_template.list
 
12:27:30 **** Incremental Build of configuration Debug for project hal_stm32f072cbt6_template ****
make -j8 all 
arm-none-eabi-gcc "../Core/Src/main.c" -mcpu=cortex-m0 -std=gnu11 -g3 -DDEBUG -DUSE_HAL_DRIVER -DSTM32F072xB -c -I../Core/Inc -I../Drivers/STM32F0xx_HAL_Driver/Inc -I../Drivers/STM32F0xx_HAL_Driver/Inc/Legacy -I../Drivers/CMSIS/Device/ST/STM32F0xx/Include -I../Drivers/CMSIS/Include -O0 -ffunction-sections -fdata-sections -Wall -fstack-usage -fcyclomatic-complexity -MMD -MP -MF"Core/Src/main.d" -MT"Core/Src/main.o" --specs=nano.specs -mfloat-abi=soft -mthumb -o "Core/Src/main.o"
../Core/Src/main.c: In function 'main':
../Core/Src/main.c:73:23: warning: passing argument 2 of 'HAL_GPIO_Init' makes pointer from integer without a cast [-Wint-conversion]
   73 |  HAL_GPIO_Init(GPIOC, 14);
      |                       ^~
      |                       |
      |                       int
In file included from ../Core/Inc/stm32f0xx_hal_conf.h:197,
                 from ../Drivers/STM32F0xx_HAL_Driver/Inc/stm32f0xx_hal.h:29,
                 from ../Core/Inc/main.h:30,
                 from ../Core/Src/main.c:20:
../Drivers/STM32F0xx_HAL_Driver/Inc/stm32f0xx_hal_gpio.h:280:73: note: expected 'GPIO_InitTypeDef *' but argument is of type 'int'
  280 | void              HAL_GPIO_Init(GPIO_TypeDef  *GPIOx, GPIO_InitTypeDef *GPIO_Init);
      |                                                       ~~~~~~~~~~~~~~~~~~^~~~~~~~~
arm-none-eabi-gcc -o "hal_stm32f072cbt6_template.elf" @"objects.list"   -mcpu=cortex-m0 -T"C:\Projects\Firmwares\Signs\wafer\V2\HAL_template\HAL_STM32F072_FRAMEWORK\hal_stm32f072cbt6_template\STM32F072CBTX_FLASH.ld" --specs=nosys.specs -Wl,-Map="hal_stm32f072cbt6_template.map" -Wl,--gc-sections -static --specs=nano.specs -mfloat-abi=soft -mthumb -Wl,--start-group -lc -lm -Wl,--end-group
Finished building target: hal_stm32f072cbt6_template.elf
 
arm-none-eabi-size   hal_stm32f072cbt6_template.elf 
arm-none-eabi-objdump -h -S  hal_stm32f072cbt6_template.elf  > "hal_stm32f072cbt6_template.list"
   text	   data	    bss	    dec	    hex	filename
   6984	     20	   1692	   8696	   21f8	hal_stm32f072cbt6_template.elf
Finished building: default.size.stdout
 
Finished building: hal_stm32f072cbt6_template.list
 
12:27:33 **** Incremental Build of configuration Debug for project hal_stm32f072cbt6_template ****
make -j8 all 
arm-none-eabi-size   hal_stm32f072cbt6_template.elf 
   text	   data	    bss	    dec	    hex	filename
   6984	     20	   1692	   8696	   21f8	hal_stm32f072cbt6_template.elf
Finished building: default.size.stdout
 
12:28:21 **** Incremental Build of configuration Debug for project hal_stm32f072cbt6_template ****
make -j8 all 
arm-none-eabi-gcc "../Core/Src/main.c" -mcpu=cortex-m0 -std=gnu11 -g3 -DDEBUG -DUSE_HAL_DRIVER -DSTM32F072xB -c -I../Core/Inc -I../Drivers/STM32F0xx_HAL_Driver/Inc -I../Drivers/STM32F0xx_HAL_Driver/Inc/Legacy -I../Drivers/CMSIS/Device/ST/STM32F0xx/Include -I../Drivers/CMSIS/Include -O0 -ffunction-sections -fdata-sections -Wall -fstack-usage -fcyclomatic-complexity -MMD -MP -MF"Core/Src/main.d" -MT"Core/Src/main.o" --specs=nano.specs -mfloat-abi=soft -mthumb -o "Core/Src/main.o"
../Core/Src/main.c: In function 'main':
../Core/Src/main.c:73:23: warning: passing argument 2 of 'HAL_GPIO_Init' makes pointer from integer without a cast [-Wint-conversion]
   73 |  HAL_GPIO_Init(GPIOC, 15);
      |                       ^~
      |                       |
      |                       int
In file included from ../Core/Inc/stm32f0xx_hal_conf.h:197,
                 from ../Drivers/STM32F0xx_HAL_Driver/Inc/stm32f0xx_hal.h:29,
                 from ../Core/Inc/main.h:30,
                 from ../Core/Src/main.c:20:
../Drivers/STM32F0xx_HAL_Driver/Inc/stm32f0xx_hal_gpio.h:280:73: note: expected 'GPIO_InitTypeDef *' but argument is of type 'int'
  280 | void              HAL_GPIO_Init(GPIO_TypeDef  *GPIOx, GPIO_InitTypeDef *GPIO_Init);
      |                                                       ~~~~~~~~~~~~~~~~~~^~~~~~~~~
arm-none-eabi-gcc -o "hal_stm32f072cbt6_template.elf" @"objects.list"   -mcpu=cortex-m0 -T"C:\Projects\Firmwares\Signs\wafer\V2\HAL_template\HAL_STM32F072_FRAMEWORK\hal_stm32f072cbt6_template\STM32F072CBTX_FLASH.ld" --specs=nosys.specs -Wl,-Map="hal_stm32f072cbt6_template.map" -Wl,--gc-sections -static --specs=nano.specs -mfloat-abi=soft -mthumb -Wl,--start-group -lc -lm -Wl,--end-group
Finished building target: hal_stm32f072cbt6_template.elf
 
arm-none-eabi-size   hal_stm32f072cbt6_template.elf 
arm-none-eabi-objdump -h -S  hal_stm32f072cbt6_template.elf  > "hal_stm32f072cbt6_template.list"
   text	   data	    bss	    dec	    hex	filename
   6984	     20	   1692	   8696	   21f8	hal_stm32f072cbt6_template.elf
Finished building: default.size.stdout
 
Finished building: hal_stm32f072cbt6_template.list
 
12:28:26 **** Incremental Build of configuration Debug for project hal_stm32f072cbt6_template ****
make -j8 all 
arm-none-eabi-size   hal_stm32f072cbt6_template.elf 
   text	   data	    bss	    dec	    hex	filename
   6984	     20	   1692	   8696	   21f8	hal_stm32f072cbt6_template.elf
Finished building: default.size.stdout
 
12:39:58 **** Incremental Build of configuration Debug for project hal_stm32f072cbt6_template ****
make -j8 all 
arm-none-eabi-gcc "../Core/Src/main.c" -mcpu=cortex-m0 -std=gnu11 -g3 -DDEBUG -DUSE_HAL_DRIVER -DSTM32F072xB -c -I../Core/Inc -I../Drivers/STM32F0xx_HAL_Driver/Inc -I../Drivers/STM32F0xx_HAL_Driver/Inc/Legacy -I../Drivers/CMSIS/Device/ST/STM32F0xx/Include -I../Drivers/CMSIS/Include -O0 -ffunction-sections -fdata-sections -Wall -fstack-usage -fcyclomatic-complexity -MMD -MP -MF"Core/Src/main.d" -MT"Core/Src/main.o" --specs=nano.specs -mfloat-abi=soft -mthumb -o "Core/Src/main.o"
In file included from ../Core/Inc/stm32f0xx_hal_conf.h:197,
                 from ../Drivers/STM32F0xx_HAL_Driver/Inc/stm32f0xx_hal.h:29,
                 from ../Core/Inc/main.h:30,
                 from ../Core/Src/main.c:20:
../Core/Src/main.c: In function 'main':
../Drivers/STM32F0xx_HAL_Driver/Inc/stm32f0xx_hal_gpio.h:98:36: warning: passing argument 2 of 'HAL_GPIO_Init' makes pointer from integer without a cast [-Wint-conversion]
   98 | #define GPIO_PIN_15                ((uint16_t)0x8000U)  /* Pin 15 selected   */
      |                                    ^~~~~~~~~~~~~~~~~~~
      |                                    |
      |                                    short unsigned int
../Core/Src/main.c:73:23: note: in expansion of macro 'GPIO_PIN_15'
   73 |  HAL_GPIO_Init(GPIOC, GPIO_PIN_15);
      |                       ^~~~~~~~~~~
In file included from ../Core/Inc/stm32f0xx_hal_conf.h:197,
                 from ../Drivers/STM32F0xx_HAL_Driver/Inc/stm32f0xx_hal.h:29,
                 from ../Core/Inc/main.h:30,
                 from ../Core/Src/main.c:20:
../Drivers/STM32F0xx_HAL_Driver/Inc/stm32f0xx_hal_gpio.h:280:73: note: expected 'GPIO_InitTypeDef *' but argument is of type 'short unsigned int'
  280 | void              HAL_GPIO_Init(GPIO_TypeDef  *GPIOx, GPIO_InitTypeDef *GPIO_Init);
      |                                                       ~~~~~~~~~~~~~~~~~~^~~~~~~~~
arm-none-eabi-gcc -o "hal_stm32f072cbt6_template.elf" @"objects.list"   -mcpu=cortex-m0 -T"C:\Projects\Firmwares\Signs\wafer\V2\HAL_template\HAL_STM32F072_FRAMEWORK\hal_stm32f072cbt6_template\STM32F072CBTX_FLASH.ld" --specs=nosys.specs -Wl,-Map="hal_stm32f072cbt6_template.map" -Wl,--gc-sections -static --specs=nano.specs -mfloat-abi=soft -mthumb -Wl,--start-group -lc -lm -Wl,--end-group
Finished building target: hal_stm32f072cbt6_template.elf
 
arm-none-eabi-size   hal_stm32f072cbt6_template.elf 
arm-none-eabi-objdump -h -S  hal_stm32f072cbt6_template.elf  > "hal_stm32f072cbt6_template.list"
   text	   data	    bss	    dec	    hex	filename
   6992	     20	   1692	   8704	   2200	hal_stm32f072cbt6_template.elf
Finished building: default.size.stdout
 
Finished building: hal_stm32f072cbt6_template.list
 
12:40:38 **** Incremental Build of configuration Debug for project hal_stm32f072cbt6_template ****
make -j8 all 
arm-none-eabi-gcc "../Core/Src/main.c" -mcpu=cortex-m0 -std=gnu11 -g3 -DDEBUG -DUSE_HAL_DRIVER -DSTM32F072xB -c -I../Core/Inc -I../Drivers/STM32F0xx_HAL_Driver/Inc -I../Drivers/STM32F0xx_HAL_Driver/Inc/Legacy -I../Drivers/CMSIS/Device/ST/STM32F0xx/Include -I../Drivers/CMSIS/Include -O0 -ffunction-sections -fdata-sections -Wall -fstack-usage -fcyclomatic-complexity -MMD -MP -MF"Core/Src/main.d" -MT"Core/Src/main.o" --specs=nano.specs -mfloat-abi=soft -mthumb -o "Core/Src/main.o"
arm-none-eabi-gcc -o "hal_stm32f072cbt6_template.elf" @"objects.list"   -mcpu=cortex-m0 -T"C:\Projects\Firmwares\Signs\wafer\V2\HAL_template\HAL_STM32F072_FRAMEWORK\hal_stm32f072cbt6_template\STM32F072CBTX_FLASH.ld" --specs=nosys.specs -Wl,-Map="hal_stm32f072cbt6_template.map" -Wl,--gc-sections -static --specs=nano.specs -mfloat-abi=soft -mthumb -Wl,--start-group -lc -lm -Wl,--end-group
Finished building target: hal_stm32f072cbt6_template.elf
 
arm-none-eabi-size   hal_stm32f072cbt6_template.elf 
arm-none-eabi-objdump -h -S  hal_stm32f072cbt6_template.elf  > "hal_stm32f072cbt6_template.list"
   text	   data	    bss	    dec	    hex	filename
   6956	     20	   1692	   8668	   21dc	hal_stm32f072cbt6_template.elf
Finished building: default.size.stdout
 
Finished building: hal_stm32f072cbt6_template.list
 
12:41:10 **** Incremental Build of configuration Debug for project hal_stm32f072cbt6_template ****
make -j8 all 
arm-none-eabi-gcc "../Core/Src/main.c" -mcpu=cortex-m0 -std=gnu11 -g3 -DDEBUG -DUSE_HAL_DRIVER -DSTM32F072xB -c -I../Core/Inc -I../Drivers/STM32F0xx_HAL_Driver/Inc -I../Drivers/STM32F0xx_HAL_Driver/Inc/Legacy -I../Drivers/CMSIS/Device/ST/STM32F0xx/Include -I../Drivers/CMSIS/Include -O0 -ffunction-sections -fdata-sections -Wall -fstack-usage -fcyclomatic-complexity -MMD -MP -MF"Core/Src/main.d" -MT"Core/Src/main.o" --specs=nano.specs -mfloat-abi=soft -mthumb -o "Core/Src/main.o"
arm-none-eabi-gcc -o "hal_stm32f072cbt6_template.elf" @"objects.list"   -mcpu=cortex-m0 -T"C:\Projects\Firmwares\Signs\wafer\V2\HAL_template\HAL_STM32F072_FRAMEWORK\hal_stm32f072cbt6_template\STM32F072CBTX_FLASH.ld" --specs=nosys.specs -Wl,-Map="hal_stm32f072cbt6_template.map" -Wl,--gc-sections -static --specs=nano.specs -mfloat-abi=soft -mthumb -Wl,--start-group -lc -lm -Wl,--end-group
Finished building target: hal_stm32f072cbt6_template.elf
 
arm-none-eabi-size   hal_stm32f072cbt6_template.elf 
arm-none-eabi-objdump -h -S  hal_stm32f072cbt6_template.elf  > "hal_stm32f072cbt6_template.list"
   text	   data	    bss	    dec	    hex	filename
   6940	     20	   1692	   8652	   21cc	hal_stm32f072cbt6_template.elf
Finished building: default.size.stdout
 
Finished building: hal_stm32f072cbt6_template.list
 
12:42:13 **** Incremental Build of configuration Debug for project hal_stm32f072cbt6_template ****
make -j8 all 
arm-none-eabi-gcc "../Core/Src/main.c" -mcpu=cortex-m0 -std=gnu11 -g3 -DDEBUG -DUSE_HAL_DRIVER -DSTM32F072xB -c -I../Core/Inc -I../Drivers/STM32F0xx_HAL_Driver/Inc -I../Drivers/STM32F0xx_HAL_Driver/Inc/Legacy -I../Drivers/CMSIS/Device/ST/STM32F0xx/Include -I../Drivers/CMSIS/Include -O0 -ffunction-sections -fdata-sections -Wall -fstack-usage -fcyclomatic-complexity -MMD -MP -MF"Core/Src/main.d" -MT"Core/Src/main.o" --specs=nano.specs -mfloat-abi=soft -mthumb -o "Core/Src/main.o"
arm-none-eabi-gcc -o "hal_stm32f072cbt6_template.elf" @"objects.list"   -mcpu=cortex-m0 -T"C:\Projects\Firmwares\Signs\wafer\V2\HAL_template\HAL_STM32F072_FRAMEWORK\hal_stm32f072cbt6_template\STM32F072CBTX_FLASH.ld" --specs=nosys.specs -Wl,-Map="hal_stm32f072cbt6_template.map" -Wl,--gc-sections -static --specs=nano.specs -mfloat-abi=soft -mthumb -Wl,--start-group -lc -lm -Wl,--end-group
Finished building target: hal_stm32f072cbt6_template.elf
 
arm-none-eabi-size   hal_stm32f072cbt6_template.elf 
arm-none-eabi-objdump -h -S  hal_stm32f072cbt6_template.elf  > "hal_stm32f072cbt6_template.list"
   text	   data	    bss	    dec	    hex	filename
   6956	     20	   1692	   8668	   21dc	hal_stm32f072cbt6_template.elf
Finished building: default.size.stdout
 
Finished building: hal_stm32f072cbt6_template.list
 
12:43:00 **** Incremental Build of configuration Debug for project hal_stm32f072cbt6_template ****
make -j8 all 
arm-none-eabi-gcc "../Core/Src/main.c" -mcpu=cortex-m0 -std=gnu11 -g3 -DDEBUG -DUSE_HAL_DRIVER -DSTM32F072xB -c -I../Core/Inc -I../Drivers/STM32F0xx_HAL_Driver/Inc -I../Drivers/STM32F0xx_HAL_Driver/Inc/Legacy -I../Drivers/CMSIS/Device/ST/STM32F0xx/Include -I../Drivers/CMSIS/Include -O0 -ffunction-sections -fdata-sections -Wall -fstack-usage -fcyclomatic-complexity -MMD -MP -MF"Core/Src/main.d" -MT"Core/Src/main.o" --specs=nano.specs -mfloat-abi=soft -mthumb -o "Core/Src/main.o"
arm-none-eabi-gcc -o "hal_stm32f072cbt6_template.elf" @"objects.list"   -mcpu=cortex-m0 -T"C:\Projects\Firmwares\Signs\wafer\V2\HAL_template\HAL_STM32F072_FRAMEWORK\hal_stm32f072cbt6_template\STM32F072CBTX_FLASH.ld" --specs=nosys.specs -Wl,-Map="hal_stm32f072cbt6_template.map" -Wl,--gc-sections -static --specs=nano.specs -mfloat-abi=soft -mthumb -Wl,--start-group -lc -lm -Wl,--end-group
Finished building target: hal_stm32f072cbt6_template.elf
 
arm-none-eabi-size   hal_stm32f072cbt6_template.elf 
arm-none-eabi-objdump -h -S  hal_stm32f072cbt6_template.elf  > "hal_stm32f072cbt6_template.list"
   text	   data	    bss	    dec	    hex	filename
   6956	     20	   1692	   8668	   21dc	hal_stm32f072cbt6_template.elf
Finished building: default.size.stdout
 
Finished building: hal_stm32f072cbt6_template.list
 
12:43:20 **** Incremental Build of configuration Debug for project hal_stm32f072cbt6_template ****
make -j8 all 
arm-none-eabi-size   hal_stm32f072cbt6_template.elf 
   text	   data	    bss	    dec	    hex	filename
   6956	     20	   1692	   8668	   21dc	hal_stm32f072cbt6_template.elf
Finished building: default.size.stdout
 
12:44:39 **** Incremental Build of configuration Debug for project hal_stm32f072cbt6_template ****
make -j8 all 
arm-none-eabi-gcc -o "hal_stm32f072cbt6_template.elf" @"objects.list"   -mcpu=cortex-m0 -T"C:\Projects\Firmwares\Signs\wafer\V2\HAL_template\HAL_STM32F072_FRAMEWORK\hal_stm32f072cbt6_template\STM32F072CBTX_FLASH.ld" --specs=nosys.specs -Wl,-Map="hal_stm32f072cbt6_template.map" -Wl,--gc-sections -static --specs=nano.specs -mfloat-abi=soft -mthumb -Wl,--start-group -lc -lm -Wl,--end-group
Finished building target: hal_stm32f072cbt6_template.elf
 
arm-none-eabi-size   hal_stm32f072cbt6_template.elf 
arm-none-eabi-objdump -h -S  hal_stm32f072cbt6_template.elf  > "hal_stm32f072cbt6_template.list"
   text	   data	    bss	    dec	    hex	filename
   6956	     20	   1692	   8668	   21dc	hal_stm32f072cbt6_template.elf
Finished building: default.size.stdout
 
Finished building: hal_stm32f072cbt6_template.list
 
12:47:02 **** Incremental Build of configuration Debug for project hal_stm32f072cbt6_template ****
make -j8 all 
arm-none-eabi-gcc "../Core/Src/main.c" -mcpu=cortex-m0 -std=gnu11 -g3 -DDEBUG -DUSE_HAL_DRIVER -DSTM32F072xB -c -I../Core/Inc -I../Drivers/STM32F0xx_HAL_Driver/Inc -I../Drivers/STM32F0xx_HAL_Driver/Inc/Legacy -I../Drivers/CMSIS/Device/ST/STM32F0xx/Include -I../Drivers/CMSIS/Include -O0 -ffunction-sections -fdata-sections -Wall -fstack-usage -fcyclomatic-complexity -MMD -MP -MF"Core/Src/main.d" -MT"Core/Src/main.o" --specs=nano.specs -mfloat-abi=soft -mthumb -o "Core/Src/main.o"
arm-none-eabi-gcc -o "hal_stm32f072cbt6_template.elf" @"objects.list"   -mcpu=cortex-m0 -T"C:\Projects\Firmwares\Signs\wafer\V2\HAL_template\HAL_STM32F072_FRAMEWORK\hal_stm32f072cbt6_template\STM32F072CBTX_FLASH.ld" --specs=nosys.specs -Wl,-Map="hal_stm32f072cbt6_template.map" -Wl,--gc-sections -static --specs=nano.specs -mfloat-abi=soft -mthumb -Wl,--start-group -lc -lm -Wl,--end-group
Finished building target: hal_stm32f072cbt6_template.elf
 
arm-none-eabi-size   hal_stm32f072cbt6_template.elf 
arm-none-eabi-objdump -h -S  hal_stm32f072cbt6_template.elf  > "hal_stm32f072cbt6_template.list"
   text	   data	    bss	    dec	    hex	filename
   6956	     20	   1692	   8668	   21dc	hal_stm32f072cbt6_template.elf
Finished building: default.size.stdout
 
Finished building: hal_stm32f072cbt6_template.list
 
15:31:20 **** Clean-only build of configuration Debug for project hal_stm32f072cbt6_template ****
make -j8 clean 
rm -rf ./Drivers/STM32F0xx_HAL_Driver/Src/stm32f0xx_hal.cyclo ./Drivers/STM32F0xx_HAL_Driver/Src/stm32f0xx_hal.d ./Drivers/STM32F0xx_HAL_Driver/Src/stm32f0xx_hal.o ./Drivers/STM32F0xx_HAL_Driver/Src/stm32f0xx_hal.su ./Drivers/STM32F0xx_HAL_Driver/Src/stm32f0xx_hal_can.cyclo ./Drivers/STM32F0xx_HAL_Driver/Src/stm32f0xx_hal_can.d ./Drivers/STM32F0xx_HAL_Driver/Src/stm32f0xx_hal_can.o ./Drivers/STM32F0xx_HAL_Driver/Src/stm32f0xx_hal_can.su ./Drivers/STM32F0xx_HAL_Driver/Src/stm32f0xx_hal_cortex.cyclo ./Drivers/STM32F0xx_HAL_Driver/Src/stm32f0xx_hal_cortex.d ./Drivers/STM32F0xx_HAL_Driver/Src/stm32f0xx_hal_cortex.o ./Drivers/STM32F0xx_HAL_Driver/Src/stm32f0xx_hal_cortex.su ./Drivers/STM32F0xx_HAL_Driver/Src/stm32f0xx_hal_dma.cyclo ./Drivers/STM32F0xx_HAL_Driver/Src/stm32f0xx_hal_dma.d ./Drivers/STM32F0xx_HAL_Driver/Src/stm32f0xx_hal_dma.o ./Drivers/STM32F0xx_HAL_Driver/Src/stm32f0xx_hal_dma.su ./Drivers/STM32F0xx_HAL_Driver/Src/stm32f0xx_hal_exti.cyclo ./Drivers/STM32F0xx_HAL_Driver/Src/stm32f0xx_hal_exti.d ./Drivers/STM32F0xx_HAL_Driver/Src/stm32f0xx_hal_exti.o ./Drivers/STM32F0xx_HAL_Driver/Src/stm32f0xx_hal_exti.su ./Drivers/STM32F0xx_HAL_Driver/Src/stm32f0xx_hal_flash.cyclo ./Drivers/STM32F0xx_HAL_Driver/Src/stm32f0xx_hal_flash.d ./Drivers/STM32F0xx_HAL_Driver/Src/stm32f0xx_hal_flash.o ./Drivers/STM32F0xx_HAL_Driver/Src/stm32f0xx_hal_flash.su ./Drivers/STM32F0xx_HAL_Driver/Src/stm32f0xx_hal_flash_ex.cyclo ./Drivers/STM32F0xx_HAL_Driver/Src/stm32f0xx_hal_flash_ex.d ./Drivers/STM32F0xx_HAL_Driver/Src/stm32f0xx_hal_flash_ex.o ./Drivers/STM32F0xx_HAL_Driver/Src/stm32f0xx_hal_flash_ex.su ./Drivers/STM32F0xx_HAL_Driver/Src/stm32f0xx_hal_gpio.cyclo ./Drivers/STM32F0xx_HAL_Driver/Src/stm32f0xx_hal_gpio.d ./Drivers/STM32F0xx_HAL_Driver/Src/stm32f0xx_hal_gpio.o ./Drivers/STM32F0xx_HAL_Driver/Src/stm32f0xx_hal_gpio.su ./Drivers/STM32F0xx_HAL_Driver/Src/stm32f0xx_hal_i2c.cyclo ./Drivers/STM32F0xx_HAL_Driver/Src/stm32f0xx_hal_i2c.d ./Drivers/STM32F0xx_HAL_Driver/Src/stm32f0xx_hal_i2c.o ./Drivers/STM32F0xx_HAL_Driver/Src/stm32f0xx_hal_i2c.su ./Drivers/STM32F0xx_HAL_Driver/Src/stm32f0xx_hal_i2c_ex.cyclo ./Drivers/STM32F0xx_HAL_Driver/Src/stm32f0xx_hal_i2c_ex.d ./Drivers/STM32F0xx_HAL_Driver/Src/stm32f0xx_hal_i2c_ex.o ./Drivers/STM32F0xx_HAL_Driver/Src/stm32f0xx_hal_i2c_ex.su ./Drivers/STM32F0xx_HAL_Driver/Src/stm32f0xx_hal_pwr.cyclo ./Drivers/STM32F0xx_HAL_Driver/Src/stm32f0xx_hal_pwr.d ./Drivers/STM32F0xx_HAL_Driver/Src/stm32f0xx_hal_pwr.o ./Drivers/STM32F0xx_HAL_Driver/Src/stm32f0xx_hal_pwr.su ./Drivers/STM32F0xx_HAL_Driver/Src/stm32f0xx_hal_pwr_ex.cyclo ./Drivers/STM32F0xx_HAL_Driver/Src/stm32f0xx_hal_pwr_ex.d ./Drivers/STM32F0xx_HAL_Driver/Src/stm32f0xx_hal_pwr_ex.o ./Drivers/STM32F0xx_HAL_Driver/Src/stm32f0xx_hal_pwr_ex.su ./Drivers/STM32F0xx_HAL_Driver/Src/stm32f0xx_hal_rcc.cyclo ./Drivers/STM32F0xx_HAL_Driver/Src/stm32f0xx_hal_rcc.d ./Drivers/STM32F0xx_HAL_Driver/Src/stm32f0xx_hal_rcc.o ./Drivers/STM32F0xx_HAL_Driver/Src/stm32f0xx_hal_rcc.su ./Drivers/STM32F0xx_HAL_Driver/Src/stm32f0xx_hal_rcc_ex.cyclo ./Drivers/STM32F0xx_HAL_Driver/Src/stm32f0xx_hal_rcc_ex.d ./Drivers/STM32F0xx_HAL_Driver/Src/stm32f0xx_hal_rcc_ex.o ./Drivers/STM32F0xx_HAL_Driver/Src/stm32f0xx_hal_rcc_ex.su ./Drivers/STM32F0xx_HAL_Driver/Src/stm32f0xx_hal_tim.cyclo ./Drivers/STM32F0xx_HAL_Driver/Src/stm32f0xx_hal_tim.d ./Drivers/STM32F0xx_HAL_Driver/Src/stm32f0xx_hal_tim.o ./Drivers/STM32F0xx_HAL_Driver/Src/stm32f0xx_hal_tim.su ./Drivers/STM32F0xx_HAL_Driver/Src/stm32f0xx_hal_tim_ex.cyclo ./Drivers/STM32F0xx_HAL_Driver/Src/stm32f0xx_hal_tim_ex.d ./Drivers/STM32F0xx_HAL_Driver/Src/stm32f0xx_hal_tim_ex.o ./Drivers/STM32F0xx_HAL_Driver/Src/stm32f0xx_hal_tim_ex.su
rm -rf ./Core/Startup/startup_stm32f072cbtx.d ./Core/Startup/startup_stm32f072cbtx.o
rm -rf ./Core/Src/main.cyclo ./Core/Src/main.d ./Core/Src/main.o ./Core/Src/main.su ./Core/Src/stm32f0xx_hal_msp.cyclo ./Core/Src/stm32f0xx_hal_msp.d ./Core/Src/stm32f0xx_hal_msp.o ./Core/Src/stm32f0xx_hal_msp.su ./Core/Src/stm32f0xx_it.cyclo ./Core/Src/stm32f0xx_it.d ./Core/Src/stm32f0xx_it.o ./Core/Src/stm32f0xx_it.su ./Core/Src/syscalls.cyclo ./Core/Src/syscalls.d ./Core/Src/syscalls.o ./Core/Src/syscalls.su ./Core/Src/sysmem.cyclo ./Core/Src/sysmem.d ./Core/Src/sysmem.o ./Core/Src/sysmem.su ./Core/Src/system_stm32f0xx.cyclo ./Core/Src/system_stm32f0xx.d ./Core/Src/system_stm32f0xx.o ./Core/Src/system_stm32f0xx.su
rm -rf default.size.stdout hal_stm32f072cbt6_template.elf hal_stm32f072cbt6_template.list hal_stm32f072cbt6_template.map
 
15:31:20 **** Incremental Build of configuration Debug for project hal_stm32f072cbt6_template ****
make -j8 all 
arm-none-eabi-gcc "../Drivers/STM32F0xx_HAL_Driver/Src/stm32f0xx_hal.c" -mcpu=cortex-m0 -std=gnu11 -g3 -DDEBUG -DUSE_HAL_DRIVER -DSTM32F072xB -c -I../Core/Inc -I../Drivers/STM32F0xx_HAL_Driver/Inc -I../Drivers/STM32F0xx_HAL_Driver/Inc/Legacy -I../Drivers/CMSIS/Device/ST/STM32F0xx/Include -I../Drivers/CMSIS/Include -Og -ffunction-sections -fdata-sections -Wall -fstack-usage -fcyclomatic-complexity -MMD -MP -MF"Drivers/STM32F0xx_HAL_Driver/Src/stm32f0xx_hal.d" -MT"Drivers/STM32F0xx_HAL_Driver/Src/stm32f0xx_hal.o" --specs=nano.specs -mfloat-abi=soft -mthumb -o "Drivers/STM32F0xx_HAL_Driver/Src/stm32f0xx_hal.o"
arm-none-eabi-gcc "../Drivers/STM32F0xx_HAL_Driver/Src/stm32f0xx_hal_can.c" -mcpu=cortex-m0 -std=gnu11 -g3 -DDEBUG -DUSE_HAL_DRIVER -DSTM32F072xB -c -I../Core/Inc -I../Drivers/STM32F0xx_HAL_Driver/Inc -I../Drivers/STM32F0xx_HAL_Driver/Inc/Legacy -I../Drivers/CMSIS/Device/ST/STM32F0xx/Include -I../Drivers/CMSIS/Include -Og -ffunction-sections -fdata-sections -Wall -fstack-usage -fcyclomatic-complexity -MMD -MP -MF"Drivers/STM32F0xx_HAL_Driver/Src/stm32f0xx_hal_can.d" -MT"Drivers/STM32F0xx_HAL_Driver/Src/stm32f0xx_hal_can.o" --specs=nano.specs -mfloat-abi=soft -mthumb -o "Drivers/STM32F0xx_HAL_Driver/Src/stm32f0xx_hal_can.o"
arm-none-eabi-gcc "../Drivers/STM32F0xx_HAL_Driver/Src/stm32f0xx_hal_cortex.c" -mcpu=cortex-m0 -std=gnu11 -g3 -DDEBUG -DUSE_HAL_DRIVER -DSTM32F072xB -c -I../Core/Inc -I../Drivers/STM32F0xx_HAL_Driver/Inc -I../Drivers/STM32F0xx_HAL_Driver/Inc/Legacy -I../Drivers/CMSIS/Device/ST/STM32F0xx/Include -I../Drivers/CMSIS/Include -Og -ffunction-sections -fdata-sections -Wall -fstack-usage -fcyclomatic-complexity -MMD -MP -MF"Drivers/STM32F0xx_HAL_Driver/Src/stm32f0xx_hal_cortex.d" -MT"Drivers/STM32F0xx_HAL_Driver/Src/stm32f0xx_hal_cortex.o" --specs=nano.specs -mfloat-abi=soft -mthumb -o "Drivers/STM32F0xx_HAL_Driver/Src/stm32f0xx_hal_cortex.o"
arm-none-eabi-gcc "../Drivers/STM32F0xx_HAL_Driver/Src/stm32f0xx_hal_dma.c" -mcpu=cortex-m0 -std=gnu11 -g3 -DDEBUG -DUSE_HAL_DRIVER -DSTM32F072xB -c -I../Core/Inc -I../Drivers/STM32F0xx_HAL_Driver/Inc -I../Drivers/STM32F0xx_HAL_Driver/Inc/Legacy -I../Drivers/CMSIS/Device/ST/STM32F0xx/Include -I../Drivers/CMSIS/Include -Og -ffunction-sections -fdata-sections -Wall -fstack-usage -fcyclomatic-complexity -MMD -MP -MF"Drivers/STM32F0xx_HAL_Driver/Src/stm32f0xx_hal_dma.d" -MT"Drivers/STM32F0xx_HAL_Driver/Src/stm32f0xx_hal_dma.o" --specs=nano.specs -mfloat-abi=soft -mthumb -o "Drivers/STM32F0xx_HAL_Driver/Src/stm32f0xx_hal_dma.o"
arm-none-eabi-gcc "../Drivers/STM32F0xx_HAL_Driver/Src/stm32f0xx_hal_exti.c" -mcpu=cortex-m0 -std=gnu11 -g3 -DDEBUG -DUSE_HAL_DRIVER -DSTM32F072xB -c -I../Core/Inc -I../Drivers/STM32F0xx_HAL_Driver/Inc -I../Drivers/STM32F0xx_HAL_Driver/Inc/Legacy -I../Drivers/CMSIS/Device/ST/STM32F0xx/Include -I../Drivers/CMSIS/Include -Og -ffunction-sections -fdata-sections -Wall -fstack-usage -fcyclomatic-complexity -MMD -MP -MF"Drivers/STM32F0xx_HAL_Driver/Src/stm32f0xx_hal_exti.d" -MT"Drivers/STM32F0xx_HAL_Driver/Src/stm32f0xx_hal_exti.o" --specs=nano.specs -mfloat-abi=soft -mthumb -o "Drivers/STM32F0xx_HAL_Driver/Src/stm32f0xx_hal_exti.o"
arm-none-eabi-gcc "../Drivers/STM32F0xx_HAL_Driver/Src/stm32f0xx_hal_flash.c" -mcpu=cortex-m0 -std=gnu11 -g3 -DDEBUG -DUSE_HAL_DRIVER -DSTM32F072xB -c -I../Core/Inc -I../Drivers/STM32F0xx_HAL_Driver/Inc -I../Drivers/STM32F0xx_HAL_Driver/Inc/Legacy -I../Drivers/CMSIS/Device/ST/STM32F0xx/Include -I../Drivers/CMSIS/Include -Og -ffunction-sections -fdata-sections -Wall -fstack-usage -fcyclomatic-complexity -MMD -MP -MF"Drivers/STM32F0xx_HAL_Driver/Src/stm32f0xx_hal_flash.d" -MT"Drivers/STM32F0xx_HAL_Driver/Src/stm32f0xx_hal_flash.o" --specs=nano.specs -mfloat-abi=soft -mthumb -o "Drivers/STM32F0xx_HAL_Driver/Src/stm32f0xx_hal_flash.o"
arm-none-eabi-gcc "../Drivers/STM32F0xx_HAL_Driver/Src/stm32f0xx_hal_flash_ex.c" -mcpu=cortex-m0 -std=gnu11 -g3 -DDEBUG -DUSE_HAL_DRIVER -DSTM32F072xB -c -I../Core/Inc -I../Drivers/STM32F0xx_HAL_Driver/Inc -I../Drivers/STM32F0xx_HAL_Driver/Inc/Legacy -I../Drivers/CMSIS/Device/ST/STM32F0xx/Include -I../Drivers/CMSIS/Include -Og -ffunction-sections -fdata-sections -Wall -fstack-usage -fcyclomatic-complexity -MMD -MP -MF"Drivers/STM32F0xx_HAL_Driver/Src/stm32f0xx_hal_flash_ex.d" -MT"Drivers/STM32F0xx_HAL_Driver/Src/stm32f0xx_hal_flash_ex.o" --specs=nano.specs -mfloat-abi=soft -mthumb -o "Drivers/STM32F0xx_HAL_Driver/Src/stm32f0xx_hal_flash_ex.o"
arm-none-eabi-gcc "../Drivers/STM32F0xx_HAL_Driver/Src/stm32f0xx_hal_gpio.c" -mcpu=cortex-m0 -std=gnu11 -g3 -DDEBUG -DUSE_HAL_DRIVER -DSTM32F072xB -c -I../Core/Inc -I../Drivers/STM32F0xx_HAL_Driver/Inc -I../Drivers/STM32F0xx_HAL_Driver/Inc/Legacy -I../Drivers/CMSIS/Device/ST/STM32F0xx/Include -I../Drivers/CMSIS/Include -Og -ffunction-sections -fdata-sections -Wall -fstack-usage -fcyclomatic-complexity -MMD -MP -MF"Drivers/STM32F0xx_HAL_Driver/Src/stm32f0xx_hal_gpio.d" -MT"Drivers/STM32F0xx_HAL_Driver/Src/stm32f0xx_hal_gpio.o" --specs=nano.specs -mfloat-abi=soft -mthumb -o "Drivers/STM32F0xx_HAL_Driver/Src/stm32f0xx_hal_gpio.o"
arm-none-eabi-gcc "../Drivers/STM32F0xx_HAL_Driver/Src/stm32f0xx_hal_i2c.c" -mcpu=cortex-m0 -std=gnu11 -g3 -DDEBUG -DUSE_HAL_DRIVER -DSTM32F072xB -c -I../Core/Inc -I../Drivers/STM32F0xx_HAL_Driver/Inc -I../Drivers/STM32F0xx_HAL_Driver/Inc/Legacy -I../Drivers/CMSIS/Device/ST/STM32F0xx/Include -I../Drivers/CMSIS/Include -Og -ffunction-sections -fdata-sections -Wall -fstack-usage -fcyclomatic-complexity -MMD -MP -MF"Drivers/STM32F0xx_HAL_Driver/Src/stm32f0xx_hal_i2c.d" -MT"Drivers/STM32F0xx_HAL_Driver/Src/stm32f0xx_hal_i2c.o" --specs=nano.specs -mfloat-abi=soft -mthumb -o "Drivers/STM32F0xx_HAL_Driver/Src/stm32f0xx_hal_i2c.o"
arm-none-eabi-gcc "../Drivers/STM32F0xx_HAL_Driver/Src/stm32f0xx_hal_i2c_ex.c" -mcpu=cortex-m0 -std=gnu11 -g3 -DDEBUG -DUSE_HAL_DRIVER -DSTM32F072xB -c -I../Core/Inc -I../Drivers/STM32F0xx_HAL_Driver/Inc -I../Drivers/STM32F0xx_HAL_Driver/Inc/Legacy -I../Drivers/CMSIS/Device/ST/STM32F0xx/Include -I../Drivers/CMSIS/Include -Og -ffunction-sections -fdata-sections -Wall -fstack-usage -fcyclomatic-complexity -MMD -MP -MF"Drivers/STM32F0xx_HAL_Driver/Src/stm32f0xx_hal_i2c_ex.d" -MT"Drivers/STM32F0xx_HAL_Driver/Src/stm32f0xx_hal_i2c_ex.o" --specs=nano.specs -mfloat-abi=soft -mthumb -o "Drivers/STM32F0xx_HAL_Driver/Src/stm32f0xx_hal_i2c_ex.o"
arm-none-eabi-gcc "../Drivers/STM32F0xx_HAL_Driver/Src/stm32f0xx_hal_pwr.c" -mcpu=cortex-m0 -std=gnu11 -g3 -DDEBUG -DUSE_HAL_DRIVER -DSTM32F072xB -c -I../Core/Inc -I../Drivers/STM32F0xx_HAL_Driver/Inc -I../Drivers/STM32F0xx_HAL_Driver/Inc/Legacy -I../Drivers/CMSIS/Device/ST/STM32F0xx/Include -I../Drivers/CMSIS/Include -Og -ffunction-sections -fdata-sections -Wall -fstack-usage -fcyclomatic-complexity -MMD -MP -MF"Drivers/STM32F0xx_HAL_Driver/Src/stm32f0xx_hal_pwr.d" -MT"Drivers/STM32F0xx_HAL_Driver/Src/stm32f0xx_hal_pwr.o" --specs=nano.specs -mfloat-abi=soft -mthumb -o "Drivers/STM32F0xx_HAL_Driver/Src/stm32f0xx_hal_pwr.o"
arm-none-eabi-gcc "../Drivers/STM32F0xx_HAL_Driver/Src/stm32f0xx_hal_pwr_ex.c" -mcpu=cortex-m0 -std=gnu11 -g3 -DDEBUG -DUSE_HAL_DRIVER -DSTM32F072xB -c -I../Core/Inc -I../Drivers/STM32F0xx_HAL_Driver/Inc -I../Drivers/STM32F0xx_HAL_Driver/Inc/Legacy -I../Drivers/CMSIS/Device/ST/STM32F0xx/Include -I../Drivers/CMSIS/Include -Og -ffunction-sections -fdata-sections -Wall -fstack-usage -fcyclomatic-complexity -MMD -MP -MF"Drivers/STM32F0xx_HAL_Driver/Src/stm32f0xx_hal_pwr_ex.d" -MT"Drivers/STM32F0xx_HAL_Driver/Src/stm32f0xx_hal_pwr_ex.o" --specs=nano.specs -mfloat-abi=soft -mthumb -o "Drivers/STM32F0xx_HAL_Driver/Src/stm32f0xx_hal_pwr_ex.o"
arm-none-eabi-gcc "../Drivers/STM32F0xx_HAL_Driver/Src/stm32f0xx_hal_rcc.c" -mcpu=cortex-m0 -std=gnu11 -g3 -DDEBUG -DUSE_HAL_DRIVER -DSTM32F072xB -c -I../Core/Inc -I../Drivers/STM32F0xx_HAL_Driver/Inc -I../Drivers/STM32F0xx_HAL_Driver/Inc/Legacy -I../Drivers/CMSIS/Device/ST/STM32F0xx/Include -I../Drivers/CMSIS/Include -Og -ffunction-sections -fdata-sections -Wall -fstack-usage -fcyclomatic-complexity -MMD -MP -MF"Drivers/STM32F0xx_HAL_Driver/Src/stm32f0xx_hal_rcc.d" -MT"Drivers/STM32F0xx_HAL_Driver/Src/stm32f0xx_hal_rcc.o" --specs=nano.specs -mfloat-abi=soft -mthumb -o "Drivers/STM32F0xx_HAL_Driver/Src/stm32f0xx_hal_rcc.o"
arm-none-eabi-gcc "../Drivers/STM32F0xx_HAL_Driver/Src/stm32f0xx_hal_rcc_ex.c" -mcpu=cortex-m0 -std=gnu11 -g3 -DDEBUG -DUSE_HAL_DRIVER -DSTM32F072xB -c -I../Core/Inc -I../Drivers/STM32F0xx_HAL_Driver/Inc -I../Drivers/STM32F0xx_HAL_Driver/Inc/Legacy -I../Drivers/CMSIS/Device/ST/STM32F0xx/Include -I../Drivers/CMSIS/Include -Og -ffunction-sections -fdata-sections -Wall -fstack-usage -fcyclomatic-complexity -MMD -MP -MF"Drivers/STM32F0xx_HAL_Driver/Src/stm32f0xx_hal_rcc_ex.d" -MT"Drivers/STM32F0xx_HAL_Driver/Src/stm32f0xx_hal_rcc_ex.o" --specs=nano.specs -mfloat-abi=soft -mthumb -o "Drivers/STM32F0xx_HAL_Driver/Src/stm32f0xx_hal_rcc_ex.o"
arm-none-eabi-gcc "../Drivers/STM32F0xx_HAL_Driver/Src/stm32f0xx_hal_tim.c" -mcpu=cortex-m0 -std=gnu11 -g3 -DDEBUG -DUSE_HAL_DRIVER -DSTM32F072xB -c -I../Core/Inc -I../Drivers/STM32F0xx_HAL_Driver/Inc -I../Drivers/STM32F0xx_HAL_Driver/Inc/Legacy -I../Drivers/CMSIS/Device/ST/STM32F0xx/Include -I../Drivers/CMSIS/Include -Og -ffunction-sections -fdata-sections -Wall -fstack-usage -fcyclomatic-complexity -MMD -MP -MF"Drivers/STM32F0xx_HAL_Driver/Src/stm32f0xx_hal_tim.d" -MT"Drivers/STM32F0xx_HAL_Driver/Src/stm32f0xx_hal_tim.o" --specs=nano.specs -mfloat-abi=soft -mthumb -o "Drivers/STM32F0xx_HAL_Driver/Src/stm32f0xx_hal_tim.o"
arm-none-eabi-gcc "../Drivers/STM32F0xx_HAL_Driver/Src/stm32f0xx_hal_tim_ex.c" -mcpu=cortex-m0 -std=gnu11 -g3 -DDEBUG -DUSE_HAL_DRIVER -DSTM32F072xB -c -I../Core/Inc -I../Drivers/STM32F0xx_HAL_Driver/Inc -I../Drivers/STM32F0xx_HAL_Driver/Inc/Legacy -I../Drivers/CMSIS/Device/ST/STM32F0xx/Include -I../Drivers/CMSIS/Include -Og -ffunction-sections -fdata-sections -Wall -fstack-usage -fcyclomatic-complexity -MMD -MP -MF"Drivers/STM32F0xx_HAL_Driver/Src/stm32f0xx_hal_tim_ex.d" -MT"Drivers/STM32F0xx_HAL_Driver/Src/stm32f0xx_hal_tim_ex.o" --specs=nano.specs -mfloat-abi=soft -mthumb -o "Drivers/STM32F0xx_HAL_Driver/Src/stm32f0xx_hal_tim_ex.o"
arm-none-eabi-gcc -mcpu=cortex-m0 -g3 -DDEBUG -c -x assembler-with-cpp -MMD -MP -MF"Core/Startup/startup_stm32f072cbtx.d" -MT"Core/Startup/startup_stm32f072cbtx.o" --specs=nano.specs -mfloat-abi=soft -mthumb -o "Core/Startup/startup_stm32f072cbtx.o" "../Core/Startup/startup_stm32f072cbtx.s"
arm-none-eabi-gcc "../Core/Src/can.c" -mcpu=cortex-m0 -std=gnu11 -g3 -DDEBUG -DUSE_HAL_DRIVER -DSTM32F072xB -c -I../Core/Inc -I../Drivers/STM32F0xx_HAL_Driver/Inc -I../Drivers/STM32F0xx_HAL_Driver/Inc/Legacy -I../Drivers/CMSIS/Device/ST/STM32F0xx/Include -I../Drivers/CMSIS/Include -Og -ffunction-sections -fdata-sections -Wall -fstack-usage -fcyclomatic-complexity -MMD -MP -MF"Core/Src/can.d" -MT"Core/Src/can.o" --specs=nano.specs -mfloat-abi=soft -mthumb -o "Core/Src/can.o"
arm-none-eabi-gcc "../Core/Src/gpio.c" -mcpu=cortex-m0 -std=gnu11 -g3 -DDEBUG -DUSE_HAL_DRIVER -DSTM32F072xB -c -I../Core/Inc -I../Drivers/STM32F0xx_HAL_Driver/Inc -I../Drivers/STM32F0xx_HAL_Driver/Inc/Legacy -I../Drivers/CMSIS/Device/ST/STM32F0xx/Include -I../Drivers/CMSIS/Include -Og -ffunction-sections -fdata-sections -Wall -fstack-usage -fcyclomatic-complexity -MMD -MP -MF"Core/Src/gpio.d" -MT"Core/Src/gpio.o" --specs=nano.specs -mfloat-abi=soft -mthumb -o "Core/Src/gpio.o"
arm-none-eabi-gcc "../Core/Src/i2c.c" -mcpu=cortex-m0 -std=gnu11 -g3 -DDEBUG -DUSE_HAL_DRIVER -DSTM32F072xB -c -I../Core/Inc -I../Drivers/STM32F0xx_HAL_Driver/Inc -I../Drivers/STM32F0xx_HAL_Driver/Inc/Legacy -I../Drivers/CMSIS/Device/ST/STM32F0xx/Include -I../Drivers/CMSIS/Include -Og -ffunction-sections -fdata-sections -Wall -fstack-usage -fcyclomatic-complexity -MMD -MP -MF"Core/Src/i2c.d" -MT"Core/Src/i2c.o" --specs=nano.specs -mfloat-abi=soft -mthumb -o "Core/Src/i2c.o"
arm-none-eabi-gcc "../Core/Src/main.c" -mcpu=cortex-m0 -std=gnu11 -g3 -DDEBUG -DUSE_HAL_DRIVER -DSTM32F072xB -c -I../Core/Inc -I../Drivers/STM32F0xx_HAL_Driver/Inc -I../Drivers/STM32F0xx_HAL_Driver/Inc/Legacy -I../Drivers/CMSIS/Device/ST/STM32F0xx/Include -I../Drivers/CMSIS/Include -Og -ffunction-sections -fdata-sections -Wall -fstack-usage -fcyclomatic-complexity -MMD -MP -MF"Core/Src/main.d" -MT"Core/Src/main.o" --specs=nano.specs -mfloat-abi=soft -mthumb -o "Core/Src/main.o"
arm-none-eabi-gcc "../Core/Src/stm32f0xx_hal_msp.c" -mcpu=cortex-m0 -std=gnu11 -g3 -DDEBUG -DUSE_HAL_DRIVER -DSTM32F072xB -c -I../Core/Inc -I../Drivers/STM32F0xx_HAL_Driver/Inc -I../Drivers/STM32F0xx_HAL_Driver/Inc/Legacy -I../Drivers/CMSIS/Device/ST/STM32F0xx/Include -I../Drivers/CMSIS/Include -Og -ffunction-sections -fdata-sections -Wall -fstack-usage -fcyclomatic-complexity -MMD -MP -MF"Core/Src/stm32f0xx_hal_msp.d" -MT"Core/Src/stm32f0xx_hal_msp.o" --specs=nano.specs -mfloat-abi=soft -mthumb -o "Core/Src/stm32f0xx_hal_msp.o"
arm-none-eabi-gcc "../Core/Src/stm32f0xx_it.c" -mcpu=cortex-m0 -std=gnu11 -g3 -DDEBUG -DUSE_HAL_DRIVER -DSTM32F072xB -c -I../Core/Inc -I../Drivers/STM32F0xx_HAL_Driver/Inc -I../Drivers/STM32F0xx_HAL_Driver/Inc/Legacy -I../Drivers/CMSIS/Device/ST/STM32F0xx/Include -I../Drivers/CMSIS/Include -Og -ffunction-sections -fdata-sections -Wall -fstack-usage -fcyclomatic-complexity -MMD -MP -MF"Core/Src/stm32f0xx_it.d" -MT"Core/Src/stm32f0xx_it.o" --specs=nano.specs -mfloat-abi=soft -mthumb -o "Core/Src/stm32f0xx_it.o"
arm-none-eabi-gcc "../Core/Src/syscalls.c" -mcpu=cortex-m0 -std=gnu11 -g3 -DDEBUG -DUSE_HAL_DRIVER -DSTM32F072xB -c -I../Core/Inc -I../Drivers/STM32F0xx_HAL_Driver/Inc -I../Drivers/STM32F0xx_HAL_Driver/Inc/Legacy -I../Drivers/CMSIS/Device/ST/STM32F0xx/Include -I../Drivers/CMSIS/Include -Og -ffunction-sections -fdata-sections -Wall -fstack-usage -fcyclomatic-complexity -MMD -MP -MF"Core/Src/syscalls.d" -MT"Core/Src/syscalls.o" --specs=nano.specs -mfloat-abi=soft -mthumb -o "Core/Src/syscalls.o"
arm-none-eabi-gcc "../Core/Src/sysmem.c" -mcpu=cortex-m0 -std=gnu11 -g3 -DDEBUG -DUSE_HAL_DRIVER -DSTM32F072xB -c -I../Core/Inc -I../Drivers/STM32F0xx_HAL_Driver/Inc -I../Drivers/STM32F0xx_HAL_Driver/Inc/Legacy -I../Drivers/CMSIS/Device/ST/STM32F0xx/Include -I../Drivers/CMSIS/Include -Og -ffunction-sections -fdata-sections -Wall -fstack-usage -fcyclomatic-complexity -MMD -MP -MF"Core/Src/sysmem.d" -MT"Core/Src/sysmem.o" --specs=nano.specs -mfloat-abi=soft -mthumb -o "Core/Src/sysmem.o"
arm-none-eabi-gcc "../Core/Src/system_stm32f0xx.c" -mcpu=cortex-m0 -std=gnu11 -g3 -DDEBUG -DUSE_HAL_DRIVER -DSTM32F072xB -c -I../Core/Inc -I../Drivers/STM32F0xx_HAL_Driver/Inc -I../Drivers/STM32F0xx_HAL_Driver/Inc/Legacy -I../Drivers/CMSIS/Device/ST/STM32F0xx/Include -I../Drivers/CMSIS/Include -Og -ffunction-sections -fdata-sections -Wall -fstack-usage -fcyclomatic-complexity -MMD -MP -MF"Core/Src/system_stm32f0xx.d" -MT"Core/Src/system_stm32f0xx.o" --specs=nano.specs -mfloat-abi=soft -mthumb -o "Core/Src/system_stm32f0xx.o"
arm-none-eabi-gcc -o "hal_stm32f072cbt6_template.elf" @"objects.list"   -mcpu=cortex-m0 -T"C:\Projects\Firmwares\Signs\wafer\V2\HAL_template\HAL_STM32F072_FRAMEWORK\hal_stm32f072cbt6_template\STM32F072CBTX_FLASH.ld" --specs=nosys.specs -Wl,-Map="hal_stm32f072cbt6_template.map" -Wl,--gc-sections -static --specs=nano.specs -mfloat-abi=soft -mthumb -Wl,--start-group -lc -lm -Wl,--end-group
Finished building target: hal_stm32f072cbt6_template.elf
 
arm-none-eabi-size   hal_stm32f072cbt6_template.elf 
arm-none-eabi-objdump -h -S  hal_stm32f072cbt6_template.elf  > "hal_stm32f072cbt6_template.list"
arm-none-eabi-objcopy  -O ihex  hal_stm32f072cbt6_template.elf  "hal_stm32f072cbt6_template.hex"
arm-none-eabi-objcopy  -O binary  hal_stm32f072cbt6_template.elf  "hal_stm32f072cbt6_template.bin"
   text	   data	    bss	    dec	    hex	filename
   4788	     20	   1692	   6500	   1964	hal_stm32f072cbt6_template.elf
Finished building: default.size.stdout
 
Finished building: hal_stm32f072cbt6_template.list
Finished building: hal_stm32f072cbt6_template.bin
 
Finished building: hal_stm32f072cbt6_template.hex
 
 
15:31:24 **** Incremental Build of configuration Debug for project hal_stm32f072cbt6_template ****
make -j8 all 
arm-none-eabi-size   hal_stm32f072cbt6_template.elf 
   text	   data	    bss	    dec	    hex	filename
   4788	     20	   1692	   6500	   1964	hal_stm32f072cbt6_template.elf
Finished building: default.size.stdout
 
15:32:00 **** Incremental Build of configuration Debug for project hal_stm32f072cbt6_template ****
make -j8 all 
arm-none-eabi-size   hal_stm32f072cbt6_template.elf 
   text	   data	    bss	    dec	    hex	filename
   4788	     20	   1692	   6500	   1964	hal_stm32f072cbt6_template.elf
Finished building: default.size.stdout
 
15:35:00 **** Incremental Build of configuration Debug for project hal_stm32f072cbt6_template ****
make -j8 all 
arm-none-eabi-gcc "../Core/Src/main.c" -mcpu=cortex-m0 -std=gnu11 -g3 -DDEBUG -DUSE_HAL_DRIVER -DSTM32F072xB -c -I../Core/Inc -I../Drivers/STM32F0xx_HAL_Driver/Inc -I../Drivers/STM32F0xx_HAL_Driver/Inc/Legacy -I../Drivers/CMSIS/Device/ST/STM32F0xx/Include -I../Drivers/CMSIS/Include -Og -ffunction-sections -fdata-sections -Wall -fstack-usage -fcyclomatic-complexity -MMD -MP -MF"Core/Src/main.d" -MT"Core/Src/main.o" --specs=nano.specs -mfloat-abi=soft -mthumb -o "Core/Src/main.o"
arm-none-eabi-gcc -o "hal_stm32f072cbt6_template.elf" @"objects.list"   -mcpu=cortex-m0 -T"C:\Projects\Firmwares\Signs\wafer\V2\HAL_template\HAL_STM32F072_FRAMEWORK\hal_stm32f072cbt6_template\STM32F072CBTX_FLASH.ld" --specs=nosys.specs -Wl,-Map="hal_stm32f072cbt6_template.map" -Wl,--gc-sections -static --specs=nano.specs -mfloat-abi=soft -mthumb -Wl,--start-group -lc -lm -Wl,--end-group
Finished building target: hal_stm32f072cbt6_template.elf
 
arm-none-eabi-size   hal_stm32f072cbt6_template.elf 
arm-none-eabi-objdump -h -S  hal_stm32f072cbt6_template.elf  > "hal_stm32f072cbt6_template.list"
arm-none-eabi-objcopy  -O ihex  hal_stm32f072cbt6_template.elf  "hal_stm32f072cbt6_template.hex"
   text	   data	    bss	    dec	    hex	filename
   4832	     20	   1692	   6544	   1990	hal_stm32f072cbt6_template.elf
arm-none-eabi-objcopy  -O binary  hal_stm32f072cbt6_template.elf  "hal_stm32f072cbt6_template.bin"
Finished building: default.size.stdout
 
Finished building: hal_stm32f072cbt6_template.hex
Finished building: hal_stm32f072cbt6_template.bin
 
 
Finished building: hal_stm32f072cbt6_template.list
 
15:35:03 **** Incremental Build of configuration Debug for project hal_stm32f072cbt6_template ****
make -j8 all 
arm-none-eabi-size   hal_stm32f072cbt6_template.elf 
   text	   data	    bss	    dec	    hex	filename
   4832	     20	   1692	   6544	   1990	hal_stm32f072cbt6_template.elf
Finished building: default.size.stdout
 
15:48:38 **** Incremental Build of configuration Debug for project hal_stm32f072cbt6_template ****
make -j8 all 
arm-none-eabi-gcc "../Core/Src/main.c" -mcpu=cortex-m0 -std=gnu11 -g3 -DDEBUG -DUSE_HAL_DRIVER -DSTM32F072xB -c -I../Core/Inc -I../Drivers/STM32F0xx_HAL_Driver/Inc -I../Drivers/STM32F0xx_HAL_Driver/Inc/Legacy -I../Drivers/CMSIS/Device/ST/STM32F0xx/Include -I../Drivers/CMSIS/Include -Og -ffunction-sections -fdata-sections -Wall -fstack-usage -fcyclomatic-complexity -MMD -MP -MF"Core/Src/main.d" -MT"Core/Src/main.o" --specs=nano.specs -mfloat-abi=soft -mthumb -o "Core/Src/main.o"
arm-none-eabi-gcc "../Amscreen/Framework/Drivers/Src/acp_can.c" -mcpu=cortex-m0 -std=gnu11 -g3 -DDEBUG -DUSE_HAL_DRIVER -DSTM32F072xB -c -I../Core/Inc -I../Drivers/STM32F0xx_HAL_Driver/Inc -I../Drivers/STM32F0xx_HAL_Driver/Inc/Legacy -I../Drivers/CMSIS/Device/ST/STM32F0xx/Include -I../Drivers/CMSIS/Include -Og -ffunction-sections -fdata-sections -Wall -fstack-usage -fcyclomatic-complexity -MMD -MP -MF"Amscreen/Framework/Drivers/Src/acp_can.d" -MT"Amscreen/Framework/Drivers/Src/acp_can.o" --specs=nano.specs -mfloat-abi=soft -mthumb -o "Amscreen/Framework/Drivers/Src/acp_can.o"
arm-none-eabi-gcc "../Amscreen/Framework/Drivers/Src/acp_packet.c" -mcpu=cortex-m0 -std=gnu11 -g3 -DDEBUG -DUSE_HAL_DRIVER -DSTM32F072xB -c -I../Core/Inc -I../Drivers/STM32F0xx_HAL_Driver/Inc -I../Drivers/STM32F0xx_HAL_Driver/Inc/Legacy -I../Drivers/CMSIS/Device/ST/STM32F0xx/Include -I../Drivers/CMSIS/Include -Og -ffunction-sections -fdata-sections -Wall -fstack-usage -fcyclomatic-complexity -MMD -MP -MF"Amscreen/Framework/Drivers/Src/acp_packet.d" -MT"Amscreen/Framework/Drivers/Src/acp_packet.o" --specs=nano.specs -mfloat-abi=soft -mthumb -o "Amscreen/Framework/Drivers/Src/acp_packet.o"
arm-none-eabi-gcc "../Amscreen/Framework/Drivers/Src/debug.c" -mcpu=cortex-m0 -std=gnu11 -g3 -DDEBUG -DUSE_HAL_DRIVER -DSTM32F072xB -c -I../Core/Inc -I../Drivers/STM32F0xx_HAL_Driver/Inc -I../Drivers/STM32F0xx_HAL_Driver/Inc/Legacy -I../Drivers/CMSIS/Device/ST/STM32F0xx/Include -I../Drivers/CMSIS/Include -Og -ffunction-sections -fdata-sections -Wall -fstack-usage -fcyclomatic-complexity -MMD -MP -MF"Amscreen/Framework/Drivers/Src/debug.d" -MT"Amscreen/Framework/Drivers/Src/debug.o" --specs=nano.specs -mfloat-abi=soft -mthumb -o "Amscreen/Framework/Drivers/Src/debug.o"
arm-none-eabi-gcc "../Amscreen/Framework/Drivers/Src/internal_flash_driver.c" -mcpu=cortex-m0 -std=gnu11 -g3 -DDEBUG -DUSE_HAL_DRIVER -DSTM32F072xB -c -I../Core/Inc -I../Drivers/STM32F0xx_HAL_Driver/Inc -I../Drivers/STM32F0xx_HAL_Driver/Inc/Legacy -I../Drivers/CMSIS/Device/ST/STM32F0xx/Include -I../Drivers/CMSIS/Include -Og -ffunction-sections -fdata-sections -Wall -fstack-usage -fcyclomatic-complexity -MMD -MP -MF"Amscreen/Framework/Drivers/Src/internal_flash_driver.d" -MT"Amscreen/Framework/Drivers/Src/internal_flash_driver.o" --specs=nano.specs -mfloat-abi=soft -mthumb -o "Amscreen/Framework/Drivers/Src/internal_flash_driver.o"
arm-none-eabi-gcc "../Amscreen/Framework/Drivers/Src/led.c" -mcpu=cortex-m0 -std=gnu11 -g3 -DDEBUG -DUSE_HAL_DRIVER -DSTM32F072xB -c -I../Core/Inc -I../Drivers/STM32F0xx_HAL_Driver/Inc -I../Drivers/STM32F0xx_HAL_Driver/Inc/Legacy -I../Drivers/CMSIS/Device/ST/STM32F0xx/Include -I../Drivers/CMSIS/Include -Og -ffunction-sections -fdata-sections -Wall -fstack-usage -fcyclomatic-complexity -MMD -MP -MF"Amscreen/Framework/Drivers/Src/led.d" -MT"Amscreen/Framework/Drivers/Src/led.o" --specs=nano.specs -mfloat-abi=soft -mthumb -o "Amscreen/Framework/Drivers/Src/led.o"
arm-none-eabi-gcc "../Amscreen/Framework/Drivers/Src/sht4x_driver.c" -mcpu=cortex-m0 -std=gnu11 -g3 -DDEBUG -DUSE_HAL_DRIVER -DSTM32F072xB -c -I../Core/Inc -I../Drivers/STM32F0xx_HAL_Driver/Inc -I../Drivers/STM32F0xx_HAL_Driver/Inc/Legacy -I../Drivers/CMSIS/Device/ST/STM32F0xx/Include -I../Drivers/CMSIS/Include -Og -ffunction-sections -fdata-sections -Wall -fstack-usage -fcyclomatic-complexity -MMD -MP -MF"Amscreen/Framework/Drivers/Src/sht4x_driver.d" -MT"Amscreen/Framework/Drivers/Src/sht4x_driver.o" --specs=nano.specs -mfloat-abi=soft -mthumb -o "Amscreen/Framework/Drivers/Src/sht4x_driver.o"
arm-none-eabi-gcc "../Amscreen/Framework/Drivers/Src/uart.c" -mcpu=cortex-m0 -std=gnu11 -g3 -DDEBUG -DUSE_HAL_DRIVER -DSTM32F072xB -c -I../Core/Inc -I../Drivers/STM32F0xx_HAL_Driver/Inc -I../Drivers/STM32F0xx_HAL_Driver/Inc/Legacy -I../Drivers/CMSIS/Device/ST/STM32F0xx/Include -I../Drivers/CMSIS/Include -Og -ffunction-sections -fdata-sections -Wall -fstack-usage -fcyclomatic-complexity -MMD -MP -MF"Amscreen/Framework/Drivers/Src/uart.d" -MT"Amscreen/Framework/Drivers/Src/uart.o" --specs=nano.specs -mfloat-abi=soft -mthumb -o "Amscreen/Framework/Drivers/Src/uart.o"
../Amscreen/Framework/Drivers/Src/acp_can.c:10:10: fatal error: acp_can.h: No such file or directory
   10 | #include "acp_can.h"
      |          ^~~~~~~~~~~
compilation terminated.
../Amscreen/Framework/Drivers/Src/acp_packet.c:10:10: fatal error: acp_packet.h: No such file or directory
   10 | #include "acp_packet.h"
      |          ^~~~~~~~~~~~~~
compilation terminated.
../Amscreen/Framework/Drivers/Src/debug.c:12:10: fatal error: debug.h: No such file or directory
   12 | #include "debug.h"
      |          ^~~~~~~~~
compilation terminated.
../Amscreen/Framework/Drivers/Src/led.c:7:10: fatal error: millis.h: No such file or directory
    7 | #include <millis.h>
      |          ^~~~~~~~~~
compilation terminated.
../Amscreen/Framework/Drivers/Src/internal_flash_driver.c:13:10: fatal error: stm32f1xx_hal.h: No such file or directory
   13 | #include "stm32f1xx_hal.h"
      |          ^~~~~~~~~~~~~~~~~
compilation terminated.
make: *** [Amscreen/Framework/Drivers/Src/subdir.mk:37: Amscreen/Framework/Drivers/Src/acp_can.o] Error 1
make: *** Waiting for unfinished jobs....
../Amscreen/Framework/Drivers/Src/sht4x_driver.c:7:10: fatal error: sht4x_driver.h: No such file or directory
    7 | #include "sht4x_driver.h"
      |          ^~~~~~~~~~~~~~~~
compilation terminated.
make: *** [Amscreen/Framework/Drivers/Src/subdir.mk:37: Amscreen/Framework/Drivers/Src/acp_packet.o] Error 1
make: *** [Amscreen/Framework/Drivers/Src/subdir.mk:37: Amscreen/Framework/Drivers/Src/internal_flash_driver.o] Error 1
make: *** [Amscreen/Framework/Drivers/Src/subdir.mk:37: Amscreen/Framework/Drivers/Src/debug.o] Error 1
make: *** [Amscreen/Framework/Drivers/Src/subdir.mk:37: Amscreen/Framework/Drivers/Src/led.o] Error 1
make: *** [Amscreen/Framework/Drivers/Src/subdir.mk:37: Amscreen/Framework/Drivers/Src/sht4x_driver.o] Error 1
../Amscreen/Framework/Drivers/Src/uart.c:6:10: fatal error: uart.h: No such file or directory
    6 | #include "uart.h"
      |          ^~~~~~~~
compilation terminated.
make: *** [Amscreen/Framework/Drivers/Src/subdir.mk:37: Amscreen/Framework/Drivers/Src/uart.o] Error 1
"make -j8 all" terminated with exit code 2. Build might be incomplete.
15:49:01 **** Incremental Build of configuration Debug for project hal_stm32f072cbt6_template ****
make -j8 all 
arm-none-eabi-gcc "../Drivers/STM32F0xx_HAL_Driver/Src/stm32f0xx_hal.c" -mcpu=cortex-m0 -std=gnu11 -g3 -DDEBUG -DUSE_HAL_DRIVER -DSTM32F072xB -c -I../Core/Inc -I../Drivers/STM32F0xx_HAL_Driver/Inc -I../Drivers/STM32F0xx_HAL_Driver/Inc/Legacy -I../Drivers/CMSIS/Device/ST/STM32F0xx/Include -I../Drivers/CMSIS/Include -I"C:/Projects/Firmwares/Signs/wafer/V2/HAL_template/HAL_STM32F072_FRAMEWORK/hal_stm32f072cbt6_template/Amscreen/Framework/Drivers/Inc" -Og -ffunction-sections -fdata-sections -Wall -fstack-usage -fcyclomatic-complexity -MMD -MP -MF"Drivers/STM32F0xx_HAL_Driver/Src/stm32f0xx_hal.d" -MT"Drivers/STM32F0xx_HAL_Driver/Src/stm32f0xx_hal.o" --specs=nano.specs -mfloat-abi=soft -mthumb -o "Drivers/STM32F0xx_HAL_Driver/Src/stm32f0xx_hal.o"
arm-none-eabi-gcc "../Drivers/STM32F0xx_HAL_Driver/Src/stm32f0xx_hal_can.c" -mcpu=cortex-m0 -std=gnu11 -g3 -DDEBUG -DUSE_HAL_DRIVER -DSTM32F072xB -c -I../Core/Inc -I../Drivers/STM32F0xx_HAL_Driver/Inc -I../Drivers/STM32F0xx_HAL_Driver/Inc/Legacy -I../Drivers/CMSIS/Device/ST/STM32F0xx/Include -I../Drivers/CMSIS/Include -I"C:/Projects/Firmwares/Signs/wafer/V2/HAL_template/HAL_STM32F072_FRAMEWORK/hal_stm32f072cbt6_template/Amscreen/Framework/Drivers/Inc" -Og -ffunction-sections -fdata-sections -Wall -fstack-usage -fcyclomatic-complexity -MMD -MP -MF"Drivers/STM32F0xx_HAL_Driver/Src/stm32f0xx_hal_can.d" -MT"Drivers/STM32F0xx_HAL_Driver/Src/stm32f0xx_hal_can.o" --specs=nano.specs -mfloat-abi=soft -mthumb -o "Drivers/STM32F0xx_HAL_Driver/Src/stm32f0xx_hal_can.o"
arm-none-eabi-gcc "../Drivers/STM32F0xx_HAL_Driver/Src/stm32f0xx_hal_cortex.c" -mcpu=cortex-m0 -std=gnu11 -g3 -DDEBUG -DUSE_HAL_DRIVER -DSTM32F072xB -c -I../Core/Inc -I../Drivers/STM32F0xx_HAL_Driver/Inc -I../Drivers/STM32F0xx_HAL_Driver/Inc/Legacy -I../Drivers/CMSIS/Device/ST/STM32F0xx/Include -I../Drivers/CMSIS/Include -I"C:/Projects/Firmwares/Signs/wafer/V2/HAL_template/HAL_STM32F072_FRAMEWORK/hal_stm32f072cbt6_template/Amscreen/Framework/Drivers/Inc" -Og -ffunction-sections -fdata-sections -Wall -fstack-usage -fcyclomatic-complexity -MMD -MP -MF"Drivers/STM32F0xx_HAL_Driver/Src/stm32f0xx_hal_cortex.d" -MT"Drivers/STM32F0xx_HAL_Driver/Src/stm32f0xx_hal_cortex.o" --specs=nano.specs -mfloat-abi=soft -mthumb -o "Drivers/STM32F0xx_HAL_Driver/Src/stm32f0xx_hal_cortex.o"
arm-none-eabi-gcc "../Drivers/STM32F0xx_HAL_Driver/Src/stm32f0xx_hal_dma.c" -mcpu=cortex-m0 -std=gnu11 -g3 -DDEBUG -DUSE_HAL_DRIVER -DSTM32F072xB -c -I../Core/Inc -I../Drivers/STM32F0xx_HAL_Driver/Inc -I../Drivers/STM32F0xx_HAL_Driver/Inc/Legacy -I../Drivers/CMSIS/Device/ST/STM32F0xx/Include -I../Drivers/CMSIS/Include -I"C:/Projects/Firmwares/Signs/wafer/V2/HAL_template/HAL_STM32F072_FRAMEWORK/hal_stm32f072cbt6_template/Amscreen/Framework/Drivers/Inc" -Og -ffunction-sections -fdata-sections -Wall -fstack-usage -fcyclomatic-complexity -MMD -MP -MF"Drivers/STM32F0xx_HAL_Driver/Src/stm32f0xx_hal_dma.d" -MT"Drivers/STM32F0xx_HAL_Driver/Src/stm32f0xx_hal_dma.o" --specs=nano.specs -mfloat-abi=soft -mthumb -o "Drivers/STM32F0xx_HAL_Driver/Src/stm32f0xx_hal_dma.o"
arm-none-eabi-gcc "../Drivers/STM32F0xx_HAL_Driver/Src/stm32f0xx_hal_exti.c" -mcpu=cortex-m0 -std=gnu11 -g3 -DDEBUG -DUSE_HAL_DRIVER -DSTM32F072xB -c -I../Core/Inc -I../Drivers/STM32F0xx_HAL_Driver/Inc -I../Drivers/STM32F0xx_HAL_Driver/Inc/Legacy -I../Drivers/CMSIS/Device/ST/STM32F0xx/Include -I../Drivers/CMSIS/Include -I"C:/Projects/Firmwares/Signs/wafer/V2/HAL_template/HAL_STM32F072_FRAMEWORK/hal_stm32f072cbt6_template/Amscreen/Framework/Drivers/Inc" -Og -ffunction-sections -fdata-sections -Wall -fstack-usage -fcyclomatic-complexity -MMD -MP -MF"Drivers/STM32F0xx_HAL_Driver/Src/stm32f0xx_hal_exti.d" -MT"Drivers/STM32F0xx_HAL_Driver/Src/stm32f0xx_hal_exti.o" --specs=nano.specs -mfloat-abi=soft -mthumb -o "Drivers/STM32F0xx_HAL_Driver/Src/stm32f0xx_hal_exti.o"
arm-none-eabi-gcc "../Drivers/STM32F0xx_HAL_Driver/Src/stm32f0xx_hal_flash.c" -mcpu=cortex-m0 -std=gnu11 -g3 -DDEBUG -DUSE_HAL_DRIVER -DSTM32F072xB -c -I../Core/Inc -I../Drivers/STM32F0xx_HAL_Driver/Inc -I../Drivers/STM32F0xx_HAL_Driver/Inc/Legacy -I../Drivers/CMSIS/Device/ST/STM32F0xx/Include -I../Drivers/CMSIS/Include -I"C:/Projects/Firmwares/Signs/wafer/V2/HAL_template/HAL_STM32F072_FRAMEWORK/hal_stm32f072cbt6_template/Amscreen/Framework/Drivers/Inc" -Og -ffunction-sections -fdata-sections -Wall -fstack-usage -fcyclomatic-complexity -MMD -MP -MF"Drivers/STM32F0xx_HAL_Driver/Src/stm32f0xx_hal_flash.d" -MT"Drivers/STM32F0xx_HAL_Driver/Src/stm32f0xx_hal_flash.o" --specs=nano.specs -mfloat-abi=soft -mthumb -o "Drivers/STM32F0xx_HAL_Driver/Src/stm32f0xx_hal_flash.o"
arm-none-eabi-gcc "../Drivers/STM32F0xx_HAL_Driver/Src/stm32f0xx_hal_flash_ex.c" -mcpu=cortex-m0 -std=gnu11 -g3 -DDEBUG -DUSE_HAL_DRIVER -DSTM32F072xB -c -I../Core/Inc -I../Drivers/STM32F0xx_HAL_Driver/Inc -I../Drivers/STM32F0xx_HAL_Driver/Inc/Legacy -I../Drivers/CMSIS/Device/ST/STM32F0xx/Include -I../Drivers/CMSIS/Include -I"C:/Projects/Firmwares/Signs/wafer/V2/HAL_template/HAL_STM32F072_FRAMEWORK/hal_stm32f072cbt6_template/Amscreen/Framework/Drivers/Inc" -Og -ffunction-sections -fdata-sections -Wall -fstack-usage -fcyclomatic-complexity -MMD -MP -MF"Drivers/STM32F0xx_HAL_Driver/Src/stm32f0xx_hal_flash_ex.d" -MT"Drivers/STM32F0xx_HAL_Driver/Src/stm32f0xx_hal_flash_ex.o" --specs=nano.specs -mfloat-abi=soft -mthumb -o "Drivers/STM32F0xx_HAL_Driver/Src/stm32f0xx_hal_flash_ex.o"
arm-none-eabi-gcc "../Drivers/STM32F0xx_HAL_Driver/Src/stm32f0xx_hal_gpio.c" -mcpu=cortex-m0 -std=gnu11 -g3 -DDEBUG -DUSE_HAL_DRIVER -DSTM32F072xB -c -I../Core/Inc -I../Drivers/STM32F0xx_HAL_Driver/Inc -I../Drivers/STM32F0xx_HAL_Driver/Inc/Legacy -I../Drivers/CMSIS/Device/ST/STM32F0xx/Include -I../Drivers/CMSIS/Include -I"C:/Projects/Firmwares/Signs/wafer/V2/HAL_template/HAL_STM32F072_FRAMEWORK/hal_stm32f072cbt6_template/Amscreen/Framework/Drivers/Inc" -Og -ffunction-sections -fdata-sections -Wall -fstack-usage -fcyclomatic-complexity -MMD -MP -MF"Drivers/STM32F0xx_HAL_Driver/Src/stm32f0xx_hal_gpio.d" -MT"Drivers/STM32F0xx_HAL_Driver/Src/stm32f0xx_hal_gpio.o" --specs=nano.specs -mfloat-abi=soft -mthumb -o "Drivers/STM32F0xx_HAL_Driver/Src/stm32f0xx_hal_gpio.o"
arm-none-eabi-gcc "../Drivers/STM32F0xx_HAL_Driver/Src/stm32f0xx_hal_i2c.c" -mcpu=cortex-m0 -std=gnu11 -g3 -DDEBUG -DUSE_HAL_DRIVER -DSTM32F072xB -c -I../Core/Inc -I../Drivers/STM32F0xx_HAL_Driver/Inc -I../Drivers/STM32F0xx_HAL_Driver/Inc/Legacy -I../Drivers/CMSIS/Device/ST/STM32F0xx/Include -I../Drivers/CMSIS/Include -I"C:/Projects/Firmwares/Signs/wafer/V2/HAL_template/HAL_STM32F072_FRAMEWORK/hal_stm32f072cbt6_template/Amscreen/Framework/Drivers/Inc" -Og -ffunction-sections -fdata-sections -Wall -fstack-usage -fcyclomatic-complexity -MMD -MP -MF"Drivers/STM32F0xx_HAL_Driver/Src/stm32f0xx_hal_i2c.d" -MT"Drivers/STM32F0xx_HAL_Driver/Src/stm32f0xx_hal_i2c.o" --specs=nano.specs -mfloat-abi=soft -mthumb -o "Drivers/STM32F0xx_HAL_Driver/Src/stm32f0xx_hal_i2c.o"
arm-none-eabi-gcc "../Drivers/STM32F0xx_HAL_Driver/Src/stm32f0xx_hal_i2c_ex.c" -mcpu=cortex-m0 -std=gnu11 -g3 -DDEBUG -DUSE_HAL_DRIVER -DSTM32F072xB -c -I../Core/Inc -I../Drivers/STM32F0xx_HAL_Driver/Inc -I../Drivers/STM32F0xx_HAL_Driver/Inc/Legacy -I../Drivers/CMSIS/Device/ST/STM32F0xx/Include -I../Drivers/CMSIS/Include -I"C:/Projects/Firmwares/Signs/wafer/V2/HAL_template/HAL_STM32F072_FRAMEWORK/hal_stm32f072cbt6_template/Amscreen/Framework/Drivers/Inc" -Og -ffunction-sections -fdata-sections -Wall -fstack-usage -fcyclomatic-complexity -MMD -MP -MF"Drivers/STM32F0xx_HAL_Driver/Src/stm32f0xx_hal_i2c_ex.d" -MT"Drivers/STM32F0xx_HAL_Driver/Src/stm32f0xx_hal_i2c_ex.o" --specs=nano.specs -mfloat-abi=soft -mthumb -o "Drivers/STM32F0xx_HAL_Driver/Src/stm32f0xx_hal_i2c_ex.o"
arm-none-eabi-gcc "../Drivers/STM32F0xx_HAL_Driver/Src/stm32f0xx_hal_pwr.c" -mcpu=cortex-m0 -std=gnu11 -g3 -DDEBUG -DUSE_HAL_DRIVER -DSTM32F072xB -c -I../Core/Inc -I../Drivers/STM32F0xx_HAL_Driver/Inc -I../Drivers/STM32F0xx_HAL_Driver/Inc/Legacy -I../Drivers/CMSIS/Device/ST/STM32F0xx/Include -I../Drivers/CMSIS/Include -I"C:/Projects/Firmwares/Signs/wafer/V2/HAL_template/HAL_STM32F072_FRAMEWORK/hal_stm32f072cbt6_template/Amscreen/Framework/Drivers/Inc" -Og -ffunction-sections -fdata-sections -Wall -fstack-usage -fcyclomatic-complexity -MMD -MP -MF"Drivers/STM32F0xx_HAL_Driver/Src/stm32f0xx_hal_pwr.d" -MT"Drivers/STM32F0xx_HAL_Driver/Src/stm32f0xx_hal_pwr.o" --specs=nano.specs -mfloat-abi=soft -mthumb -o "Drivers/STM32F0xx_HAL_Driver/Src/stm32f0xx_hal_pwr.o"
arm-none-eabi-gcc "../Drivers/STM32F0xx_HAL_Driver/Src/stm32f0xx_hal_pwr_ex.c" -mcpu=cortex-m0 -std=gnu11 -g3 -DDEBUG -DUSE_HAL_DRIVER -DSTM32F072xB -c -I../Core/Inc -I../Drivers/STM32F0xx_HAL_Driver/Inc -I../Drivers/STM32F0xx_HAL_Driver/Inc/Legacy -I../Drivers/CMSIS/Device/ST/STM32F0xx/Include -I../Drivers/CMSIS/Include -I"C:/Projects/Firmwares/Signs/wafer/V2/HAL_template/HAL_STM32F072_FRAMEWORK/hal_stm32f072cbt6_template/Amscreen/Framework/Drivers/Inc" -Og -ffunction-sections -fdata-sections -Wall -fstack-usage -fcyclomatic-complexity -MMD -MP -MF"Drivers/STM32F0xx_HAL_Driver/Src/stm32f0xx_hal_pwr_ex.d" -MT"Drivers/STM32F0xx_HAL_Driver/Src/stm32f0xx_hal_pwr_ex.o" --specs=nano.specs -mfloat-abi=soft -mthumb -o "Drivers/STM32F0xx_HAL_Driver/Src/stm32f0xx_hal_pwr_ex.o"
arm-none-eabi-gcc "../Drivers/STM32F0xx_HAL_Driver/Src/stm32f0xx_hal_rcc.c" -mcpu=cortex-m0 -std=gnu11 -g3 -DDEBUG -DUSE_HAL_DRIVER -DSTM32F072xB -c -I../Core/Inc -I../Drivers/STM32F0xx_HAL_Driver/Inc -I../Drivers/STM32F0xx_HAL_Driver/Inc/Legacy -I../Drivers/CMSIS/Device/ST/STM32F0xx/Include -I../Drivers/CMSIS/Include -I"C:/Projects/Firmwares/Signs/wafer/V2/HAL_template/HAL_STM32F072_FRAMEWORK/hal_stm32f072cbt6_template/Amscreen/Framework/Drivers/Inc" -Og -ffunction-sections -fdata-sections -Wall -fstack-usage -fcyclomatic-complexity -MMD -MP -MF"Drivers/STM32F0xx_HAL_Driver/Src/stm32f0xx_hal_rcc.d" -MT"Drivers/STM32F0xx_HAL_Driver/Src/stm32f0xx_hal_rcc.o" --specs=nano.specs -mfloat-abi=soft -mthumb -o "Drivers/STM32F0xx_HAL_Driver/Src/stm32f0xx_hal_rcc.o"
arm-none-eabi-gcc "../Drivers/STM32F0xx_HAL_Driver/Src/stm32f0xx_hal_rcc_ex.c" -mcpu=cortex-m0 -std=gnu11 -g3 -DDEBUG -DUSE_HAL_DRIVER -DSTM32F072xB -c -I../Core/Inc -I../Drivers/STM32F0xx_HAL_Driver/Inc -I../Drivers/STM32F0xx_HAL_Driver/Inc/Legacy -I../Drivers/CMSIS/Device/ST/STM32F0xx/Include -I../Drivers/CMSIS/Include -I"C:/Projects/Firmwares/Signs/wafer/V2/HAL_template/HAL_STM32F072_FRAMEWORK/hal_stm32f072cbt6_template/Amscreen/Framework/Drivers/Inc" -Og -ffunction-sections -fdata-sections -Wall -fstack-usage -fcyclomatic-complexity -MMD -MP -MF"Drivers/STM32F0xx_HAL_Driver/Src/stm32f0xx_hal_rcc_ex.d" -MT"Drivers/STM32F0xx_HAL_Driver/Src/stm32f0xx_hal_rcc_ex.o" --specs=nano.specs -mfloat-abi=soft -mthumb -o "Drivers/STM32F0xx_HAL_Driver/Src/stm32f0xx_hal_rcc_ex.o"
arm-none-eabi-gcc "../Drivers/STM32F0xx_HAL_Driver/Src/stm32f0xx_hal_tim.c" -mcpu=cortex-m0 -std=gnu11 -g3 -DDEBUG -DUSE_HAL_DRIVER -DSTM32F072xB -c -I../Core/Inc -I../Drivers/STM32F0xx_HAL_Driver/Inc -I../Drivers/STM32F0xx_HAL_Driver/Inc/Legacy -I../Drivers/CMSIS/Device/ST/STM32F0xx/Include -I../Drivers/CMSIS/Include -I"C:/Projects/Firmwares/Signs/wafer/V2/HAL_template/HAL_STM32F072_FRAMEWORK/hal_stm32f072cbt6_template/Amscreen/Framework/Drivers/Inc" -Og -ffunction-sections -fdata-sections -Wall -fstack-usage -fcyclomatic-complexity -MMD -MP -MF"Drivers/STM32F0xx_HAL_Driver/Src/stm32f0xx_hal_tim.d" -MT"Drivers/STM32F0xx_HAL_Driver/Src/stm32f0xx_hal_tim.o" --specs=nano.specs -mfloat-abi=soft -mthumb -o "Drivers/STM32F0xx_HAL_Driver/Src/stm32f0xx_hal_tim.o"
[...]
arm-none-eabi-gcc "../Amscreen/Framework/Drivers/Src/uart.c" -mcpu=cortex-m0 -std=gnu11 -g3 -DDEBUG -DUSE_HAL_DRIVER -DSTM32F072xB -c -I../Core/Inc -I../Drivers/STM32F0xx_HAL_Driver/Inc -I../Drivers/STM32F0xx_HAL_Driver/Inc/Legacy -I../Drivers/CMSIS/Device/ST/STM32F0xx/Include -I../Drivers/CMSIS/Include -I"C:/Projects/Firmwares/Signs/wafer/V2/HAL_template/HAL_STM32F072_FRAMEWORK/hal_stm32f072cbt6_template/Amscreen/Framework/Drivers/Inc" -I"C:/Projects/Firmwares/Signs/wafer/V2/HAL_template/HAL_STM32F072_FRAMEWORK/hal_stm32f072cbt6_template/Amscreen/Framework/Libs/Inc" -Og -ffunction-sections -fdata-sections -Wall -fstack-usage -fcyclomatic-complexity -MMD -MP -MF"Amscreen/Framework/Drivers/Src/uart.d" -MT"Amscreen/Framework/Drivers/Src/uart.o" --specs=nano.specs -mfloat-abi=soft -mthumb -o "Amscreen/Framework/Drivers/Src/uart.o"
In file included from ../Amscreen/Framework/Drivers/Src/debug.c:12:
C:/Projects/Firmwares/Signs/wafer/V2/HAL_template/HAL_STM32F072_FRAMEWORK/hal_stm32f072cbt6_template/Amscreen/Framework/Drivers/Inc/debug.h:12:10: fatal error: stm32f1xx.h: No such file or directory
   12 | #include "stm32f1xx.h"
      |          ^~~~~~~~~~~~~
compilation terminated.
make: *** [Amscreen/Framework/Drivers/Src/subdir.mk:37: Amscreen/Framework/Drivers/Src/debug.o] Error 1
make: *** Waiting for unfinished jobs....
In file included from ../Amscreen/Framework/Drivers/Src/uart.c:6:
C:/Projects/Firmwares/Signs/wafer/V2/HAL_template/HAL_STM32F072_FRAMEWORK/hal_stm32f072cbt6_template/Amscreen/Framework/Drivers/Inc/uart.h:10:10: fatal error: stm32f1xx.h: No such file or directory
   10 | #include "stm32f1xx.h"
      |          ^~~~~~~~~~~~~
compilation terminated.
In file included from ../Amscreen/Framework/Drivers/Src/internal_flash_driver.c:14:
C:/Projects/Firmwares/Signs/wafer/V2/HAL_template/HAL_STM32F072_FRAMEWORK/hal_stm32f072cbt6_template/Amscreen/Framework/Drivers/Inc/internal_flash_driver.h:14:10: fatal error: stm32f1xx_hal.h: No such file or directory
   14 | #include "stm32f1xx_hal.h"
      |          ^~~~~~~~~~~~~~~~~
compilation terminated.
make: *** [Amscreen/Framework/Drivers/Src/subdir.mk:37: Amscreen/Framework/Drivers/Src/uart.o] Error 1
../Amscreen/Framework/Drivers/Src/acp_can.c: In function 'can_handle_to_can_assignment_index':
../Amscreen/Framework/Drivers/Src/acp_can.c:171:27: error: 'CAN1' undeclared (first use in this function); did you mean 'CAN'?
  171 |     if (hcan->Instance == CAN1)
      |                           ^~~~
      |                           CAN
../Amscreen/Framework/Drivers/Src/acp_can.c:171:27: note: each undeclared identifier is reported only once for each function it appears in
make: *** [Amscreen/Framework/Drivers/Src/subdir.mk:37: Amscreen/Framework/Drivers/Src/internal_flash_driver.o] Error 1
make: *** [Amscreen/Framework/Drivers/Src/subdir.mk:37: Amscreen/Framework/Drivers/Src/acp_can.o] Error 1
"make -j8 all" terminated with exit code 2. Build might be incomplete.
15:54:54 **** Incremental Build of configuration Debug for project hal_stm32f072cbt6_template ****
make -j8 all 
arm-none-eabi-gcc "../Amscreen/Framework/Drivers/Src/acp_can.c" -mcpu=cortex-m0 -std=gnu11 -g3 -DDEBUG -DUSE_HAL_DRIVER -DSTM32F072xB -c -I../Core/Inc -I../Drivers/STM32F0xx_HAL_Driver/Inc -I../Drivers/STM32F0xx_HAL_Driver/Inc/Legacy -I../Drivers/CMSIS/Device/ST/STM32F0xx/Include -I../Drivers/CMSIS/Include -I"C:/Projects/Firmwares/Signs/wafer/V2/HAL_template/HAL_STM32F072_FRAMEWORK/hal_stm32f072cbt6_template/Amscreen/Framework/Drivers/Inc" -I"C:/Projects/Firmwares/Signs/wafer/V2/HAL_template/HAL_STM32F072_FRAMEWORK/hal_stm32f072cbt6_template/Amscreen/Framework/Libs/Inc" -Og -ffunction-sections -fdata-sections -Wall -fstack-usage -fcyclomatic-complexity -MMD -MP -MF"Amscreen/Framework/Drivers/Src/acp_can.d" -MT"Amscreen/Framework/Drivers/Src/acp_can.o" --specs=nano.specs -mfloat-abi=soft -mthumb -o "Amscreen/Framework/Drivers/Src/acp_can.o"
arm-none-eabi-gcc "../Amscreen/Framework/Drivers/Src/debug.c" -mcpu=cortex-m0 -std=gnu11 -g3 -DDEBUG -DUSE_HAL_DRIVER -DSTM32F072xB -c -I../Core/Inc -I../Drivers/STM32F0xx_HAL_Driver/Inc -I../Drivers/STM32F0xx_HAL_Driver/Inc/Legacy -I../Drivers/CMSIS/Device/ST/STM32F0xx/Include -I../Drivers/CMSIS/Include -I"C:/Projects/Firmwares/Signs/wafer/V2/HAL_template/HAL_STM32F072_FRAMEWORK/hal_stm32f072cbt6_template/Amscreen/Framework/Drivers/Inc" -I"C:/Projects/Firmwares/Signs/wafer/V2/HAL_template/HAL_STM32F072_FRAMEWORK/hal_stm32f072cbt6_template/Amscreen/Framework/Libs/Inc" -Og -ffunction-sections -fdata-sections -Wall -fstack-usage -fcyclomatic-complexity -MMD -MP -MF"Amscreen/Framework/Drivers/Src/debug.d" -MT"Amscreen/Framework/Drivers/Src/debug.o" --specs=nano.specs -mfloat-abi=soft -mthumb -o "Amscreen/Framework/Drivers/Src/debug.o"
arm-none-eabi-gcc "../Amscreen/Framework/Drivers/Src/internal_flash_driver.c" -mcpu=cortex-m0 -std=gnu11 -g3 -DDEBUG -DUSE_HAL_DRIVER -DSTM32F072xB -c -I../Core/Inc -I../Drivers/STM32F0xx_HAL_Driver/Inc -I../Drivers/STM32F0xx_HAL_Driver/Inc/Legacy -I../Drivers/CMSIS/Device/ST/STM32F0xx/Include -I../Drivers/CMSIS/Include -I"C:/Projects/Firmwares/Signs/wafer/V2/HAL_template/HAL_STM32F072_FRAMEWORK/hal_stm32f072cbt6_template/Amscreen/Framework/Drivers/Inc" -I"C:/Projects/Firmwares/Signs/wafer/V2/HAL_template/HAL_STM32F072_FRAMEWORK/hal_stm32f072cbt6_template/Amscreen/Framework/Libs/Inc" -Og -ffunction-sections -fdata-sections -Wall -fstack-usage -fcyclomatic-complexity -MMD -MP -MF"Amscreen/Framework/Drivers/Src/internal_flash_driver.d" -MT"Amscreen/Framework/Drivers/Src/internal_flash_driver.o" --specs=nano.specs -mfloat-abi=soft -mthumb -o "Amscreen/Framework/Drivers/Src/internal_flash_driver.o"
arm-none-eabi-gcc "../Amscreen/Framework/Drivers/Src/uart.c" -mcpu=cortex-m0 -std=gnu11 -g3 -DDEBUG -DUSE_HAL_DRIVER -DSTM32F072xB -c -I../Core/Inc -I../Drivers/STM32F0xx_HAL_Driver/Inc -I../Drivers/STM32F0xx_HAL_Driver/Inc/Legacy -I../Drivers/CMSIS/Device/ST/STM32F0xx/Include -I../Drivers/CMSIS/Include -I"C:/Projects/Firmwares/Signs/wafer/V2/HAL_template/HAL_STM32F072_FRAMEWORK/hal_stm32f072cbt6_template/Amscreen/Framework/Drivers/Inc" -I"C:/Projects/Firmwares/Signs/wafer/V2/HAL_template/HAL_STM32F072_FRAMEWORK/hal_stm32f072cbt6_template/Amscreen/Framework/Libs/Inc" -Og -ffunction-sections -fdata-sections -Wall -fstack-usage -fcyclomatic-complexity -MMD -MP -MF"Amscreen/Framework/Drivers/Src/uart.d" -MT"Amscreen/Framework/Drivers/Src/uart.o" --specs=nano.specs -mfloat-abi=soft -mthumb -o "Amscreen/Framework/Drivers/Src/uart.o"
In file included from ../Amscreen/Framework/Drivers/Src/uart.c:6:
C:/Projects/Firmwares/Signs/wafer/V2/HAL_template/HAL_STM32F072_FRAMEWORK/hal_stm32f072cbt6_template/Amscreen/Framework/Drivers/Inc/uart.h:10:10: fatal error: stm32f1xx.h: No such file or directory
   10 | #include "stm32f1xx.h"
      |          ^~~~~~~~~~~~~
compilation terminated.
make: *** [Amscreen/Framework/Drivers/Src/subdir.mk:37: Amscreen/Framework/Drivers/Src/uart.o] Error 1
make: *** Waiting for unfinished jobs....
In file included from ../Amscreen/Framework/Drivers/Src/internal_flash_driver.c:14:
C:/Projects/Firmwares/Signs/wafer/V2/HAL_template/HAL_STM32F072_FRAMEWORK/hal_stm32f072cbt6_template/Amscreen/Framework/Drivers/Inc/internal_flash_driver.h:14:10: fatal error: stm32f1xx_hal.h: No such file or directory
   14 | #include "stm32f1xx_hal.h"
      |          ^~~~~~~~~~~~~~~~~
compilation terminated.
../Amscreen/Framework/Drivers/Src/acp_can.c: In function 'can_handle_to_can_assignment_index':
../Amscreen/Framework/Drivers/Src/acp_can.c:171:27: error: 'CAN1' undeclared (first use in this function); did you mean 'CAN'?
  171 |     if (hcan->Instance == CAN1)
      |                           ^~~~
      |                           CAN
../Amscreen/Framework/Drivers/Src/acp_can.c:171:27: note: each undeclared identifier is reported only once for each function it appears in
make: *** [Amscreen/Framework/Drivers/Src/subdir.mk:37: Amscreen/Framework/Drivers/Src/internal_flash_driver.o] Error 1
make: *** [Amscreen/Framework/Drivers/Src/subdir.mk:37: Amscreen/Framework/Drivers/Src/acp_can.o] Error 1
In file included from C:/Projects/Firmwares/Signs/wafer/V2/HAL_template/HAL_STM32F072_FRAMEWORK/hal_stm32f072cbt6_template/Amscreen/Framework/Drivers/Inc/debug.h:13,
                 from ../Amscreen/Framework/Drivers/Src/debug.c:12:
C:/Projects/Firmwares/Signs/wafer/V2/HAL_template/HAL_STM32F072_FRAMEWORK/hal_stm32f072cbt6_template/Amscreen/Framework/Drivers/Inc/uart.h:10:10: fatal error: stm32f1xx.h: No such file or directory
   10 | #include "stm32f1xx.h"
      |          ^~~~~~~~~~~~~
compilation terminated.
make: *** [Amscreen/Framework/Drivers/Src/subdir.mk:37: Amscreen/Framework/Drivers/Src/debug.o] Error 1
"make -j8 all" terminated with exit code 2. Build might be incomplete.
15:55:02 **** Incremental Build of configuration Debug for project hal_stm32f072cbt6_template ****
make -j8 all 
arm-none-eabi-gcc "../Amscreen/Framework/Drivers/Src/acp_can.c" -mcpu=cortex-m0 -std=gnu11 -g3 -DDEBUG -DUSE_HAL_DRIVER -DSTM32F072xB -c -I../Core/Inc -I../Drivers/STM32F0xx_HAL_Driver/Inc -I../Drivers/STM32F0xx_HAL_Driver/Inc/Legacy -I../Drivers/CMSIS/Device/ST/STM32F0xx/Include -I../Drivers/CMSIS/Include -I"C:/Projects/Firmwares/Signs/wafer/V2/HAL_template/HAL_STM32F072_FRAMEWORK/hal_stm32f072cbt6_template/Amscreen/Framework/Drivers/Inc" -I"C:/Projects/Firmwares/Signs/wafer/V2/HAL_template/HAL_STM32F072_FRAMEWORK/hal_stm32f072cbt6_template/Amscreen/Framework/Libs/Inc" -Og -ffunction-sections -fdata-sections -Wall -fstack-usage -fcyclomatic-complexity -MMD -MP -MF"Amscreen/Framework/Drivers/Src/acp_can.d" -MT"Amscreen/Framework/Drivers/Src/acp_can.o" --specs=nano.specs -mfloat-abi=soft -mthumb -o "Amscreen/Framework/Drivers/Src/acp_can.o"
arm-none-eabi-gcc "../Amscreen/Framework/Drivers/Src/debug.c" -mcpu=cortex-m0 -std=gnu11 -g3 -DDEBUG -DUSE_HAL_DRIVER -DSTM32F072xB -c -I../Core/Inc -I../Drivers/STM32F0xx_HAL_Driver/Inc -I../Drivers/STM32F0xx_HAL_Driver/Inc/Legacy -I../Drivers/CMSIS/Device/ST/STM32F0xx/Include -I../Drivers/CMSIS/Include -I"C:/Projects/Firmwares/Signs/wafer/V2/HAL_template/HAL_STM32F072_FRAMEWORK/hal_stm32f072cbt6_template/Amscreen/Framework/Drivers/Inc" -I"C:/Projects/Firmwares/Signs/wafer/V2/HAL_template/HAL_STM32F072_FRAMEWORK/hal_stm32f072cbt6_template/Amscreen/Framework/Libs/Inc" -Og -ffunction-sections -fdata-sections -Wall -fstack-usage -fcyclomatic-complexity -MMD -MP -MF"Amscreen/Framework/Drivers/Src/debug.d" -MT"Amscreen/Framework/Drivers/Src/debug.o" --specs=nano.specs -mfloat-abi=soft -mthumb -o "Amscreen/Framework/Drivers/Src/debug.o"
arm-none-eabi-gcc "../Amscreen/Framework/Drivers/Src/internal_flash_driver.c" -mcpu=cortex-m0 -std=gnu11 -g3 -DDEBUG -DUSE_HAL_DRIVER -DSTM32F072xB -c -I../Core/Inc -I../Drivers/STM32F0xx_HAL_Driver/Inc -I../Drivers/STM32F0xx_HAL_Driver/Inc/Legacy -I../Drivers/CMSIS/Device/ST/STM32F0xx/Include -I../Drivers/CMSIS/Include -I"C:/Projects/Firmwares/Signs/wafer/V2/HAL_template/HAL_STM32F072_FRAMEWORK/hal_stm32f072cbt6_template/Amscreen/Framework/Drivers/Inc" -I"C:/Projects/Firmwares/Signs/wafer/V2/HAL_template/HAL_STM32F072_FRAMEWORK/hal_stm32f072cbt6_template/Amscreen/Framework/Libs/Inc" -Og -ffunction-sections -fdata-sections -Wall -fstack-usage -fcyclomatic-complexity -MMD -MP -MF"Amscreen/Framework/Drivers/Src/internal_flash_driver.d" -MT"Amscreen/Framework/Drivers/Src/internal_flash_driver.o" --specs=nano.specs -mfloat-abi=soft -mthumb -o "Amscreen/Framework/Drivers/Src/internal_flash_driver.o"
arm-none-eabi-gcc "../Amscreen/Framework/Drivers/Src/uart.c" -mcpu=cortex-m0 -std=gnu11 -g3 -DDEBUG -DUSE_HAL_DRIVER -DSTM32F072xB -c -I../Core/Inc -I../Drivers/STM32F0xx_HAL_Driver/Inc -I../Drivers/STM32F0xx_HAL_Driver/Inc/Legacy -I../Drivers/CMSIS/Device/ST/STM32F0xx/Include -I../Drivers/CMSIS/Include -I"C:/Projects/Firmwares/Signs/wafer/V2/HAL_template/HAL_STM32F072_FRAMEWORK/hal_stm32f072cbt6_template/Amscreen/Framework/Drivers/Inc" -I"C:/Projects/Firmwares/Signs/wafer/V2/HAL_template/HAL_STM32F072_FRAMEWORK/hal_stm32f072cbt6_template/Amscreen/Framework/Libs/Inc" -Og -ffunction-sections -fdata-sections -Wall -fstack-usage -fcyclomatic-complexity -MMD -MP -MF"Amscreen/Framework/Drivers/Src/uart.d" -MT"Amscreen/Framework/Drivers/Src/uart.o" --specs=nano.specs -mfloat-abi=soft -mthumb -o "Amscreen/Framework/Drivers/Src/uart.o"
In file included from ../Amscreen/Framework/Drivers/Src/internal_flash_driver.c:14:
C:/Projects/Firmwares/Signs/wafer/V2/HAL_template/HAL_STM32F072_FRAMEWORK/hal_stm32f072cbt6_template/Amscreen/Framework/Drivers/Inc/internal_flash_driver.h:14:10: fatal error: stm32f1xx_hal.h: No such file or directory
   14 | #include "stm32f1xx_hal.h"
      |          ^~~~~~~~~~~~~~~~~
compilation terminated.
make: *** [Amscreen/Framework/Drivers/Src/subdir.mk:37: Amscreen/Framework/Drivers/Src/internal_flash_driver.o] Error 1
make: *** Waiting for unfinished jobs....
In file included from C:/Projects/Firmwares/Signs/wafer/V2/HAL_template/HAL_STM32F072_FRAMEWORK/hal_stm32f072cbt6_template/Amscreen/Framework/Drivers/Inc/debug.h:13,
                 from ../Amscreen/Framework/Drivers/Src/debug.c:12:
C:/Projects/Firmwares/Signs/wafer/V2/HAL_template/HAL_STM32F072_FRAMEWORK/hal_stm32f072cbt6_template/Amscreen/Framework/Drivers/Inc/uart.h:11:10: fatal error: usart.h: No such file or directory
   11 | #include "usart.h"
      |          ^~~~~~~~~
../Amscreen/Framework/Drivers/Src/acp_can.c: In function 'can_handle_to_can_assignment_index':
../Amscreen/Framework/Drivers/Src/acp_can.c:171:27: error: 'CAN1' undeclared (first use in this function); did you mean 'CAN'?
  171 |     if (hcan->Instance == CAN1)
      |                           ^~~~
      |                           CAN
../Amscreen/Framework/Drivers/Src/acp_can.c:171:27: note: each undeclared identifier is reported only once for each function it appears in
compilation terminated.
make: *** [Amscreen/Framework/Drivers/Src/subdir.mk:37: Amscreen/Framework/Drivers/Src/acp_can.o] Error 1
make: *** [Amscreen/Framework/Drivers/Src/subdir.mk:37: Amscreen/Framework/Drivers/Src/debug.o] Error 1
In file included from ../Amscreen/Framework/Drivers/Src/uart.c:6:
C:/Projects/Firmwares/Signs/wafer/V2/HAL_template/HAL_STM32F072_FRAMEWORK/hal_stm32f072cbt6_template/Amscreen/Framework/Drivers/Inc/uart.h:11:10: fatal error: usart.h: No such file or directory
   11 | #include "usart.h"
      |          ^~~~~~~~~
compilation terminated.
make: *** [Amscreen/Framework/Drivers/Src/subdir.mk:37: Amscreen/Framework/Drivers/Src/uart.o] Error 1
"make -j8 all" terminated with exit code 2. Build might be incomplete.
15:55:13 **** Incremental Build of configuration Debug for project hal_stm32f072cbt6_template ****
make -j8 all 
arm-none-eabi-gcc "../Amscreen/Framework/Drivers/Src/acp_can.c" -mcpu=cortex-m0 -std=gnu11 -g3 -DDEBUG -DUSE_HAL_DRIVER -DSTM32F072xB -c -I../Core/Inc -I../Drivers/STM32F0xx_HAL_Driver/Inc -I../Drivers/STM32F0xx_HAL_Driver/Inc/Legacy -I../Drivers/CMSIS/Device/ST/STM32F0xx/Include -I../Drivers/CMSIS/Include -I"C:/Projects/Firmwares/Signs/wafer/V2/HAL_template/HAL_STM32F072_FRAMEWORK/hal_stm32f072cbt6_template/Amscreen/Framework/Drivers/Inc" -I"C:/Projects/Firmwares/Signs/wafer/V2/HAL_template/HAL_STM32F072_FRAMEWORK/hal_stm32f072cbt6_template/Amscreen/Framework/Libs/Inc" -Og -ffunction-sections -fdata-sections -Wall -fstack-usage -fcyclomatic-complexity -MMD -MP -MF"Amscreen/Framework/Drivers/Src/acp_can.d" -MT"Amscreen/Framework/Drivers/Src/acp_can.o" --specs=nano.specs -mfloat-abi=soft -mthumb -o "Amscreen/Framework/Drivers/Src/acp_can.o"
arm-none-eabi-gcc "../Amscreen/Framework/Drivers/Src/debug.c" -mcpu=cortex-m0 -std=gnu11 -g3 -DDEBUG -DUSE_HAL_DRIVER -DSTM32F072xB -c -I../Core/Inc -I../Drivers/STM32F0xx_HAL_Driver/Inc -I../Drivers/STM32F0xx_HAL_Driver/Inc/Legacy -I../Drivers/CMSIS/Device/ST/STM32F0xx/Include -I../Drivers/CMSIS/Include -I"C:/Projects/Firmwares/Signs/wafer/V2/HAL_template/HAL_STM32F072_FRAMEWORK/hal_stm32f072cbt6_template/Amscreen/Framework/Drivers/Inc" -I"C:/Projects/Firmwares/Signs/wafer/V2/HAL_template/HAL_STM32F072_FRAMEWORK/hal_stm32f072cbt6_template/Amscreen/Framework/Libs/Inc" -Og -ffunction-sections -fdata-sections -Wall -fstack-usage -fcyclomatic-complexity -MMD -MP -MF"Amscreen/Framework/Drivers/Src/debug.d" -MT"Amscreen/Framework/Drivers/Src/debug.o" --specs=nano.specs -mfloat-abi=soft -mthumb -o "Amscreen/Framework/Drivers/Src/debug.o"
arm-none-eabi-gcc "../Amscreen/Framework/Drivers/Src/internal_flash_driver.c" -mcpu=cortex-m0 -std=gnu11 -g3 -DDEBUG -DUSE_HAL_DRIVER -DSTM32F072xB -c -I../Core/Inc -I../Drivers/STM32F0xx_HAL_Driver/Inc -I../Drivers/STM32F0xx_HAL_Driver/Inc/Legacy -I../Drivers/CMSIS/Device/ST/STM32F0xx/Include -I../Drivers/CMSIS/Include -I"C:/Projects/Firmwares/Signs/wafer/V2/HAL_template/HAL_STM32F072_FRAMEWORK/hal_stm32f072cbt6_template/Amscreen/Framework/Drivers/Inc" -I"C:/Projects/Firmwares/Signs/wafer/V2/HAL_template/HAL_STM32F072_FRAMEWORK/hal_stm32f072cbt6_template/Amscreen/Framework/Libs/Inc" -Og -ffunction-sections -fdata-sections -Wall -fstack-usage -fcyclomatic-complexity -MMD -MP -MF"Amscreen/Framework/Drivers/Src/internal_flash_driver.d" -MT"Amscreen/Framework/Drivers/Src/internal_flash_driver.o" --specs=nano.specs -mfloat-abi=soft -mthumb -o "Amscreen/Framework/Drivers/Src/internal_flash_driver.o"
arm-none-eabi-gcc "../Amscreen/Framework/Drivers/Src/uart.c" -mcpu=cortex-m0 -std=gnu11 -g3 -DDEBUG -DUSE_HAL_DRIVER -DSTM32F072xB -c -I../Core/Inc -I../Drivers/STM32F0xx_HAL_Driver/Inc -I../Drivers/STM32F0xx_HAL_Driver/Inc/Legacy -I../Drivers/CMSIS/Device/ST/STM32F0xx/Include -I../Drivers/CMSIS/Include -I"C:/Projects/Firmwares/Signs/wafer/V2/HAL_template/HAL_STM32F072_FRAMEWORK/hal_stm32f072cbt6_template/Amscreen/Framework/Drivers/Inc" -I"C:/Projects/Firmwares/Signs/wafer/V2/HAL_template/HAL_STM32F072_FRAMEWORK/hal_stm32f072cbt6_template/Amscreen/Framework/Libs/Inc" -Og -ffunction-sections -fdata-sections -Wall -fstack-usage -fcyclomatic-complexity -MMD -MP -MF"Amscreen/Framework/Drivers/Src/uart.d" -MT"Amscreen/Framework/Drivers/Src/uart.o" --specs=nano.specs -mfloat-abi=soft -mthumb -o "Amscreen/Framework/Drivers/Src/uart.o"
../Amscreen/Framework/Drivers/Src/acp_can.c: In function 'can_handle_to_can_assignment_index':
../Amscreen/Framework/Drivers/Src/acp_can.c:171:27: error: 'CAN1' undeclared (first use in this function); did you mean 'CAN'?
  171 |     if (hcan->Instance == CAN1)
      |                           ^~~~
      |                           CAN
../Amscreen/Framework/Drivers/Src/acp_can.c:171:27: note: each undeclared identifier is reported only once for each function it appears in
In file included from C:/Projects/Firmwares/Signs/wafer/V2/HAL_template/HAL_STM32F072_FRAMEWORK/hal_stm32f072cbt6_template/Amscreen/Framework/Drivers/Inc/debug.h:13,
                 from ../Amscreen/Framework/Drivers/Src/debug.c:12:
C:/Projects/Firmwares/Signs/wafer/V2/HAL_template/HAL_STM32F072_FRAMEWORK/hal_stm32f072cbt6_template/Amscreen/Framework/Drivers/Inc/uart.h:11:10: fatal error: usart.h: No such file or directory
   11 | #include "usart.h"
      |          ^~~~~~~~~
compilation terminated.
make: *** [Amscreen/Framework/Drivers/Src/subdir.mk:37: Amscreen/Framework/Drivers/Src/acp_can.o] Error 1
make: *** Waiting for unfinished jobs....
In file included from ../Amscreen/Framework/Drivers/Src/uart.c:6:
C:/Projects/Firmwares/Signs/wafer/V2/HAL_template/HAL_STM32F072_FRAMEWORK/hal_stm32f072cbt6_template/Amscreen/Framework/Drivers/Inc/uart.h:11:10: fatal error: usart.h: No such file or directory
   11 | #include "usart.h"
      |          ^~~~~~~~~
compilation terminated.
make: *** [Amscreen/Framework/Drivers/Src/subdir.mk:37: Amscreen/Framework/Drivers/Src/debug.o] Error 1
make: *** [Amscreen/Framework/Drivers/Src/subdir.mk:37: Amscreen/Framework/Drivers/Src/uart.o] Error 1
"make -j8 all" terminated with exit code 2. Build might be incomplete.
