../Amscreen/Framework/Drivers/Src/internal_flash_driver.c:332:13:flash_busy	16	static
../Amscreen/Framework/Drivers/Src/internal_flash_driver.c:355:13:eop_flag	16	static
../Amscreen/Framework/Drivers/Src/internal_flash_driver.c:379:26:is_flash_ready	8	static
../Amscreen/Framework/Drivers/Src/internal_flash_driver.c:38:19:flash_driver_init	0	static
../Amscreen/Framework/Drivers/Src/internal_flash_driver.c:69:19:flash_driver_erase	32	static
../Amscreen/Framework/Drivers/Src/internal_flash_driver.c:116:19:flash_driver_write_data	24	static
../Amscreen/Framework/Drivers/Src/internal_flash_driver.c:179:19:flash_driver_write_data_option_bytes	40	static
../Amscreen/Framework/Drivers/Src/internal_flash_driver.c:247:19:flash_driver_read_data	24	static
../Amscreen/Framework/Drivers/Src/internal_flash_driver.c:307:10:get_page	0	static
